Script started on 2025-10-16 20:01:29+08:00 [TERM="xterm-256color" TTY="/dev/pts/8" COLUMNS="175" LINES="22"]
(base) ]0;lx@lx-ThinkStation-P920: ~/lu/Ramp/Mix[01;32mlx@lx-ThinkStation-P920[00m:[01;34m~/lu/Ramp/Mix[00m$ conda activate TSTL[K[KL
(TSL) ]0;lx@lx-ThinkStation-P920: ~/lu/Ramp/Mix[01;32mlx@lx-ThinkStation-P920[00m:[01;34m~/lu/Ramp/Mix[00m$ sh ./scripts/Test[K[K[KESET.S[K[K[K[KT.SH
sh: 0: Can't open ./scripts/TEST.SH
(TSL) ]0;lx@lx-ThinkStation-P920: ~/lu/Ramp/Mix[01;32mlx@lx-ThinkStation-P920[00m:[01;34m~/lu/Ramp/Mix[00m$ sh ./scripts/TEST.SH[K[Ksh
Using GPU
Args in experiment:
Use GPU: cuda:0
>>>>>>>start training : MixRamp_NSW1_30min_48_3_PatchTST_3dConv_self_Pcgrad_NSW1_30min_ftM_sl48_ll12_pl3_dm256_nh8_el2_dl1_df512_expand2_dc4_fc3_ebtimeF_dtTrue_Exp_0>>>>>>>>>>>>>>>>>>>>>>>>>>
Number of train samples:  52114 14889 7446
train 52064
Number of train samples:  52114 14889 7446
val 7444
Number of train samples:  52114 14889 7446
test 14887
iters: 10, epoch: 1 | loss_all: 1.9672406 
Con_forecasting_loss = 0.829877
Dis_forecasting_loss = 1.137363
Dis_forecasting_acc = 19.531250
	speed: 0.1003s/iter; left time: 8164.2607s
iters: 20, epoch: 1 | loss_all: 1.9973364 
Con_forecasting_loss = 0.873383
Dis_forecasting_loss = 1.123953
Dis_forecasting_acc = 22.482639
	speed: 0.0358s/iter; left time: 2910.6461s
iters: 30, epoch: 1 | loss_all: 1.8708394 
Con_forecasting_loss = 0.760614
Dis_forecasting_loss = 1.110225
Dis_forecasting_acc = 26.909723
	speed: 0.0352s/iter; left time: 2863.3299s
iters: 40, epoch: 1 | loss_all: 1.8361582 
Con_forecasting_loss = 0.743774
Dis_forecasting_loss = 1.092384
Dis_forecasting_acc = 33.709492
	speed: 0.0354s/iter; left time: 2879.9862s
iters: 50, epoch: 1 | loss_all: 1.8225899 
Con_forecasting_loss = 0.749494
Dis_forecasting_loss = 1.073096
Dis_forecasting_acc = 55.381947
	speed: 0.0353s/iter; left time: 2873.5420s
iters: 60, epoch: 1 | loss_all: 1.7641976 
Con_forecasting_loss = 0.718324
Dis_forecasting_loss = 1.045874
Dis_forecasting_acc = 59.693291
	speed: 0.0367s/iter; left time: 2985.3416s
iters: 70, epoch: 1 | loss_all: 1.6956917 
Con_forecasting_loss = 0.654066
Dis_forecasting_loss = 1.041625
Dis_forecasting_acc = 57.060188
	speed: 0.0352s/iter; left time: 2860.8345s
iters: 80, epoch: 1 | loss_all: 1.7265580 
Con_forecasting_loss = 0.697169
Dis_forecasting_loss = 1.029389
Dis_forecasting_acc = 59.346069
	speed: 0.0355s/iter; left time: 2883.5376s
iters: 90, epoch: 1 | loss_all: 1.6748621 
Con_forecasting_loss = 0.663824
Dis_forecasting_loss = 1.011038
Dis_forecasting_acc = 61.747688
	speed: 0.0354s/iter; left time: 2879.5151s
iters: 100, epoch: 1 | loss_all: 1.7143240 
Con_forecasting_loss = 0.735155
Dis_forecasting_loss = 0.979169
Dis_forecasting_acc = 65.306709
	speed: 0.0355s/iter; left time: 2887.6491s
iters: 110, epoch: 1 | loss_all: 1.6827698 
Con_forecasting_loss = 0.704576
Dis_forecasting_loss = 0.978194
Dis_forecasting_acc = 64.091438
	speed: 0.0366s/iter; left time: 2973.6725s
iters: 120, epoch: 1 | loss_all: 1.6384158 
Con_forecasting_loss = 0.686046
Dis_forecasting_loss = 0.952370
Dis_forecasting_acc = 64.785881
	speed: 0.0371s/iter; left time: 3013.2407s
iters: 130, epoch: 1 | loss_all: 1.5530992 
Con_forecasting_loss = 0.646698
Dis_forecasting_loss = 0.906401
Dis_forecasting_acc = 66.637733
	speed: 0.0371s/iter; left time: 3011.4536s
iters: 140, epoch: 1 | loss_all: 1.6111763 
Con_forecasting_loss = 0.706959
Dis_forecasting_loss = 0.904217
Dis_forecasting_acc = 65.943291
	speed: 0.0353s/iter; left time: 2872.2383s
iters: 150, epoch: 1 | loss_all: 1.5876735 
Con_forecasting_loss = 0.702705
Dis_forecasting_loss = 0.884968
Dis_forecasting_acc = 66.348381
	speed: 0.0354s/iter; left time: 2873.0007s
iters: 160, epoch: 1 | loss_all: 1.5821563 
Con_forecasting_loss = 0.706624
Dis_forecasting_loss = 0.875532
Dis_forecasting_acc = 67.534721
	speed: 0.0351s/iter; left time: 2853.6167s
iters: 170, epoch: 1 | loss_all: 1.5433030 
Con_forecasting_loss = 0.677053
Dis_forecasting_loss = 0.866250
Dis_forecasting_acc = 70.515045
	speed: 0.0355s/iter; left time: 2882.9047s
iters: 180, epoch: 1 | loss_all: 1.4405193 
Con_forecasting_loss = 0.612936
Dis_forecasting_loss = 0.827584
Dis_forecasting_acc = 70.399307
	speed: 0.0354s/iter; left time: 2877.9700s
iters: 190, epoch: 1 | loss_all: 1.5095513 
Con_forecasting_loss = 0.671678
Dis_forecasting_loss = 0.837873
Dis_forecasting_acc = 66.637733
	speed: 0.0354s/iter; left time: 2878.8181s
iters: 200, epoch: 1 | loss_all: 1.5230622 
Con_forecasting_loss = 0.713241
Dis_forecasting_loss = 0.809821
Dis_forecasting_acc = 70.167824
	speed: 0.0352s/iter; left time: 2858.9470s
iters: 210, epoch: 1 | loss_all: 1.4301391 
Con_forecasting_loss = 0.613254
Dis_forecasting_loss = 0.816885
Dis_forecasting_acc = 68.836807
	speed: 0.0353s/iter; left time: 2865.5036s
iters: 220, epoch: 1 | loss_all: 1.4320452 
Con_forecasting_loss = 0.622816
Dis_forecasting_loss = 0.809230
Dis_forecasting_acc = 69.126160
	speed: 0.0353s/iter; left time: 2865.0868s
iters: 230, epoch: 1 | loss_all: 1.4250304 
Con_forecasting_loss = 0.666377
Dis_forecasting_loss = 0.758653
Dis_forecasting_acc = 72.945602
	speed: 0.0354s/iter; left time: 2873.8760s
iters: 240, epoch: 1 | loss_all: 1.4425740 
Con_forecasting_loss = 0.634151
Dis_forecasting_loss = 0.808423
Dis_forecasting_acc = 68.055557
	speed: 0.0353s/iter; left time: 2868.0458s
iters: 250, epoch: 1 | loss_all: 1.4548247 
Con_forecasting_loss = 0.666086
Dis_forecasting_loss = 0.788738
Dis_forecasting_acc = 71.035881
	speed: 0.0352s/iter; left time: 2855.3408s
iters: 260, epoch: 1 | loss_all: 1.4023846 
Con_forecasting_loss = 0.705231
Dis_forecasting_loss = 0.697154
Dis_forecasting_acc = 77.980331
	speed: 0.0354s/iter; left time: 2868.5269s
iters: 270, epoch: 1 | loss_all: 1.4581823 
Con_forecasting_loss = 0.716839
Dis_forecasting_loss = 0.741343
Dis_forecasting_acc = 74.797455
	speed: 0.0351s/iter; left time: 2849.7684s
iters: 280, epoch: 1 | loss_all: 1.5212706 
Con_forecasting_loss = 0.761791
Dis_forecasting_loss = 0.759479
Dis_forecasting_acc = 71.585648
	speed: 0.0351s/iter; left time: 2845.2531s
iters: 290, epoch: 1 | loss_all: 1.4799414 
Con_forecasting_loss = 0.706912
Dis_forecasting_loss = 0.773029
Dis_forecasting_acc = 68.576393
	speed: 0.0352s/iter; left time: 2858.3850s
iters: 300, epoch: 1 | loss_all: 1.4374826 
Con_forecasting_loss = 0.687051
Dis_forecasting_loss = 0.750432
Dis_forecasting_acc = 71.556709
	speed: 0.0352s/iter; left time: 2852.9956s
iters: 310, epoch: 1 | loss_all: 1.4374242 
Con_forecasting_loss = 0.733119
Dis_forecasting_loss = 0.704305
Dis_forecasting_acc = 74.710648
	speed: 0.0350s/iter; left time: 2839.7908s
iters: 320, epoch: 1 | loss_all: 1.4708676 
Con_forecasting_loss = 0.708537
Dis_forecasting_loss = 0.762331
Dis_forecasting_acc = 70.312500
	speed: 0.0353s/iter; left time: 2861.9712s
iters: 330, epoch: 1 | loss_all: 1.3745978 
Con_forecasting_loss = 0.673746
Dis_forecasting_loss = 0.700851
Dis_forecasting_acc = 72.135422
	speed: 0.0351s/iter; left time: 2843.8531s
iters: 340, epoch: 1 | loss_all: 1.3507423 
Con_forecasting_loss = 0.656399
Dis_forecasting_loss = 0.694343
Dis_forecasting_acc = 74.160881
	speed: 0.0358s/iter; left time: 2902.5137s
iters: 350, epoch: 1 | loss_all: 1.4563028 
Con_forecasting_loss = 0.714911
Dis_forecasting_loss = 0.741392
Dis_forecasting_acc = 70.601852
	speed: 0.0352s/iter; left time: 2855.9788s
iters: 360, epoch: 1 | loss_all: 1.3276697 
Con_forecasting_loss = 0.644517
Dis_forecasting_loss = 0.683153
Dis_forecasting_acc = 74.276619
	speed: 0.0351s/iter; left time: 2844.7271s
iters: 370, epoch: 1 | loss_all: 1.3446971 
Con_forecasting_loss = 0.664344
Dis_forecasting_loss = 0.680354
Dis_forecasting_acc = 74.218750
	speed: 0.0353s/iter; left time: 2858.5043s
iters: 380, epoch: 1 | loss_all: 1.3968695 
Con_forecasting_loss = 0.700024
Dis_forecasting_loss = 0.696845
Dis_forecasting_acc = 73.003471
	speed: 0.0352s/iter; left time: 2852.9437s
iters: 390, epoch: 1 | loss_all: 1.3572112 
Con_forecasting_loss = 0.662764
Dis_forecasting_loss = 0.694447
Dis_forecasting_acc = 73.987267
	speed: 0.0361s/iter; left time: 2924.7332s
iters: 400, epoch: 1 | loss_all: 1.3356826 
Con_forecasting_loss = 0.636823
Dis_forecasting_loss = 0.698859
Dis_forecasting_acc = 72.164352
	speed: 0.0350s/iter; left time: 2838.1879s
Epoch: 1 cost time: 15.133491039276123
Epoch: 1, Steps: 407 | Train Loss: 1.56166 Vali Loss: 0.63130 Test Loss: 0.64661 
Validation loss decreased (inf --> 0.631302).  Saving model ...
Updating learning rate to 0.0001
iters: 10, epoch: 2 | loss_all: 1.4247636 
Con_forecasting_loss = 0.678441
Dis_forecasting_loss = 0.746322
Dis_forecasting_acc = 69.618057
	speed: 0.2832s/iter; left time: 22936.7658s
iters: 20, epoch: 2 | loss_all: 1.4206517 
Con_forecasting_loss = 0.717712
Dis_forecasting_loss = 0.702940
Dis_forecasting_acc = 71.412041
	speed: 0.0377s/iter; left time: 3055.2419s
iters: 30, epoch: 2 | loss_all: 1.3711253 
Con_forecasting_loss = 0.682516
Dis_forecasting_loss = 0.688609
Dis_forecasting_acc = 72.019676
	speed: 0.0404s/iter; left time: 3271.9517s
iters: 40, epoch: 2 | loss_all: 1.3439509 
Con_forecasting_loss = 0.655771
Dis_forecasting_loss = 0.688180
Dis_forecasting_acc = 72.916672
	speed: 0.0352s/iter; left time: 2845.7785s
iters: 50, epoch: 2 | loss_all: 1.3569388 
Con_forecasting_loss = 0.707955
Dis_forecasting_loss = 0.648984
Dis_forecasting_acc = 75.144676
	speed: 0.0349s/iter; left time: 2827.0142s
iters: 60, epoch: 2 | loss_all: 1.3545630 
Con_forecasting_loss = 0.666480
Dis_forecasting_loss = 0.688083
Dis_forecasting_acc = 72.800926
	speed: 0.0352s/iter; left time: 2847.3659s
iters: 70, epoch: 2 | loss_all: 1.3933303 
Con_forecasting_loss = 0.701177
Dis_forecasting_loss = 0.692154
Dis_forecasting_acc = 71.614578
	speed: 0.0352s/iter; left time: 2845.2005s
iters: 80, epoch: 2 | loss_all: 1.2935266 
Con_forecasting_loss = 0.620631
Dis_forecasting_loss = 0.672896
Dis_forecasting_acc = 73.119209
	speed: 0.0359s/iter; left time: 2906.0643s
iters: 90, epoch: 2 | loss_all: 1.3524551 
Con_forecasting_loss = 0.706527
Dis_forecasting_loss = 0.645928
Dis_forecasting_acc = 74.652779
	speed: 0.0356s/iter; left time: 2883.7871s
iters: 100, epoch: 2 | loss_all: 1.2928813 
Con_forecasting_loss = 0.670608
Dis_forecasting_loss = 0.622273
Dis_forecasting_acc = 76.707176
	speed: 0.0367s/iter; left time: 2970.2398s
iters: 110, epoch: 2 | loss_all: 1.3449684 
Con_forecasting_loss = 0.648880
Dis_forecasting_loss = 0.696088
Dis_forecasting_acc = 71.817131
	speed: 0.0364s/iter; left time: 2947.2445s
iters: 120, epoch: 2 | loss_all: 1.2812048 
Con_forecasting_loss = 0.648665
Dis_forecasting_loss = 0.632540
Dis_forecasting_acc = 76.388893
	speed: 0.0366s/iter; left time: 2961.2817s
iters: 130, epoch: 2 | loss_all: 1.2583692 
Con_forecasting_loss = 0.603231
Dis_forecasting_loss = 0.655138
Dis_forecasting_acc = 74.739578
	speed: 0.0361s/iter; left time: 2922.3624s
iters: 140, epoch: 2 | loss_all: 1.3422565 
Con_forecasting_loss = 0.664101
Dis_forecasting_loss = 0.678156
Dis_forecasting_acc = 73.813660
	speed: 0.0368s/iter; left time: 2973.5229s
iters: 150, epoch: 2 | loss_all: 1.3014035 
Con_forecasting_loss = 0.642732
Dis_forecasting_loss = 0.658672
Dis_forecasting_acc = 74.942131
	speed: 0.0373s/iter; left time: 3012.5218s
iters: 160, epoch: 2 | loss_all: 1.3323722 
Con_forecasting_loss = 0.678046
Dis_forecasting_loss = 0.654327
Dis_forecasting_acc = 75.173607
	speed: 0.0369s/iter; left time: 2980.3267s
iters: 170, epoch: 2 | loss_all: 1.3055604 
Con_forecasting_loss = 0.652095
Dis_forecasting_loss = 0.653466
Dis_forecasting_acc = 75.491898
	speed: 0.0365s/iter; left time: 2953.3134s
iters: 180, epoch: 2 | loss_all: 1.2834860 
Con_forecasting_loss = 0.651203
Dis_forecasting_loss = 0.632283
Dis_forecasting_acc = 75.983795
	speed: 0.0368s/iter; left time: 2969.9902s
iters: 190, epoch: 2 | loss_all: 1.2815074 
Con_forecasting_loss = 0.615738
Dis_forecasting_loss = 0.665769
Dis_forecasting_acc = 74.131950
	speed: 0.0367s/iter; left time: 2965.3304s
iters: 200, epoch: 2 | loss_all: 1.3118887 
Con_forecasting_loss = 0.658435
Dis_forecasting_loss = 0.653454
Dis_forecasting_acc = 76.302078
	speed: 0.0366s/iter; left time: 2953.8546s
iters: 210, epoch: 2 | loss_all: 1.3539054 
Con_forecasting_loss = 0.664860
Dis_forecasting_loss = 0.689045
Dis_forecasting_acc = 71.759262
	speed: 0.0365s/iter; left time: 2951.7998s
iters: 220, epoch: 2 | loss_all: 1.3037992 
Con_forecasting_loss = 0.660985
Dis_forecasting_loss = 0.642814
Dis_forecasting_acc = 76.070602
	speed: 0.0371s/iter; left time: 3000.5424s
iters: 230, epoch: 2 | loss_all: 1.3879261 
Con_forecasting_loss = 0.699654
Dis_forecasting_loss = 0.688273
Dis_forecasting_acc = 72.598381
	speed: 0.0407s/iter; left time: 3287.0299s
iters: 240, epoch: 2 | loss_all: 1.3283695 
Con_forecasting_loss = 0.646245
Dis_forecasting_loss = 0.682125
Dis_forecasting_acc = 74.016205
	speed: 0.0373s/iter; left time: 3009.1276s
iters: 250, epoch: 2 | loss_all: 1.3320254 
Con_forecasting_loss = 0.672002
Dis_forecasting_loss = 0.660023
Dis_forecasting_acc = 75.289352
	speed: 0.0388s/iter; left time: 3135.0734s
iters: 260, epoch: 2 | loss_all: 1.2958583 
Con_forecasting_loss = 0.635974
Dis_forecasting_loss = 0.659884
Dis_forecasting_acc = 75.173607
	speed: 0.0427s/iter; left time: 3445.7253s
iters: 270, epoch: 2 | loss_all: 1.2451458 
Con_forecasting_loss = 0.637622
Dis_forecasting_loss = 0.607524
Dis_forecasting_acc = 77.748840
	speed: 0.0426s/iter; left time: 3434.9114s
iters: 280, epoch: 2 | loss_all: 1.2575366 
Con_forecasting_loss = 0.646881
Dis_forecasting_loss = 0.610656
Dis_forecasting_acc = 77.256950
	speed: 0.0396s/iter; left time: 3197.5611s
iters: 290, epoch: 2 | loss_all: 1.3017275 
Con_forecasting_loss = 0.649180
Dis_forecasting_loss = 0.652548
Dis_forecasting_acc = 75.896988
	speed: 0.0396s/iter; left time: 3195.4447s
iters: 300, epoch: 2 | loss_all: 1.3299572 
Con_forecasting_loss = 0.699486
Dis_forecasting_loss = 0.630472
Dis_forecasting_acc = 76.388893
	speed: 0.0365s/iter; left time: 2949.2424s
iters: 310, epoch: 2 | loss_all: 1.3084056 
Con_forecasting_loss = 0.622004
Dis_forecasting_loss = 0.686402
Dis_forecasting_acc = 73.842590
	speed: 0.0390s/iter; left time: 3149.7816s
iters: 320, epoch: 2 | loss_all: 1.2455831 
Con_forecasting_loss = 0.635382
Dis_forecasting_loss = 0.610201
Dis_forecasting_acc = 79.658569
	speed: 0.0368s/iter; left time: 2972.5580s
iters: 330, epoch: 2 | loss_all: 1.2498696 
Con_forecasting_loss = 0.618422
Dis_forecasting_loss = 0.631447
Dis_forecasting_acc = 78.327545
	speed: 0.0380s/iter; left time: 3068.0523s
iters: 340, epoch: 2 | loss_all: 1.2785399 
Con_forecasting_loss = 0.674975
Dis_forecasting_loss = 0.603565
Dis_forecasting_acc = 78.501160
	speed: 0.0362s/iter; left time: 2918.7267s
iters: 350, epoch: 2 | loss_all: 1.2616911 
Con_forecasting_loss = 0.604215
Dis_forecasting_loss = 0.657476
Dis_forecasting_acc = 74.971069
	speed: 0.0386s/iter; left time: 3116.8339s
iters: 360, epoch: 2 | loss_all: 1.2348967 
Con_forecasting_loss = 0.609250
Dis_forecasting_loss = 0.625646
Dis_forecasting_acc = 76.678238
	speed: 0.0379s/iter; left time: 3055.0727s
iters: 370, epoch: 2 | loss_all: 1.2547737 
Con_forecasting_loss = 0.629351
Dis_forecasting_loss = 0.625423
Dis_forecasting_acc = 77.488426
	speed: 0.0367s/iter; left time: 2955.9030s
iters: 380, epoch: 2 | loss_all: 1.2072723 
Con_forecasting_loss = 0.595082
Dis_forecasting_loss = 0.612190
Dis_forecasting_acc = 77.517357
	speed: 0.0361s/iter; left time: 2907.6000s
iters: 390, epoch: 2 | loss_all: 1.2553523 
Con_forecasting_loss = 0.629301
Dis_forecasting_loss = 0.626051
Dis_forecasting_acc = 76.446762
	speed: 0.0419s/iter; left time: 3378.7232s
iters: 400, epoch: 2 | loss_all: 1.2586927 
Con_forecasting_loss = 0.626590
Dis_forecasting_loss = 0.632103
Dis_forecasting_acc = 77.285881
	speed: 0.0363s/iter; left time: 2923.8648s
Epoch: 2 cost time: 15.485450983047485
Epoch: 2, Steps: 407 | Train Loss: 1.29814 Vali Loss: 0.57122 Test Loss: 0.58414 
Validation loss decreased (0.631302 --> 0.571215).  Saving model ...
Updating learning rate to 5e-05
iters: 10, epoch: 3 | loss_all: 1.1930126 
Con_forecasting_loss = 0.599151
Dis_forecasting_loss = 0.593862
Dis_forecasting_acc = 79.311340
	speed: 0.2835s/iter; left time: 22843.2897s
iters: 20, epoch: 3 | loss_all: 1.2346649 
Con_forecasting_loss = 0.589390
Dis_forecasting_loss = 0.645275
Dis_forecasting_acc = 76.099541
	speed: 0.0362s/iter; left time: 2918.9341s
iters: 30, epoch: 3 | loss_all: 1.1970034 
Con_forecasting_loss = 0.590792
Dis_forecasting_loss = 0.606212
Dis_forecasting_acc = 79.484955
	speed: 0.0370s/iter; left time: 2977.6714s
iters: 40, epoch: 3 | loss_all: 1.2450001 
Con_forecasting_loss = 0.615572
Dis_forecasting_loss = 0.629428
Dis_forecasting_acc = 77.864578
	speed: 0.0375s/iter; left time: 3020.3493s
iters: 50, epoch: 3 | loss_all: 1.2002411 
Con_forecasting_loss = 0.599814
Dis_forecasting_loss = 0.600427
Dis_forecasting_acc = 78.906250
	speed: 0.0368s/iter; left time: 2960.7011s
iters: 60, epoch: 3 | loss_all: 1.2484806 
Con_forecasting_loss = 0.648416
Dis_forecasting_loss = 0.600064
Dis_forecasting_acc = 79.571762
	speed: 0.0367s/iter; left time: 2953.7117s
iters: 70, epoch: 3 | loss_all: 1.2362401 
Con_forecasting_loss = 0.657300
Dis_forecasting_loss = 0.578940
Dis_forecasting_acc = 79.861107
	speed: 0.0372s/iter; left time: 2991.5753s
iters: 80, epoch: 3 | loss_all: 1.2214462 
Con_forecasting_loss = 0.572596
Dis_forecasting_loss = 0.648850
Dis_forecasting_acc = 76.707176
	speed: 0.0366s/iter; left time: 2947.4789s
iters: 90, epoch: 3 | loss_all: 1.2849513 
Con_forecasting_loss = 0.623174
Dis_forecasting_loss = 0.661777
Dis_forecasting_acc = 76.359955
	speed: 0.0370s/iter; left time: 2977.5801s
iters: 100, epoch: 3 | loss_all: 1.2432311 
Con_forecasting_loss = 0.661070
Dis_forecasting_loss = 0.582161
Dis_forecasting_acc = 79.687500
	speed: 0.0367s/iter; left time: 2956.8539s
iters: 110, epoch: 3 | loss_all: 1.1875598 
Con_forecasting_loss = 0.583575
Dis_forecasting_loss = 0.603985
Dis_forecasting_acc = 78.993057
	speed: 0.0390s/iter; left time: 3135.3554s
iters: 120, epoch: 3 | loss_all: 1.1327381 
Con_forecasting_loss = 0.576628
Dis_forecasting_loss = 0.556110
Dis_forecasting_acc = 80.815971
	speed: 0.0423s/iter; left time: 3406.2988s
iters: 130, epoch: 3 | loss_all: 1.3356271 
Con_forecasting_loss = 0.657057
Dis_forecasting_loss = 0.678570
Dis_forecasting_acc = 75.491898
	speed: 0.0374s/iter; left time: 3006.4759s
iters: 140, epoch: 3 | loss_all: 1.2247775 
Con_forecasting_loss = 0.598440
Dis_forecasting_loss = 0.626338
Dis_forecasting_acc = 77.170143
	speed: 0.0367s/iter; left time: 2955.2386s
iters: 150, epoch: 3 | loss_all: 1.1667333 
Con_forecasting_loss = 0.542801
Dis_forecasting_loss = 0.623932
Dis_forecasting_acc = 78.125000
	speed: 0.0370s/iter; left time: 2974.5514s
iters: 160, epoch: 3 | loss_all: 1.1948699 
Con_forecasting_loss = 0.556378
Dis_forecasting_loss = 0.638491
Dis_forecasting_acc = 77.922455
	speed: 0.0373s/iter; left time: 2997.5620s
iters: 170, epoch: 3 | loss_all: 1.2031257 
Con_forecasting_loss = 0.569548
Dis_forecasting_loss = 0.633578
Dis_forecasting_acc = 77.835648
	speed: 0.0371s/iter; left time: 2984.1882s
iters: 180, epoch: 3 | loss_all: 1.2343171 
Con_forecasting_loss = 0.625604
Dis_forecasting_loss = 0.608714
Dis_forecasting_acc = 78.703705
	speed: 0.0368s/iter; left time: 2961.4048s
iters: 190, epoch: 3 | loss_all: 1.2201312 
Con_forecasting_loss = 0.576344
Dis_forecasting_loss = 0.643787
Dis_forecasting_acc = 77.401619
	speed: 0.0366s/iter; left time: 2944.9775s
iters: 200, epoch: 3 | loss_all: 1.1855226 
Con_forecasting_loss = 0.567720
Dis_forecasting_loss = 0.617803
Dis_forecasting_acc = 79.021988
	speed: 0.0371s/iter; left time: 2983.6595s
iters: 210, epoch: 3 | loss_all: 1.2408688 
Con_forecasting_loss = 0.654852
Dis_forecasting_loss = 0.586017
Dis_forecasting_acc = 79.890045
	speed: 0.0365s/iter; left time: 2934.1247s
iters: 220, epoch: 3 | loss_all: 1.1811879 
Con_forecasting_loss = 0.587224
Dis_forecasting_loss = 0.593964
Dis_forecasting_acc = 78.819450
	speed: 0.0373s/iter; left time: 2999.1427s
iters: 230, epoch: 3 | loss_all: 1.2161390 
Con_forecasting_loss = 0.621695
Dis_forecasting_loss = 0.594444
Dis_forecasting_acc = 79.687500
	speed: 0.0370s/iter; left time: 2974.5818s
iters: 240, epoch: 3 | loss_all: 1.2461476 
Con_forecasting_loss = 0.592204
Dis_forecasting_loss = 0.653944
Dis_forecasting_acc = 75.144676
	speed: 0.0362s/iter; left time: 2910.3294s
iters: 250, epoch: 3 | loss_all: 1.2263428 
Con_forecasting_loss = 0.650186
Dis_forecasting_loss = 0.576157
Dis_forecasting_acc = 80.642357
	speed: 0.0354s/iter; left time: 2846.2788s
iters: 260, epoch: 3 | loss_all: 1.1734577 
Con_forecasting_loss = 0.598997
Dis_forecasting_loss = 0.574461
Dis_forecasting_acc = 80.005791
	speed: 0.0360s/iter; left time: 2890.2678s
iters: 270, epoch: 3 | loss_all: 1.2032148 
Con_forecasting_loss = 0.604880
Dis_forecasting_loss = 0.598335
Dis_forecasting_acc = 79.108795
	speed: 0.0372s/iter; left time: 2991.2850s
iters: 280, epoch: 3 | loss_all: 1.1980188 
Con_forecasting_loss = 0.590151
Dis_forecasting_loss = 0.607867
Dis_forecasting_acc = 79.224541
	speed: 0.0361s/iter; left time: 2896.7684s
iters: 290, epoch: 3 | loss_all: 1.1470017 
Con_forecasting_loss = 0.566872
Dis_forecasting_loss = 0.580129
Dis_forecasting_acc = 80.902779
	speed: 0.0353s/iter; left time: 2837.2881s
iters: 300, epoch: 3 | loss_all: 1.2281260 
Con_forecasting_loss = 0.584453
Dis_forecasting_loss = 0.643673
Dis_forecasting_acc = 76.967590
	speed: 0.0355s/iter; left time: 2846.6244s
iters: 310, epoch: 3 | loss_all: 1.1897711 
Con_forecasting_loss = 0.606162
Dis_forecasting_loss = 0.583609
Dis_forecasting_acc = 80.353012
	speed: 0.0363s/iter; left time: 2914.0525s
iters: 320, epoch: 3 | loss_all: 1.1313663 
Con_forecasting_loss = 0.556013
Dis_forecasting_loss = 0.575353
Dis_forecasting_acc = 79.947922
	speed: 0.0369s/iter; left time: 2960.6138s
iters: 330, epoch: 3 | loss_all: 1.1563301 
Con_forecasting_loss = 0.555924
Dis_forecasting_loss = 0.600406
Dis_forecasting_acc = 78.674767
	speed: 0.0370s/iter; left time: 2970.3959s
iters: 340, epoch: 3 | loss_all: 1.1720753 
Con_forecasting_loss = 0.579267
Dis_forecasting_loss = 0.592808
Dis_forecasting_acc = 80.063660
	speed: 0.0370s/iter; left time: 2968.7746s
iters: 350, epoch: 3 | loss_all: 1.1611414 
Con_forecasting_loss = 0.570107
Dis_forecasting_loss = 0.591035
Dis_forecasting_acc = 79.716438
	speed: 0.0369s/iter; left time: 2961.6326s
iters: 360, epoch: 3 | loss_all: 1.1952078 
Con_forecasting_loss = 0.605764
Dis_forecasting_loss = 0.589443
Dis_forecasting_acc = 79.745369
	speed: 0.0369s/iter; left time: 2960.9747s
iters: 370, epoch: 3 | loss_all: 1.1684732 
Con_forecasting_loss = 0.606905
Dis_forecasting_loss = 0.561568
Dis_forecasting_acc = 81.047455
	speed: 0.0367s/iter; left time: 2943.5956s
iters: 380, epoch: 3 | loss_all: 1.2046767 
Con_forecasting_loss = 0.603488
Dis_forecasting_loss = 0.601188
Dis_forecasting_acc = 78.993057
	speed: 0.0360s/iter; left time: 2884.5579s
iters: 390, epoch: 3 | loss_all: 1.2532103 
Con_forecasting_loss = 0.637761
Dis_forecasting_loss = 0.615450
Dis_forecasting_acc = 78.211807
	speed: 0.0359s/iter; left time: 2879.9497s
iters: 400, epoch: 3 | loss_all: 1.1654781 
Con_forecasting_loss = 0.563535
Dis_forecasting_loss = 0.601943
Dis_forecasting_acc = 78.993057
	speed: 0.0351s/iter; left time: 2817.9596s
Epoch: 3 cost time: 15.24794316291809
Epoch: 3, Steps: 407 | Train Loss: 1.20468 Vali Loss: 0.52360 Test Loss: 0.53537 
Validation loss decreased (0.571215 --> 0.523596).  Saving model ...
Updating learning rate to 2.5e-05
iters: 10, epoch: 4 | loss_all: 1.1383206 
Con_forecasting_loss = 0.577660
Dis_forecasting_loss = 0.560661
Dis_forecasting_acc = 80.902779
	speed: 0.2630s/iter; left time: 21084.6574s
iters: 20, epoch: 4 | loss_all: 1.1688880 
Con_forecasting_loss = 0.574880
Dis_forecasting_loss = 0.594008
Dis_forecasting_acc = 79.195602
	speed: 0.0346s/iter; left time: 2776.0507s
iters: 30, epoch: 4 | loss_all: 1.1947949 
Con_forecasting_loss = 0.606647
Dis_forecasting_loss = 0.588148
Dis_forecasting_acc = 80.005791
	speed: 0.0351s/iter; left time: 2813.8656s
iters: 40, epoch: 4 | loss_all: 1.1695162 
Con_forecasting_loss = 0.607059
Dis_forecasting_loss = 0.562457
Dis_forecasting_acc = 80.613426
	speed: 0.0352s/iter; left time: 2818.8950s
iters: 50, epoch: 4 | loss_all: 1.1981978 
Con_forecasting_loss = 0.604718
Dis_forecasting_loss = 0.593480
Dis_forecasting_acc = 78.993057
	speed: 0.0354s/iter; left time: 2839.8562s
iters: 60, epoch: 4 | loss_all: 1.1335870 
Con_forecasting_loss = 0.568838
Dis_forecasting_loss = 0.564749
Dis_forecasting_acc = 81.192131
	speed: 0.0354s/iter; left time: 2837.5840s
iters: 70, epoch: 4 | loss_all: 1.1407160 
Con_forecasting_loss = 0.561963
Dis_forecasting_loss = 0.578752
Dis_forecasting_acc = 80.324081
	speed: 0.0353s/iter; left time: 2828.2568s
iters: 80, epoch: 4 | loss_all: 1.1710765 
Con_forecasting_loss = 0.607008
Dis_forecasting_loss = 0.564069
Dis_forecasting_acc = 81.365738
	speed: 0.0353s/iter; left time: 2830.2317s
iters: 90, epoch: 4 | loss_all: 1.1823432 
Con_forecasting_loss = 0.576564
Dis_forecasting_loss = 0.605779
Dis_forecasting_acc = 78.761581
	speed: 0.0352s/iter; left time: 2820.0540s
iters: 100, epoch: 4 | loss_all: 1.1617701 
Con_forecasting_loss = 0.577786
Dis_forecasting_loss = 0.583984
Dis_forecasting_acc = 80.613426
	speed: 0.0353s/iter; left time: 2829.4639s
iters: 110, epoch: 4 | loss_all: 1.1629045 
Con_forecasting_loss = 0.571706
Dis_forecasting_loss = 0.591199
Dis_forecasting_acc = 80.353012
	speed: 0.0354s/iter; left time: 2835.8971s
iters: 120, epoch: 4 | loss_all: 1.1560985 
Con_forecasting_loss = 0.538176
Dis_forecasting_loss = 0.617922
Dis_forecasting_acc = 77.633102
	speed: 0.0351s/iter; left time: 2812.4505s
iters: 130, epoch: 4 | loss_all: 1.1635168 
Con_forecasting_loss = 0.615567
Dis_forecasting_loss = 0.547949
Dis_forecasting_acc = 82.262733
	speed: 0.0360s/iter; left time: 2885.4769s
iters: 140, epoch: 4 | loss_all: 1.1800983 
Con_forecasting_loss = 0.581778
Dis_forecasting_loss = 0.598321
Dis_forecasting_acc = 78.993057
	speed: 0.0359s/iter; left time: 2873.7468s
iters: 150, epoch: 4 | loss_all: 1.1799214 
Con_forecasting_loss = 0.553376
Dis_forecasting_loss = 0.626546
Dis_forecasting_acc = 78.674767
	speed: 0.0354s/iter; left time: 2835.2742s
iters: 160, epoch: 4 | loss_all: 1.1568091 
Con_forecasting_loss = 0.546920
Dis_forecasting_loss = 0.609889
Dis_forecasting_acc = 79.340279
	speed: 0.0355s/iter; left time: 2844.1576s
iters: 170, epoch: 4 | loss_all: 1.1355431 
Con_forecasting_loss = 0.574843
Dis_forecasting_loss = 0.560700
Dis_forecasting_acc = 81.828705
	speed: 0.0353s/iter; left time: 2828.0951s
iters: 180, epoch: 4 | loss_all: 1.1342196 
Con_forecasting_loss = 0.553045
Dis_forecasting_loss = 0.581174
Dis_forecasting_acc = 80.063660
	speed: 0.0354s/iter; left time: 2831.4056s
iters: 190, epoch: 4 | loss_all: 1.1990752 
Con_forecasting_loss = 0.616691
Dis_forecasting_loss = 0.582384
Dis_forecasting_acc = 81.105331
	speed: 0.0354s/iter; left time: 2835.3484s
iters: 200, epoch: 4 | loss_all: 1.1771240 
Con_forecasting_loss = 0.561631
Dis_forecasting_loss = 0.615493
Dis_forecasting_acc = 78.935188
	speed: 0.0355s/iter; left time: 2837.7704s
iters: 210, epoch: 4 | loss_all: 1.1322130 
Con_forecasting_loss = 0.557551
Dis_forecasting_loss = 0.574662
Dis_forecasting_acc = 81.047455
	speed: 0.0357s/iter; left time: 2856.7545s
iters: 220, epoch: 4 | loss_all: 1.2324512 
Con_forecasting_loss = 0.628163
Dis_forecasting_loss = 0.604289
Dis_forecasting_acc = 79.166672
	speed: 0.0356s/iter; left time: 2842.9649s
iters: 230, epoch: 4 | loss_all: 1.1945872 
Con_forecasting_loss = 0.624343
Dis_forecasting_loss = 0.570245
Dis_forecasting_acc = 81.741898
	speed: 0.0356s/iter; left time: 2843.8254s
iters: 240, epoch: 4 | loss_all: 1.1729010 
Con_forecasting_loss = 0.565040
Dis_forecasting_loss = 0.607861
Dis_forecasting_acc = 79.745369
	speed: 0.0358s/iter; left time: 2862.7214s
iters: 250, epoch: 4 | loss_all: 1.1485499 
Con_forecasting_loss = 0.567061
Dis_forecasting_loss = 0.581489
Dis_forecasting_acc = 80.844910
	speed: 0.0355s/iter; left time: 2838.4318s
iters: 260, epoch: 4 | loss_all: 1.1742288 
Con_forecasting_loss = 0.606142
Dis_forecasting_loss = 0.568087
Dis_forecasting_acc = 81.973381
	speed: 0.0359s/iter; left time: 2866.0428s
iters: 270, epoch: 4 | loss_all: 1.2123091 
Con_forecasting_loss = 0.607929
Dis_forecasting_loss = 0.604380
Dis_forecasting_acc = 79.369209
	speed: 0.0357s/iter; left time: 2854.7484s
iters: 280, epoch: 4 | loss_all: 1.0415983 
Con_forecasting_loss = 0.529403
Dis_forecasting_loss = 0.512195
Dis_forecasting_acc = 83.564819
	speed: 0.0355s/iter; left time: 2840.0448s
iters: 290, epoch: 4 | loss_all: 1.0953214 
Con_forecasting_loss = 0.575512
Dis_forecasting_loss = 0.519810
Dis_forecasting_acc = 83.188660
	speed: 0.0354s/iter; left time: 2825.0839s
iters: 300, epoch: 4 | loss_all: 1.1681547 
Con_forecasting_loss = 0.629107
Dis_forecasting_loss = 0.539048
Dis_forecasting_acc = 82.436340
	speed: 0.0354s/iter; left time: 2830.3238s
iters: 310, epoch: 4 | loss_all: 1.1695942 
Con_forecasting_loss = 0.627948
Dis_forecasting_loss = 0.541646
Dis_forecasting_acc = 81.915512
	speed: 0.0354s/iter; left time: 2829.6343s
iters: 320, epoch: 4 | loss_all: 1.1278791 
Con_forecasting_loss = 0.547102
Dis_forecasting_loss = 0.580777
Dis_forecasting_acc = 80.584488
	speed: 0.0356s/iter; left time: 2845.0833s
iters: 330, epoch: 4 | loss_all: 1.1092412 
Con_forecasting_loss = 0.552759
Dis_forecasting_loss = 0.556482
Dis_forecasting_acc = 82.581017
	speed: 0.0354s/iter; left time: 2829.5502s
iters: 340, epoch: 4 | loss_all: 1.1378632 
Con_forecasting_loss = 0.559641
Dis_forecasting_loss = 0.578222
Dis_forecasting_acc = 80.960648
	speed: 0.0355s/iter; left time: 2834.3982s
iters: 350, epoch: 4 | loss_all: 1.1024712 
Con_forecasting_loss = 0.573965
Dis_forecasting_loss = 0.528507
Dis_forecasting_acc = 82.870369
	speed: 0.0358s/iter; left time: 2855.1374s
iters: 360, epoch: 4 | loss_all: 1.1710901 
Con_forecasting_loss = 0.622364
Dis_forecasting_loss = 0.548726
Dis_forecasting_acc = 82.494209
	speed: 0.0357s/iter; left time: 2851.6530s
iters: 370, epoch: 4 | loss_all: 1.1267262 
Con_forecasting_loss = 0.569196
Dis_forecasting_loss = 0.557530
Dis_forecasting_acc = 82.204857
	speed: 0.0360s/iter; left time: 2869.9320s
iters: 380, epoch: 4 | loss_all: 1.1249107 
Con_forecasting_loss = 0.540994
Dis_forecasting_loss = 0.583917
Dis_forecasting_acc = 79.745369
	speed: 0.0359s/iter; left time: 2861.1059s
iters: 390, epoch: 4 | loss_all: 1.1644418 
Con_forecasting_loss = 0.572064
Dis_forecasting_loss = 0.592378
Dis_forecasting_acc = 79.774307
	speed: 0.0361s/iter; left time: 2882.5767s
iters: 400, epoch: 4 | loss_all: 1.1361825 
Con_forecasting_loss = 0.553849
Dis_forecasting_loss = 0.582334
Dis_forecasting_acc = 81.076393
	speed: 0.0353s/iter; left time: 2818.2021s
Epoch: 4 cost time: 14.705870866775513
Epoch: 4, Steps: 407 | Train Loss: 1.16004 Vali Loss: 0.51143 Test Loss: 0.52305 
Validation loss decreased (0.523596 --> 0.511433).  Saving model ...
Updating learning rate to 1.25e-05
iters: 10, epoch: 5 | loss_all: 1.1124187 
Con_forecasting_loss = 0.560016
Dis_forecasting_loss = 0.552402
Dis_forecasting_acc = 81.973381
	speed: 0.2671s/iter; left time: 21304.3816s
iters: 20, epoch: 5 | loss_all: 1.1074457 
Con_forecasting_loss = 0.539172
Dis_forecasting_loss = 0.568273
Dis_forecasting_acc = 81.452545
	speed: 0.0342s/iter; left time: 2727.9444s
iters: 30, epoch: 5 | loss_all: 1.2060599 
Con_forecasting_loss = 0.584354
Dis_forecasting_loss = 0.621705
Dis_forecasting_acc = 78.385422
	speed: 0.0353s/iter; left time: 2817.6061s
iters: 40, epoch: 5 | loss_all: 1.0727134 
Con_forecasting_loss = 0.541148
Dis_forecasting_loss = 0.531565
Dis_forecasting_acc = 81.944450
	speed: 0.0353s/iter; left time: 2816.6977s
iters: 50, epoch: 5 | loss_all: 1.2290137 
Con_forecasting_loss = 0.617715
Dis_forecasting_loss = 0.611299
Dis_forecasting_acc = 78.616898
	speed: 0.0353s/iter; left time: 2811.8682s
iters: 60, epoch: 5 | loss_all: 1.1786575 
Con_forecasting_loss = 0.579970
Dis_forecasting_loss = 0.598687
Dis_forecasting_acc = 79.253471
	speed: 0.0351s/iter; left time: 2801.6081s
iters: 70, epoch: 5 | loss_all: 1.1438646 
Con_forecasting_loss = 0.577298
Dis_forecasting_loss = 0.566566
Dis_forecasting_acc = 80.671295
	speed: 0.0367s/iter; left time: 2923.9551s
iters: 80, epoch: 5 | loss_all: 1.1999067 
Con_forecasting_loss = 0.616281
Dis_forecasting_loss = 0.583625
Dis_forecasting_acc = 80.700233
	speed: 0.0385s/iter; left time: 3070.1831s
iters: 90, epoch: 5 | loss_all: 1.1562074 
Con_forecasting_loss = 0.575831
Dis_forecasting_loss = 0.580377
Dis_forecasting_acc = 79.976852
	speed: 0.0409s/iter; left time: 3257.0165s
iters: 100, epoch: 5 | loss_all: 1.1684295 
Con_forecasting_loss = 0.568745
Dis_forecasting_loss = 0.599685
Dis_forecasting_acc = 79.137733
	speed: 0.0440s/iter; left time: 3504.9495s
iters: 110, epoch: 5 | loss_all: 1.1746643 
Con_forecasting_loss = 0.619075
Dis_forecasting_loss = 0.555589
Dis_forecasting_acc = 80.960648
	speed: 0.0411s/iter; left time: 3270.8921s
iters: 120, epoch: 5 | loss_all: 1.1613770 
Con_forecasting_loss = 0.569775
Dis_forecasting_loss = 0.591602
Dis_forecasting_acc = 80.179398
	speed: 0.0435s/iter; left time: 3467.5543s
iters: 130, epoch: 5 | loss_all: 1.1776105 
Con_forecasting_loss = 0.576705
Dis_forecasting_loss = 0.600906
Dis_forecasting_acc = 79.745369
	speed: 0.0438s/iter; left time: 3484.6642s
iters: 140, epoch: 5 | loss_all: 1.1273336 
Con_forecasting_loss = 0.554108
Dis_forecasting_loss = 0.573226
Dis_forecasting_acc = 80.729172
	speed: 0.0415s/iter; left time: 3306.8652s
iters: 150, epoch: 5 | loss_all: 1.1365223 
Con_forecasting_loss = 0.532820
Dis_forecasting_loss = 0.603703
Dis_forecasting_acc = 79.369209
	speed: 0.0366s/iter; left time: 2913.6432s
iters: 160, epoch: 5 | loss_all: 1.1490000 
Con_forecasting_loss = 0.554191
Dis_forecasting_loss = 0.594809
Dis_forecasting_acc = 79.571762
	speed: 0.0370s/iter; left time: 2946.8285s
iters: 170, epoch: 5 | loss_all: 1.2300248 
Con_forecasting_loss = 0.606975
Dis_forecasting_loss = 0.623049
Dis_forecasting_acc = 78.414352
	speed: 0.0370s/iter; left time: 2943.0193s
iters: 180, epoch: 5 | loss_all: 1.1965923 
Con_forecasting_loss = 0.599497
Dis_forecasting_loss = 0.597095
Dis_forecasting_acc = 79.021988
	speed: 0.0371s/iter; left time: 2952.7887s
iters: 190, epoch: 5 | loss_all: 1.1962929 
Con_forecasting_loss = 0.616414
Dis_forecasting_loss = 0.579879
Dis_forecasting_acc = 80.700233
	speed: 0.0366s/iter; left time: 2910.9898s
iters: 200, epoch: 5 | loss_all: 1.1224489 
Con_forecasting_loss = 0.519246
Dis_forecasting_loss = 0.603203
Dis_forecasting_acc = 78.559029
	speed: 0.0363s/iter; left time: 2891.4740s
iters: 210, epoch: 5 | loss_all: 1.2049956 
Con_forecasting_loss = 0.602275
Dis_forecasting_loss = 0.602721
Dis_forecasting_acc = 80.005791
	speed: 0.0368s/iter; left time: 2931.2800s
iters: 220, epoch: 5 | loss_all: 1.1270536 
Con_forecasting_loss = 0.515917
Dis_forecasting_loss = 0.611136
Dis_forecasting_acc = 78.848381
	speed: 0.0368s/iter; left time: 2924.9237s
iters: 230, epoch: 5 | loss_all: 1.1222168 
Con_forecasting_loss = 0.562589
Dis_forecasting_loss = 0.559628
Dis_forecasting_acc = 82.060188
	speed: 0.0364s/iter; left time: 2891.5255s
iters: 240, epoch: 5 | loss_all: 1.1937056 
Con_forecasting_loss = 0.563565
Dis_forecasting_loss = 0.630141
Dis_forecasting_acc = 77.690971
	speed: 0.0372s/iter; left time: 2959.1432s
iters: 250, epoch: 5 | loss_all: 1.1451343 
Con_forecasting_loss = 0.547110
Dis_forecasting_loss = 0.598025
Dis_forecasting_acc = 80.092590
	speed: 0.0368s/iter; left time: 2929.6774s
iters: 260, epoch: 5 | loss_all: 1.0980453 
Con_forecasting_loss = 0.538883
Dis_forecasting_loss = 0.559163
Dis_forecasting_acc = 81.915512
	speed: 0.0376s/iter; left time: 2991.7148s
iters: 270, epoch: 5 | loss_all: 1.1491843 
Con_forecasting_loss = 0.551404
Dis_forecasting_loss = 0.597780
Dis_forecasting_acc = 78.732643
	speed: 0.0371s/iter; left time: 2949.7399s
iters: 280, epoch: 5 | loss_all: 1.1580113 
Con_forecasting_loss = 0.581896
Dis_forecasting_loss = 0.576115
Dis_forecasting_acc = 81.221069
	speed: 0.0372s/iter; left time: 2955.8450s
iters: 290, epoch: 5 | loss_all: 1.1643786 
Con_forecasting_loss = 0.583676
Dis_forecasting_loss = 0.580702
Dis_forecasting_acc = 80.960648
	speed: 0.0370s/iter; left time: 2942.6116s
iters: 300, epoch: 5 | loss_all: 1.1921477 
Con_forecasting_loss = 0.589992
Dis_forecasting_loss = 0.602156
Dis_forecasting_acc = 79.137733
	speed: 0.0370s/iter; left time: 2943.3328s
iters: 310, epoch: 5 | loss_all: 1.1145921 
Con_forecasting_loss = 0.564363
Dis_forecasting_loss = 0.550229
Dis_forecasting_acc = 81.915512
	speed: 0.0377s/iter; left time: 2997.5329s
iters: 320, epoch: 5 | loss_all: 1.1501497 
Con_forecasting_loss = 0.532523
Dis_forecasting_loss = 0.617627
Dis_forecasting_acc = 78.761581
	speed: 0.0365s/iter; left time: 2903.0977s
iters: 330, epoch: 5 | loss_all: 1.0696303 
Con_forecasting_loss = 0.548541
Dis_forecasting_loss = 0.521089
Dis_forecasting_acc = 83.101852
	speed: 0.0366s/iter; left time: 2905.0961s
iters: 340, epoch: 5 | loss_all: 1.1628182 
Con_forecasting_loss = 0.569660
Dis_forecasting_loss = 0.593158
Dis_forecasting_acc = 80.642357
	speed: 0.0369s/iter; left time: 2927.6817s
iters: 350, epoch: 5 | loss_all: 1.1658705 
Con_forecasting_loss = 0.607187
Dis_forecasting_loss = 0.558684
Dis_forecasting_acc = 81.568291
	speed: 0.0366s/iter; left time: 2909.4964s
iters: 360, epoch: 5 | loss_all: 1.1139095 
Con_forecasting_loss = 0.558403
Dis_forecasting_loss = 0.555506
Dis_forecasting_acc = 82.002319
	speed: 0.0372s/iter; left time: 2952.0145s
iters: 370, epoch: 5 | loss_all: 1.0918608 
Con_forecasting_loss = 0.529891
Dis_forecasting_loss = 0.561970
Dis_forecasting_acc = 81.307869
	speed: 0.0369s/iter; left time: 2932.6169s
iters: 380, epoch: 5 | loss_all: 1.1005130 
Con_forecasting_loss = 0.547549
Dis_forecasting_loss = 0.552964
Dis_forecasting_acc = 81.047455
	speed: 0.0365s/iter; left time: 2901.2385s
iters: 390, epoch: 5 | loss_all: 1.1640973 
Con_forecasting_loss = 0.592443
Dis_forecasting_loss = 0.571654
Dis_forecasting_acc = 80.353012
	speed: 0.0359s/iter; left time: 2847.5594s
iters: 400, epoch: 5 | loss_all: 1.1198040 
Con_forecasting_loss = 0.550346
Dis_forecasting_loss = 0.569458
Dis_forecasting_acc = 81.076393
	speed: 0.0351s/iter; left time: 2787.6809s
Epoch: 5 cost time: 15.464357137680054
Epoch: 5, Steps: 407 | Train Loss: 1.14286 Vali Loss: 0.50614 Test Loss: 0.51735 
Validation loss decreased (0.511433 --> 0.506140).  Saving model ...
Updating learning rate to 6.25e-06
iters: 10, epoch: 6 | loss_all: 1.1053916 
Con_forecasting_loss = 0.522861
Dis_forecasting_loss = 0.582530
Dis_forecasting_acc = 80.729172
	speed: 0.2690s/iter; left time: 21346.8931s
iters: 20, epoch: 6 | loss_all: 1.1384907 
Con_forecasting_loss = 0.569799
Dis_forecasting_loss = 0.568691
Dis_forecasting_acc = 80.295143
	speed: 0.0341s/iter; left time: 2706.0908s
iters: 30, epoch: 6 | loss_all: 1.1363218 
Con_forecasting_loss = 0.571216
Dis_forecasting_loss = 0.565105
Dis_forecasting_acc = 80.989578
	speed: 0.0352s/iter; left time: 2792.1713s
iters: 40, epoch: 6 | loss_all: 1.1677177 
Con_forecasting_loss = 0.603825
Dis_forecasting_loss = 0.563893
Dis_forecasting_acc = 81.481483
	speed: 0.0353s/iter; left time: 2797.2492s
iters: 50, epoch: 6 | loss_all: 1.1106968 
Con_forecasting_loss = 0.557341
Dis_forecasting_loss = 0.553356
Dis_forecasting_acc = 82.146988
	speed: 0.0356s/iter; left time: 2819.7309s
iters: 60, epoch: 6 | loss_all: 1.1511912 
Con_forecasting_loss = 0.558092
Dis_forecasting_loss = 0.593099
Dis_forecasting_acc = 80.266205
	speed: 0.0363s/iter; left time: 2874.8648s
iters: 70, epoch: 6 | loss_all: 1.1733736 
Con_forecasting_loss = 0.572969
Dis_forecasting_loss = 0.600404
Dis_forecasting_acc = 80.179398
	speed: 0.0367s/iter; left time: 2906.5511s
iters: 80, epoch: 6 | loss_all: 1.1004556 
Con_forecasting_loss = 0.550730
Dis_forecasting_loss = 0.549726
Dis_forecasting_acc = 82.378471
	speed: 0.0364s/iter; left time: 2889.4741s
iters: 90, epoch: 6 | loss_all: 1.1548498 
Con_forecasting_loss = 0.568147
Dis_forecasting_loss = 0.586703
Dis_forecasting_acc = 80.758102
	speed: 0.0364s/iter; left time: 2889.4612s
iters: 100, epoch: 6 | loss_all: 1.1060207 
Con_forecasting_loss = 0.571992
Dis_forecasting_loss = 0.534029
Dis_forecasting_acc = 82.204857
	speed: 0.0356s/iter; left time: 2820.0474s
iters: 110, epoch: 6 | loss_all: 1.0953403 
Con_forecasting_loss = 0.554287
Dis_forecasting_loss = 0.541053
Dis_forecasting_acc = 82.146988
	speed: 0.0353s/iter; left time: 2797.9384s
iters: 120, epoch: 6 | loss_all: 1.1803286 
Con_forecasting_loss = 0.579512
Dis_forecasting_loss = 0.600816
Dis_forecasting_acc = 79.484955
	speed: 0.0354s/iter; left time: 2807.4857s
iters: 130, epoch: 6 | loss_all: 1.1671052 
Con_forecasting_loss = 0.589774
Dis_forecasting_loss = 0.577331
Dis_forecasting_acc = 81.365738
	speed: 0.0352s/iter; left time: 2787.6677s
iters: 140, epoch: 6 | loss_all: 1.1338871 
Con_forecasting_loss = 0.525950
Dis_forecasting_loss = 0.607937
Dis_forecasting_acc = 79.398148
	speed: 0.0356s/iter; left time: 2819.4875s
iters: 150, epoch: 6 | loss_all: 1.0642593 
Con_forecasting_loss = 0.524059
Dis_forecasting_loss = 0.540200
Dis_forecasting_acc = 82.667831
	speed: 0.0351s/iter; left time: 2781.3302s
iters: 160, epoch: 6 | loss_all: 1.1374249 
Con_forecasting_loss = 0.554121
Dis_forecasting_loss = 0.583304
Dis_forecasting_acc = 79.947922
	speed: 0.0351s/iter; left time: 2781.2699s
iters: 170, epoch: 6 | loss_all: 1.1191192 
Con_forecasting_loss = 0.583609
Dis_forecasting_loss = 0.535510
Dis_forecasting_acc = 82.638893
	speed: 0.0356s/iter; left time: 2820.3024s
iters: 180, epoch: 6 | loss_all: 1.1795187 
Con_forecasting_loss = 0.620086
Dis_forecasting_loss = 0.559433
Dis_forecasting_acc = 81.568291
	speed: 0.0366s/iter; left time: 2900.7917s
iters: 190, epoch: 6 | loss_all: 1.1115490 
Con_forecasting_loss = 0.551161
Dis_forecasting_loss = 0.560388
Dis_forecasting_acc = 82.349541
	speed: 0.0352s/iter; left time: 2787.6313s
iters: 200, epoch: 6 | loss_all: 1.1334828 
Con_forecasting_loss = 0.553699
Dis_forecasting_loss = 0.579784
Dis_forecasting_acc = 80.266205
	speed: 0.0353s/iter; left time: 2796.1824s
iters: 210, epoch: 6 | loss_all: 1.1068926 
Con_forecasting_loss = 0.517349
Dis_forecasting_loss = 0.589543
Dis_forecasting_acc = 80.266205
	speed: 0.0351s/iter; left time: 2780.9371s
iters: 220, epoch: 6 | loss_all: 1.1246722 
Con_forecasting_loss = 0.572316
Dis_forecasting_loss = 0.552356
Dis_forecasting_acc = 82.233795
	speed: 0.0352s/iter; left time: 2782.1822s
iters: 230, epoch: 6 | loss_all: 1.1177087 
Con_forecasting_loss = 0.568668
Dis_forecasting_loss = 0.549041
Dis_forecasting_acc = 82.291672
	speed: 0.0350s/iter; left time: 2771.6686s
iters: 240, epoch: 6 | loss_all: 1.1740296 
Con_forecasting_loss = 0.584914
Dis_forecasting_loss = 0.589116
Dis_forecasting_acc = 80.063660
	speed: 0.0350s/iter; left time: 2773.0276s
iters: 250, epoch: 6 | loss_all: 1.1252980 
Con_forecasting_loss = 0.526281
Dis_forecasting_loss = 0.599017
Dis_forecasting_acc = 79.542831
	speed: 0.0351s/iter; left time: 2773.6203s
iters: 260, epoch: 6 | loss_all: 1.0469737 
Con_forecasting_loss = 0.526689
Dis_forecasting_loss = 0.520284
Dis_forecasting_acc = 83.478012
	speed: 0.0354s/iter; left time: 2796.6093s
iters: 270, epoch: 6 | loss_all: 1.1516105 
Con_forecasting_loss = 0.567220
Dis_forecasting_loss = 0.584391
Dis_forecasting_acc = 80.468750
	speed: 0.0351s/iter; left time: 2779.5854s
iters: 280, epoch: 6 | loss_all: 1.1221991 
Con_forecasting_loss = 0.536176
Dis_forecasting_loss = 0.586023
Dis_forecasting_acc = 80.787041
	speed: 0.0353s/iter; left time: 2792.4253s
iters: 290, epoch: 6 | loss_all: 1.1149579 
Con_forecasting_loss = 0.558340
Dis_forecasting_loss = 0.556617
Dis_forecasting_acc = 81.394676
	speed: 0.0362s/iter; left time: 2858.6070s
iters: 300, epoch: 6 | loss_all: 1.1169708 
Con_forecasting_loss = 0.554383
Dis_forecasting_loss = 0.562587
Dis_forecasting_acc = 81.394676
	speed: 0.0364s/iter; left time: 2878.0408s
iters: 310, epoch: 6 | loss_all: 1.0694419 
Con_forecasting_loss = 0.539061
Dis_forecasting_loss = 0.530381
Dis_forecasting_acc = 82.696762
	speed: 0.0367s/iter; left time: 2904.0890s
iters: 320, epoch: 6 | loss_all: 1.1117690 
Con_forecasting_loss = 0.535966
Dis_forecasting_loss = 0.575803
Dis_forecasting_acc = 80.700233
	speed: 0.0366s/iter; left time: 2891.8242s
iters: 330, epoch: 6 | loss_all: 1.1280084 
Con_forecasting_loss = 0.586743
Dis_forecasting_loss = 0.541266
Dis_forecasting_acc = 82.031250
	speed: 0.0365s/iter; left time: 2887.8950s
iters: 340, epoch: 6 | loss_all: 1.1425462 
Con_forecasting_loss = 0.571967
Dis_forecasting_loss = 0.570579
Dis_forecasting_acc = 81.134262
	speed: 0.0366s/iter; left time: 2891.9611s
iters: 350, epoch: 6 | loss_all: 1.1346247 
Con_forecasting_loss = 0.556035
Dis_forecasting_loss = 0.578589
Dis_forecasting_acc = 81.221069
	speed: 0.0362s/iter; left time: 2862.3930s
iters: 360, epoch: 6 | loss_all: 1.1080488 
Con_forecasting_loss = 0.511405
Dis_forecasting_loss = 0.596644
Dis_forecasting_acc = 79.542831
	speed: 0.0361s/iter; left time: 2853.3226s
iters: 370, epoch: 6 | loss_all: 1.1321191 
Con_forecasting_loss = 0.560273
Dis_forecasting_loss = 0.571846
Dis_forecasting_acc = 80.729172
	speed: 0.0359s/iter; left time: 2839.4518s
iters: 380, epoch: 6 | loss_all: 1.1537619 
Con_forecasting_loss = 0.553864
Dis_forecasting_loss = 0.599898
Dis_forecasting_acc = 79.571762
	speed: 0.0361s/iter; left time: 2847.5911s
iters: 390, epoch: 6 | loss_all: 1.1644132 
Con_forecasting_loss = 0.579419
Dis_forecasting_loss = 0.584995
Dis_forecasting_acc = 79.918983
	speed: 0.0369s/iter; left time: 2916.4378s
iters: 400, epoch: 6 | loss_all: 1.1851323 
Con_forecasting_loss = 0.576165
Dis_forecasting_loss = 0.608967
Dis_forecasting_acc = 79.253471
	speed: 0.0363s/iter; left time: 2869.4341s
Epoch: 6 cost time: 14.794250965118408
Epoch: 6, Steps: 407 | Train Loss: 1.13261 Vali Loss: 0.50210 Test Loss: 0.51291 
Validation loss decreased (0.506140 --> 0.502104).  Saving model ...
Updating learning rate to 3.125e-06
iters: 10, epoch: 7 | loss_all: 1.1355217 
Con_forecasting_loss = 0.588112
Dis_forecasting_loss = 0.547410
Dis_forecasting_acc = 81.915512
	speed: 0.2768s/iter; left time: 21852.8790s
iters: 20, epoch: 7 | loss_all: 1.1545916 
Con_forecasting_loss = 0.580081
Dis_forecasting_loss = 0.574510
Dis_forecasting_acc = 80.700233
	speed: 0.0345s/iter; left time: 2725.8198s
iters: 30, epoch: 7 | loss_all: 1.1176909 
Con_forecasting_loss = 0.520431
Dis_forecasting_loss = 0.597259
Dis_forecasting_acc = 80.034721
	speed: 0.0367s/iter; left time: 2892.8035s
iters: 40, epoch: 7 | loss_all: 1.2158626 
Con_forecasting_loss = 0.620770
Dis_forecasting_loss = 0.595092
Dis_forecasting_acc = 79.398148
	speed: 0.0372s/iter; left time: 2938.6956s
iters: 50, epoch: 7 | loss_all: 1.0776414 
Con_forecasting_loss = 0.506320
Dis_forecasting_loss = 0.571322
Dis_forecasting_acc = 81.076393
	speed: 0.0376s/iter; left time: 2966.0992s
iters: 60, epoch: 7 | loss_all: 1.0879118 
Con_forecasting_loss = 0.559792
Dis_forecasting_loss = 0.528120
Dis_forecasting_acc = 82.841438
	speed: 0.0377s/iter; left time: 2972.7041s
iters: 70, epoch: 7 | loss_all: 1.1152151 
Con_forecasting_loss = 0.551614
Dis_forecasting_loss = 0.563601
Dis_forecasting_acc = 82.465279
	speed: 0.0372s/iter; left time: 2931.3415s
iters: 80, epoch: 7 | loss_all: 1.1097209 
Con_forecasting_loss = 0.581440
Dis_forecasting_loss = 0.528281
Dis_forecasting_acc = 82.667831
	speed: 0.0371s/iter; left time: 2928.6906s
iters: 90, epoch: 7 | loss_all: 1.2225032 
Con_forecasting_loss = 0.609405
Dis_forecasting_loss = 0.613099
Dis_forecasting_acc = 79.456017
	speed: 0.0364s/iter; left time: 2868.7488s
iters: 100, epoch: 7 | loss_all: 1.0758476 
Con_forecasting_loss = 0.519601
Dis_forecasting_loss = 0.556247
Dis_forecasting_acc = 81.597221
	speed: 0.0375s/iter; left time: 2953.3413s
iters: 110, epoch: 7 | loss_all: 1.1338155 
Con_forecasting_loss = 0.592711
Dis_forecasting_loss = 0.541105
Dis_forecasting_acc = 82.957176
	speed: 0.0365s/iter; left time: 2877.5882s
iters: 120, epoch: 7 | loss_all: 1.1258606 
Con_forecasting_loss = 0.550082
Dis_forecasting_loss = 0.575779
Dis_forecasting_acc = 81.568291
	speed: 0.0367s/iter; left time: 2894.4692s
iters: 130, epoch: 7 | loss_all: 1.1208694 
Con_forecasting_loss = 0.548643
Dis_forecasting_loss = 0.572226
Dis_forecasting_acc = 81.712959
	speed: 0.0363s/iter; left time: 2861.1707s
iters: 140, epoch: 7 | loss_all: 1.2088590 
Con_forecasting_loss = 0.616764
Dis_forecasting_loss = 0.592095
Dis_forecasting_acc = 79.456017
	speed: 0.0365s/iter; left time: 2876.6512s
iters: 150, epoch: 7 | loss_all: 1.1538547 
Con_forecasting_loss = 0.578433
Dis_forecasting_loss = 0.575421
Dis_forecasting_acc = 81.134262
	speed: 0.0365s/iter; left time: 2874.8488s
iters: 160, epoch: 7 | loss_all: 1.1546085 
Con_forecasting_loss = 0.553408
Dis_forecasting_loss = 0.601201
Dis_forecasting_acc = 79.369209
	speed: 0.0363s/iter; left time: 2862.8829s
iters: 170, epoch: 7 | loss_all: 1.1403427 
Con_forecasting_loss = 0.568964
Dis_forecasting_loss = 0.571378
Dis_forecasting_acc = 80.815971
	speed: 0.0376s/iter; left time: 2961.1471s
iters: 180, epoch: 7 | loss_all: 1.0595026 
Con_forecasting_loss = 0.497617
Dis_forecasting_loss = 0.561885
Dis_forecasting_acc = 80.729172
	speed: 0.0364s/iter; left time: 2864.3783s
iters: 190, epoch: 7 | loss_all: 1.1591182 
Con_forecasting_loss = 0.586339
Dis_forecasting_loss = 0.572779
Dis_forecasting_acc = 81.018517
	speed: 0.0364s/iter; left time: 2870.6665s
iters: 200, epoch: 7 | loss_all: 1.2017077 
Con_forecasting_loss = 0.613951
Dis_forecasting_loss = 0.587757
Dis_forecasting_acc = 80.613426
	speed: 0.0377s/iter; left time: 2970.1389s
iters: 210, epoch: 7 | loss_all: 1.0846348 
Con_forecasting_loss = 0.553330
Dis_forecasting_loss = 0.531305
Dis_forecasting_acc = 83.188660
	speed: 0.0376s/iter; left time: 2963.2111s
iters: 220, epoch: 7 | loss_all: 1.1257861 
Con_forecasting_loss = 0.558182
Dis_forecasting_loss = 0.567604
Dis_forecasting_acc = 80.873840
	speed: 0.0378s/iter; left time: 2979.3549s
iters: 230, epoch: 7 | loss_all: 1.1305258 
Con_forecasting_loss = 0.561225
Dis_forecasting_loss = 0.569301
Dis_forecasting_acc = 81.307869
	speed: 0.0378s/iter; left time: 2975.7349s
iters: 240, epoch: 7 | loss_all: 1.1184072 
Con_forecasting_loss = 0.570832
Dis_forecasting_loss = 0.547575
Dis_forecasting_acc = 82.725700
	speed: 0.0367s/iter; left time: 2892.1712s
iters: 250, epoch: 7 | loss_all: 1.1209391 
Con_forecasting_loss = 0.542770
Dis_forecasting_loss = 0.578169
Dis_forecasting_acc = 80.237267
	speed: 0.0365s/iter; left time: 2875.0310s
iters: 260, epoch: 7 | loss_all: 1.0887325 
Con_forecasting_loss = 0.525852
Dis_forecasting_loss = 0.562880
Dis_forecasting_acc = 81.076393
	speed: 0.0370s/iter; left time: 2908.9594s
iters: 270, epoch: 7 | loss_all: 1.1261580 
Con_forecasting_loss = 0.549524
Dis_forecasting_loss = 0.576634
Dis_forecasting_acc = 80.989578
	speed: 0.0364s/iter; left time: 2863.2296s
iters: 280, epoch: 7 | loss_all: 1.1285143 
Con_forecasting_loss = 0.550058
Dis_forecasting_loss = 0.578456
Dis_forecasting_acc = 81.365738
	speed: 0.0362s/iter; left time: 2848.4780s
iters: 290, epoch: 7 | loss_all: 1.1077631 
Con_forecasting_loss = 0.523033
Dis_forecasting_loss = 0.584730
Dis_forecasting_acc = 80.671295
	speed: 0.0369s/iter; left time: 2899.1495s
iters: 300, epoch: 7 | loss_all: 1.1165969 
Con_forecasting_loss = 0.506593
Dis_forecasting_loss = 0.610004
Dis_forecasting_acc = 79.369209
	speed: 0.0370s/iter; left time: 2909.4763s
iters: 310, epoch: 7 | loss_all: 1.1497986 
Con_forecasting_loss = 0.597892
Dis_forecasting_loss = 0.551906
Dis_forecasting_acc = 82.378471
	speed: 0.0367s/iter; left time: 2885.8453s
iters: 320, epoch: 7 | loss_all: 1.1323500 
Con_forecasting_loss = 0.552020
Dis_forecasting_loss = 0.580330
Dis_forecasting_acc = 79.947922
	speed: 0.0375s/iter; left time: 2950.1512s
iters: 330, epoch: 7 | loss_all: 1.1204953 
Con_forecasting_loss = 0.541531
Dis_forecasting_loss = 0.578964
Dis_forecasting_acc = 81.047455
	speed: 0.0365s/iter; left time: 2871.3852s
iters: 340, epoch: 7 | loss_all: 1.1806209 
Con_forecasting_loss = 0.592973
Dis_forecasting_loss = 0.587648
Dis_forecasting_acc = 80.671295
	speed: 0.0355s/iter; left time: 2791.1696s
iters: 350, epoch: 7 | loss_all: 1.1820967 
Con_forecasting_loss = 0.615667
Dis_forecasting_loss = 0.566429
Dis_forecasting_acc = 81.452545
	speed: 0.0355s/iter; left time: 2788.3500s
iters: 360, epoch: 7 | loss_all: 1.1319087 
Con_forecasting_loss = 0.566338
Dis_forecasting_loss = 0.565571
Dis_forecasting_acc = 82.233795
	speed: 0.0354s/iter; left time: 2783.2580s
iters: 370, epoch: 7 | loss_all: 1.1143517 
Con_forecasting_loss = 0.543438
Dis_forecasting_loss = 0.570914
Dis_forecasting_acc = 80.410881
	speed: 0.0355s/iter; left time: 2787.5188s
iters: 380, epoch: 7 | loss_all: 1.1817205 
Con_forecasting_loss = 0.587933
Dis_forecasting_loss = 0.593787
Dis_forecasting_acc = 80.237267
	speed: 0.0354s/iter; left time: 2784.1085s
iters: 390, epoch: 7 | loss_all: 1.1885027 
Con_forecasting_loss = 0.574398
Dis_forecasting_loss = 0.614105
Dis_forecasting_acc = 79.166672
	speed: 0.0360s/iter; left time: 2828.8559s
iters: 400, epoch: 7 | loss_all: 1.1126734 
Con_forecasting_loss = 0.544554
Dis_forecasting_loss = 0.568119
Dis_forecasting_acc = 80.815971
	speed: 0.0353s/iter; left time: 2772.2949s
Epoch: 7 cost time: 15.130990982055664
Epoch: 7, Steps: 407 | Train Loss: 1.12827 Vali Loss: 0.50093 Test Loss: 0.51169 
Validation loss decreased (0.502104 --> 0.500930).  Saving model ...
Updating learning rate to 1.5625e-06
iters: 10, epoch: 8 | loss_all: 1.1141335 
Con_forecasting_loss = 0.490523
Dis_forecasting_loss = 0.623610
Dis_forecasting_acc = 79.282410
	speed: 0.2666s/iter; left time: 20937.0155s
iters: 20, epoch: 8 | loss_all: 1.1129503 
Con_forecasting_loss = 0.552097
Dis_forecasting_loss = 0.560854
Dis_forecasting_acc = 82.031250
	speed: 0.0377s/iter; left time: 2963.0743s
iters: 30, epoch: 8 | loss_all: 1.1490372 
Con_forecasting_loss = 0.537874
Dis_forecasting_loss = 0.611163
Dis_forecasting_acc = 79.629631
	speed: 0.0359s/iter; left time: 2816.2793s
iters: 40, epoch: 8 | loss_all: 1.0743744 
Con_forecasting_loss = 0.521773
Dis_forecasting_loss = 0.552601
Dis_forecasting_acc = 81.915512
	speed: 0.0353s/iter; left time: 2773.0884s
iters: 50, epoch: 8 | loss_all: 1.0869811 
Con_forecasting_loss = 0.551422
Dis_forecasting_loss = 0.535559
Dis_forecasting_acc = 83.478012
	speed: 0.0352s/iter; left time: 2765.6137s
iters: 60, epoch: 8 | loss_all: 1.0508943 
Con_forecasting_loss = 0.515795
Dis_forecasting_loss = 0.535099
Dis_forecasting_acc = 82.986107
	speed: 0.0353s/iter; left time: 2772.4101s
iters: 70, epoch: 8 | loss_all: 1.0875511 
Con_forecasting_loss = 0.531717
Dis_forecasting_loss = 0.555834
Dis_forecasting_acc = 82.204857
	speed: 0.0352s/iter; left time: 2762.5402s
iters: 80, epoch: 8 | loss_all: 1.1293151 
Con_forecasting_loss = 0.540167
Dis_forecasting_loss = 0.589148
Dis_forecasting_acc = 80.844910
	speed: 0.0358s/iter; left time: 2808.4167s
iters: 90, epoch: 8 | loss_all: 1.1644237 
Con_forecasting_loss = 0.580129
Dis_forecasting_loss = 0.584295
Dis_forecasting_acc = 80.497688
	speed: 0.0353s/iter; left time: 2770.6022s
iters: 100, epoch: 8 | loss_all: 1.1536930 
Con_forecasting_loss = 0.557864
Dis_forecasting_loss = 0.595829
Dis_forecasting_acc = 79.832176
	speed: 0.0353s/iter; left time: 2772.7854s
iters: 110, epoch: 8 | loss_all: 1.1202927 
Con_forecasting_loss = 0.539455
Dis_forecasting_loss = 0.580838
Dis_forecasting_acc = 80.410881
	speed: 0.0353s/iter; left time: 2765.5440s
iters: 120, epoch: 8 | loss_all: 1.1450880 
Con_forecasting_loss = 0.577821
Dis_forecasting_loss = 0.567267
Dis_forecasting_acc = 81.076393
	speed: 0.0351s/iter; left time: 2754.5794s
iters: 130, epoch: 8 | loss_all: 1.0758076 
Con_forecasting_loss = 0.514114
Dis_forecasting_loss = 0.561693
Dis_forecasting_acc = 81.163200
	speed: 0.0352s/iter; left time: 2760.8564s
iters: 140, epoch: 8 | loss_all: 1.1105099 
Con_forecasting_loss = 0.538716
Dis_forecasting_loss = 0.571794
Dis_forecasting_acc = 80.931709
	speed: 0.0352s/iter; left time: 2758.0796s
iters: 150, epoch: 8 | loss_all: 1.0399339 
Con_forecasting_loss = 0.505949
Dis_forecasting_loss = 0.533985
Dis_forecasting_acc = 81.973381
	speed: 0.0351s/iter; left time: 2752.7426s
iters: 160, epoch: 8 | loss_all: 1.1095147 
Con_forecasting_loss = 0.530303
Dis_forecasting_loss = 0.579211
Dis_forecasting_acc = 81.018517
	speed: 0.0352s/iter; left time: 2759.6993s
iters: 170, epoch: 8 | loss_all: 1.1332271 
Con_forecasting_loss = 0.563799
Dis_forecasting_loss = 0.569428
Dis_forecasting_acc = 81.105331
	speed: 0.0354s/iter; left time: 2776.0410s
iters: 180, epoch: 8 | loss_all: 1.1681923 
Con_forecasting_loss = 0.595861
Dis_forecasting_loss = 0.572332
Dis_forecasting_acc = 80.758102
	speed: 0.0354s/iter; left time: 2770.8473s
iters: 190, epoch: 8 | loss_all: 1.0985303 
Con_forecasting_loss = 0.525152
Dis_forecasting_loss = 0.573378
Dis_forecasting_acc = 80.729172
	speed: 0.0352s/iter; left time: 2762.2116s
iters: 200, epoch: 8 | loss_all: 1.1210055 
Con_forecasting_loss = 0.589306
Dis_forecasting_loss = 0.531699
Dis_forecasting_acc = 83.622688
	speed: 0.0352s/iter; left time: 2755.2387s
iters: 210, epoch: 8 | loss_all: 1.1384912 
Con_forecasting_loss = 0.577054
Dis_forecasting_loss = 0.561437
Dis_forecasting_acc = 81.973381
	speed: 0.0352s/iter; left time: 2756.4318s
iters: 220, epoch: 8 | loss_all: 1.1087780 
Con_forecasting_loss = 0.534898
Dis_forecasting_loss = 0.573880
Dis_forecasting_acc = 81.539352
	speed: 0.0353s/iter; left time: 2766.5832s
iters: 230, epoch: 8 | loss_all: 1.1088468 
Con_forecasting_loss = 0.513805
Dis_forecasting_loss = 0.595041
Dis_forecasting_acc = 79.861107
	speed: 0.0353s/iter; left time: 2767.2888s
iters: 240, epoch: 8 | loss_all: 1.1192627 
Con_forecasting_loss = 0.546568
Dis_forecasting_loss = 0.572695
Dis_forecasting_acc = 80.989578
	speed: 0.0356s/iter; left time: 2784.4508s
iters: 250, epoch: 8 | loss_all: 1.1028776 
Con_forecasting_loss = 0.572805
Dis_forecasting_loss = 0.530072
Dis_forecasting_acc = 82.465279
	speed: 0.0353s/iter; left time: 2766.0818s
iters: 260, epoch: 8 | loss_all: 1.1417692 
Con_forecasting_loss = 0.558790
Dis_forecasting_loss = 0.582979
Dis_forecasting_acc = 81.134262
	speed: 0.0354s/iter; left time: 2772.9711s
iters: 270, epoch: 8 | loss_all: 1.0919917 
Con_forecasting_loss = 0.553719
Dis_forecasting_loss = 0.538273
Dis_forecasting_acc = 82.783569
	speed: 0.0448s/iter; left time: 3510.3983s
iters: 280, epoch: 8 | loss_all: 1.1221808 
Con_forecasting_loss = 0.551608
Dis_forecasting_loss = 0.570573
Dis_forecasting_acc = 80.873840
	speed: 0.0372s/iter; left time: 2911.0651s
iters: 290, epoch: 8 | loss_all: 1.0416021 
Con_forecasting_loss = 0.511007
Dis_forecasting_loss = 0.530595
Dis_forecasting_acc = 82.725700
	speed: 0.0407s/iter; left time: 3188.1262s
iters: 300, epoch: 8 | loss_all: 1.1216438 
Con_forecasting_loss = 0.594390
Dis_forecasting_loss = 0.527254
Dis_forecasting_acc = 83.333328
	speed: 0.0435s/iter; left time: 3407.7787s
iters: 310, epoch: 8 | loss_all: 1.2103707 
Con_forecasting_loss = 0.595717
Dis_forecasting_loss = 0.614654
Dis_forecasting_acc = 79.774307
	speed: 0.0389s/iter; left time: 3043.4921s
iters: 320, epoch: 8 | loss_all: 1.1035435 
Con_forecasting_loss = 0.509839
Dis_forecasting_loss = 0.593704
Dis_forecasting_acc = 80.613426
	speed: 0.0380s/iter; left time: 2974.9469s
iters: 330, epoch: 8 | loss_all: 1.0952249 
Con_forecasting_loss = 0.530159
Dis_forecasting_loss = 0.565066
Dis_forecasting_acc = 80.700233
	speed: 0.0415s/iter; left time: 3242.3672s
iters: 340, epoch: 8 | loss_all: 1.1043515 
Con_forecasting_loss = 0.557176
Dis_forecasting_loss = 0.547175
Dis_forecasting_acc = 82.204857
	speed: 0.0405s/iter; left time: 3170.5619s
iters: 350, epoch: 8 | loss_all: 1.0811737 
Con_forecasting_loss = 0.543813
Dis_forecasting_loss = 0.537360
Dis_forecasting_acc = 82.783569
	speed: 0.0391s/iter; left time: 3056.8613s
iters: 360, epoch: 8 | loss_all: 1.1455281 
Con_forecasting_loss = 0.569879
Dis_forecasting_loss = 0.575649
Dis_forecasting_acc = 80.671295
	speed: 0.0380s/iter; left time: 2969.9863s
iters: 370, epoch: 8 | loss_all: 1.1307793 
Con_forecasting_loss = 0.590394
Dis_forecasting_loss = 0.540385
Dis_forecasting_acc = 82.928238
	speed: 0.0369s/iter; left time: 2887.8289s
iters: 380, epoch: 8 | loss_all: 1.1407164 
Con_forecasting_loss = 0.578804
Dis_forecasting_loss = 0.561912
Dis_forecasting_acc = 81.857643
	speed: 0.0376s/iter; left time: 2935.4403s
iters: 390, epoch: 8 | loss_all: 1.0959074 
Con_forecasting_loss = 0.536576
Dis_forecasting_loss = 0.559331
Dis_forecasting_acc = 81.163200
	speed: 0.0373s/iter; left time: 2911.7036s
iters: 400, epoch: 8 | loss_all: 1.0963697 
Con_forecasting_loss = 0.523453
Dis_forecasting_loss = 0.572916
Dis_forecasting_acc = 81.192131
	speed: 0.0367s/iter; left time: 2867.8419s
Epoch: 8 cost time: 15.241131782531738
Epoch: 8, Steps: 407 | Train Loss: 1.12605 Vali Loss: 0.50144 Test Loss: 0.51240 
EarlyStopping counter: 1 out of 3
Updating learning rate to 7.8125e-07
iters: 10, epoch: 9 | loss_all: 1.1036696 
Con_forecasting_loss = 0.547174
Dis_forecasting_loss = 0.556495
Dis_forecasting_acc = 81.336807
	speed: 0.2695s/iter; left time: 21059.0996s
iters: 20, epoch: 9 | loss_all: 1.0614092 
Con_forecasting_loss = 0.527411
Dis_forecasting_loss = 0.533999
Dis_forecasting_acc = 83.015045
	speed: 0.0399s/iter; left time: 3119.2638s
iters: 30, epoch: 9 | loss_all: 1.1102347 
Con_forecasting_loss = 0.537658
Dis_forecasting_loss = 0.572577
Dis_forecasting_acc = 80.787041
	speed: 0.0386s/iter; left time: 3018.4734s
iters: 40, epoch: 9 | loss_all: 1.1130741 
Con_forecasting_loss = 0.567412
Dis_forecasting_loss = 0.545662
Dis_forecasting_acc = 82.060188
	speed: 0.0394s/iter; left time: 3075.7490s
iters: 50, epoch: 9 | loss_all: 1.1255438 
Con_forecasting_loss = 0.549156
Dis_forecasting_loss = 0.576387
Dis_forecasting_acc = 81.597221
	speed: 0.0404s/iter; left time: 3154.8317s
iters: 60, epoch: 9 | loss_all: 1.1613698 
Con_forecasting_loss = 0.547350
Dis_forecasting_loss = 0.614019
Dis_forecasting_acc = 78.240738
	speed: 0.0371s/iter; left time: 2894.4127s
iters: 70, epoch: 9 | loss_all: 1.1319783 
Con_forecasting_loss = 0.539510
Dis_forecasting_loss = 0.592468
Dis_forecasting_acc = 78.877319
	speed: 0.0362s/iter; left time: 2825.2315s
iters: 80, epoch: 9 | loss_all: 1.0898857 
Con_forecasting_loss = 0.555516
Dis_forecasting_loss = 0.534370
Dis_forecasting_acc = 82.118057
	speed: 0.0367s/iter; left time: 2867.5697s
iters: 90, epoch: 9 | loss_all: 1.1326377 
Con_forecasting_loss = 0.583311
Dis_forecasting_loss = 0.549327
Dis_forecasting_acc = 82.002319
	speed: 0.0367s/iter; left time: 2867.1186s
iters: 100, epoch: 9 | loss_all: 1.1224084 
Con_forecasting_loss = 0.534956
Dis_forecasting_loss = 0.587453
Dis_forecasting_acc = 80.324081
	speed: 0.0356s/iter; left time: 2775.5863s
iters: 110, epoch: 9 | loss_all: 1.1025323 
Con_forecasting_loss = 0.553649
Dis_forecasting_loss = 0.548884
Dis_forecasting_acc = 82.523148
	speed: 0.0361s/iter; left time: 2813.8323s
iters: 120, epoch: 9 | loss_all: 1.1259040 
Con_forecasting_loss = 0.541395
Dis_forecasting_loss = 0.584509
Dis_forecasting_acc = 81.192131
	speed: 0.0366s/iter; left time: 2858.8863s
iters: 130, epoch: 9 | loss_all: 1.1826839 
Con_forecasting_loss = 0.597295
Dis_forecasting_loss = 0.585389
Dis_forecasting_acc = 80.266205
	speed: 0.0373s/iter; left time: 2911.5082s
iters: 140, epoch: 9 | loss_all: 1.0930078 
Con_forecasting_loss = 0.544593
Dis_forecasting_loss = 0.548415
Dis_forecasting_acc = 81.770828
	speed: 0.0369s/iter; left time: 2877.6979s
iters: 150, epoch: 9 | loss_all: 1.1166801 
Con_forecasting_loss = 0.541305
Dis_forecasting_loss = 0.575375
Dis_forecasting_acc = 79.571762
	speed: 0.0370s/iter; left time: 2888.9381s
iters: 160, epoch: 9 | loss_all: 1.1425757 
Con_forecasting_loss = 0.529083
Dis_forecasting_loss = 0.613492
Dis_forecasting_acc = 78.906250
	speed: 0.0363s/iter; left time: 2833.7926s
iters: 170, epoch: 9 | loss_all: 1.1473801 
Con_forecasting_loss = 0.562138
Dis_forecasting_loss = 0.585242
Dis_forecasting_acc = 81.510422
	speed: 0.0370s/iter; left time: 2886.7212s
iters: 180, epoch: 9 | loss_all: 1.0912488 
Con_forecasting_loss = 0.529657
Dis_forecasting_loss = 0.561592
Dis_forecasting_acc = 81.770828
	speed: 0.0374s/iter; left time: 2915.3748s
iters: 190, epoch: 9 | loss_all: 1.1636467 
Con_forecasting_loss = 0.569499
Dis_forecasting_loss = 0.594148
Dis_forecasting_acc = 80.555557
	speed: 0.0372s/iter; left time: 2898.0858s
iters: 200, epoch: 9 | loss_all: 1.1125681 
Con_forecasting_loss = 0.533658
Dis_forecasting_loss = 0.578910
Dis_forecasting_acc = 80.902779
	speed: 0.0370s/iter; left time: 2882.3566s
iters: 210, epoch: 9 | loss_all: 1.1210386 
Con_forecasting_loss = 0.551837
Dis_forecasting_loss = 0.569202
Dis_forecasting_acc = 81.047455
	speed: 0.0372s/iter; left time: 2898.4572s
iters: 220, epoch: 9 | loss_all: 1.1247356 
Con_forecasting_loss = 0.561179
Dis_forecasting_loss = 0.563556
Dis_forecasting_acc = 81.655090
	speed: 0.0374s/iter; left time: 2916.7662s
iters: 230, epoch: 9 | loss_all: 1.1538208 
Con_forecasting_loss = 0.598871
Dis_forecasting_loss = 0.554950
Dis_forecasting_acc = 82.146988
	speed: 0.0386s/iter; left time: 3010.0726s
iters: 240, epoch: 9 | loss_all: 1.1093628 
Con_forecasting_loss = 0.525622
Dis_forecasting_loss = 0.583741
Dis_forecasting_acc = 80.613426
	speed: 0.0379s/iter; left time: 2956.4718s
iters: 250, epoch: 9 | loss_all: 1.0753726 
Con_forecasting_loss = 0.509216
Dis_forecasting_loss = 0.566156
Dis_forecasting_acc = 81.394676
	speed: 0.0373s/iter; left time: 2904.2868s
iters: 260, epoch: 9 | loss_all: 1.1253525 
Con_forecasting_loss = 0.529818
Dis_forecasting_loss = 0.595535
Dis_forecasting_acc = 79.513893
	speed: 0.0365s/iter; left time: 2839.0052s
iters: 270, epoch: 9 | loss_all: 1.1436093 
Con_forecasting_loss = 0.582081
Dis_forecasting_loss = 0.561528
Dis_forecasting_acc = 81.741898
	speed: 0.0371s/iter; left time: 2889.7069s
iters: 280, epoch: 9 | loss_all: 1.1162260 
Con_forecasting_loss = 0.537597
Dis_forecasting_loss = 0.578629
Dis_forecasting_acc = 80.902779
	speed: 0.0369s/iter; left time: 2875.2584s
iters: 290, epoch: 9 | loss_all: 1.0492687 
Con_forecasting_loss = 0.486653
Dis_forecasting_loss = 0.562616
Dis_forecasting_acc = 81.452545
	speed: 0.0361s/iter; left time: 2814.2543s
iters: 300, epoch: 9 | loss_all: 1.1338856 
Con_forecasting_loss = 0.542197
Dis_forecasting_loss = 0.591689
Dis_forecasting_acc = 79.890045
	speed: 0.0372s/iter; left time: 2898.3041s
iters: 310, epoch: 9 | loss_all: 1.0812901 
Con_forecasting_loss = 0.546032
Dis_forecasting_loss = 0.535258
Dis_forecasting_acc = 82.494209
	speed: 0.0364s/iter; left time: 2836.5053s
iters: 320, epoch: 9 | loss_all: 1.1908529 
Con_forecasting_loss = 0.560706
Dis_forecasting_loss = 0.630146
Dis_forecasting_acc = 78.501160
	speed: 0.0352s/iter; left time: 2743.1139s
iters: 330, epoch: 9 | loss_all: 1.1531181 
Con_forecasting_loss = 0.598936
Dis_forecasting_loss = 0.554182
Dis_forecasting_acc = 82.204857
	speed: 0.0353s/iter; left time: 2748.5182s
iters: 340, epoch: 9 | loss_all: 1.1312652 
Con_forecasting_loss = 0.595347
Dis_forecasting_loss = 0.535918
Dis_forecasting_acc = 82.899307
	speed: 0.0355s/iter; left time: 2765.2089s
iters: 350, epoch: 9 | loss_all: 1.1460578 
Con_forecasting_loss = 0.581904
Dis_forecasting_loss = 0.564154
Dis_forecasting_acc = 81.510422
	speed: 0.0355s/iter; left time: 2762.8541s
iters: 360, epoch: 9 | loss_all: 1.1003389 
Con_forecasting_loss = 0.549907
Dis_forecasting_loss = 0.550432
Dis_forecasting_acc = 81.568291
	speed: 0.0353s/iter; left time: 2742.1398s
iters: 370, epoch: 9 | loss_all: 1.1801093 
Con_forecasting_loss = 0.612387
Dis_forecasting_loss = 0.567723
Dis_forecasting_acc = 80.758102
	speed: 0.0357s/iter; left time: 2775.1424s
iters: 380, epoch: 9 | loss_all: 1.1825751 
Con_forecasting_loss = 0.582161
Dis_forecasting_loss = 0.600414
Dis_forecasting_acc = 79.571762
	speed: 0.0354s/iter; left time: 2754.2370s
iters: 390, epoch: 9 | loss_all: 1.0925944 
Con_forecasting_loss = 0.524268
Dis_forecasting_loss = 0.568326
Dis_forecasting_acc = 81.568291
	speed: 0.0361s/iter; left time: 2803.9398s
iters: 400, epoch: 9 | loss_all: 1.1047767 
Con_forecasting_loss = 0.541645
Dis_forecasting_loss = 0.563131
Dis_forecasting_acc = 81.539352
	speed: 0.0350s/iter; left time: 2723.5544s
Epoch: 9 cost time: 15.245913982391357
Epoch: 9, Steps: 407 | Train Loss: 1.12648 Vali Loss: 0.50065 Test Loss: 0.51110 
Validation loss decreased (0.500930 --> 0.500645).  Saving model ...
Updating learning rate to 3.90625e-07
iters: 10, epoch: 10 | loss_all: 1.1431353 
Con_forecasting_loss = 0.571303
Dis_forecasting_loss = 0.571832
Dis_forecasting_acc = 80.613426
	speed: 0.2653s/iter; left time: 20624.9049s
iters: 20, epoch: 10 | loss_all: 1.1732998 
Con_forecasting_loss = 0.588520
Dis_forecasting_loss = 0.584779
Dis_forecasting_acc = 80.295143
	speed: 0.0411s/iter; left time: 3193.8134s
iters: 30, epoch: 10 | loss_all: 1.2364234 
Con_forecasting_loss = 0.625537
Dis_forecasting_loss = 0.610886
Dis_forecasting_acc = 79.658569
	speed: 0.0409s/iter; left time: 3175.6091s
iters: 40, epoch: 10 | loss_all: 1.1489069 
Con_forecasting_loss = 0.618522
Dis_forecasting_loss = 0.530385
Dis_forecasting_acc = 83.275459
	speed: 0.0405s/iter; left time: 3145.4721s
iters: 50, epoch: 10 | loss_all: 1.1811681 
Con_forecasting_loss = 0.596603
Dis_forecasting_loss = 0.584565
Dis_forecasting_acc = 80.787041
	speed: 0.0381s/iter; left time: 2962.1858s
iters: 60, epoch: 10 | loss_all: 1.1056762 
Con_forecasting_loss = 0.535041
Dis_forecasting_loss = 0.570635
Dis_forecasting_acc = 81.336807
	speed: 0.0362s/iter; left time: 2808.7396s
iters: 70, epoch: 10 | loss_all: 1.0893285 
Con_forecasting_loss = 0.548913
Dis_forecasting_loss = 0.540415
Dis_forecasting_acc = 82.089119
	speed: 0.0369s/iter; left time: 2863.2972s
iters: 80, epoch: 10 | loss_all: 1.0886450 
Con_forecasting_loss = 0.542566
Dis_forecasting_loss = 0.546079
Dis_forecasting_acc = 82.436340
	speed: 0.0370s/iter; left time: 2875.4929s
iters: 90, epoch: 10 | loss_all: 1.1014991 
Con_forecasting_loss = 0.519651
Dis_forecasting_loss = 0.581848
Dis_forecasting_acc = 80.613426
	speed: 0.0375s/iter; left time: 2914.6269s
iters: 100, epoch: 10 | loss_all: 1.1447949 
Con_forecasting_loss = 0.566930
Dis_forecasting_loss = 0.577865
Dis_forecasting_acc = 80.989578
	speed: 0.0371s/iter; left time: 2877.3937s
iters: 110, epoch: 10 | loss_all: 1.1169727 
Con_forecasting_loss = 0.547813
Dis_forecasting_loss = 0.569160
Dis_forecasting_acc = 81.539352
	speed: 0.0367s/iter; left time: 2850.8640s
iters: 120, epoch: 10 | loss_all: 1.1056225 
Con_forecasting_loss = 0.568679
Dis_forecasting_loss = 0.536944
Dis_forecasting_acc = 82.494209
	speed: 0.0368s/iter; left time: 2856.0928s
iters: 130, epoch: 10 | loss_all: 1.0818236 
Con_forecasting_loss = 0.545029
Dis_forecasting_loss = 0.536794
Dis_forecasting_acc = 82.060188
	speed: 0.0365s/iter; left time: 2836.5019s
iters: 140, epoch: 10 | loss_all: 1.1385295 
Con_forecasting_loss = 0.567586
Dis_forecasting_loss = 0.570944
Dis_forecasting_acc = 80.844910
	speed: 0.0366s/iter; left time: 2836.6137s
iters: 150, epoch: 10 | loss_all: 1.1897187 
Con_forecasting_loss = 0.637725
Dis_forecasting_loss = 0.551994
Dis_forecasting_acc = 83.304398
	speed: 0.0371s/iter; left time: 2876.4064s
iters: 160, epoch: 10 | loss_all: 1.1656058 
Con_forecasting_loss = 0.595553
Dis_forecasting_loss = 0.570053
Dis_forecasting_acc = 82.031250
	speed: 0.0364s/iter; left time: 2826.7493s
iters: 170, epoch: 10 | loss_all: 1.2089194 
Con_forecasting_loss = 0.607985
Dis_forecasting_loss = 0.600934
Dis_forecasting_acc = 80.121529
	speed: 0.0361s/iter; left time: 2796.7340s
iters: 180, epoch: 10 | loss_all: 1.1608217 
Con_forecasting_loss = 0.532578
Dis_forecasting_loss = 0.628244
Dis_forecasting_acc = 78.559029
	speed: 0.0363s/iter; left time: 2817.3037s
iters: 190, epoch: 10 | loss_all: 1.1362160 
Con_forecasting_loss = 0.600206
Dis_forecasting_loss = 0.536010
Dis_forecasting_acc = 82.812500
	speed: 0.0360s/iter; left time: 2789.2238s
iters: 200, epoch: 10 | loss_all: 1.1229744 
Con_forecasting_loss = 0.559428
Dis_forecasting_loss = 0.563546
Dis_forecasting_acc = 82.638893
	speed: 0.0356s/iter; left time: 2757.5960s
iters: 210, epoch: 10 | loss_all: 1.1235626 
Con_forecasting_loss = 0.586643
Dis_forecasting_loss = 0.536920
Dis_forecasting_acc = 82.899307
	speed: 0.0358s/iter; left time: 2771.7708s
iters: 220, epoch: 10 | loss_all: 1.0986269 
Con_forecasting_loss = 0.535416
Dis_forecasting_loss = 0.563211
Dis_forecasting_acc = 81.481483
	speed: 0.0362s/iter; left time: 2803.5899s
iters: 230, epoch: 10 | loss_all: 1.1040952 
Con_forecasting_loss = 0.554013
Dis_forecasting_loss = 0.550083
Dis_forecasting_acc = 82.436340
	speed: 0.0355s/iter; left time: 2753.4856s
iters: 240, epoch: 10 | loss_all: 1.1067584 
Con_forecasting_loss = 0.547245
Dis_forecasting_loss = 0.559514
Dis_forecasting_acc = 81.278938
	speed: 0.0364s/iter; left time: 2822.2582s
iters: 250, epoch: 10 | loss_all: 1.1126318 
Con_forecasting_loss = 0.594030
Dis_forecasting_loss = 0.518602
Dis_forecasting_acc = 83.304398
	speed: 0.0362s/iter; left time: 2807.4783s
iters: 260, epoch: 10 | loss_all: 1.1842744 
Con_forecasting_loss = 0.606609
Dis_forecasting_loss = 0.577666
Dis_forecasting_acc = 80.729172
	speed: 0.0355s/iter; left time: 2749.9131s
iters: 270, epoch: 10 | loss_all: 1.1222105 
Con_forecasting_loss = 0.585699
Dis_forecasting_loss = 0.536512
Dis_forecasting_acc = 82.638893
	speed: 0.0356s/iter; left time: 2756.6100s
iters: 280, epoch: 10 | loss_all: 1.1354499 
Con_forecasting_loss = 0.546663
Dis_forecasting_loss = 0.588787
Dis_forecasting_acc = 80.092590
	speed: 0.0359s/iter; left time: 2778.0309s
iters: 290, epoch: 10 | loss_all: 1.2007134 
Con_forecasting_loss = 0.572140
Dis_forecasting_loss = 0.628574
Dis_forecasting_acc = 78.674767
	speed: 0.0360s/iter; left time: 2787.5529s
iters: 300, epoch: 10 | loss_all: 1.1162999 
Con_forecasting_loss = 0.551161
Dis_forecasting_loss = 0.565139
Dis_forecasting_acc = 81.481483
	speed: 0.0358s/iter; left time: 2775.2569s
iters: 310, epoch: 10 | loss_all: 1.1122901 
Con_forecasting_loss = 0.557817
Dis_forecasting_loss = 0.554473
Dis_forecasting_acc = 81.365738
	speed: 0.0360s/iter; left time: 2789.5837s
iters: 320, epoch: 10 | loss_all: 1.1550288 
Con_forecasting_loss = 0.587744
Dis_forecasting_loss = 0.567285
Dis_forecasting_acc = 81.655090
	speed: 0.0358s/iter; left time: 2774.1728s
iters: 330, epoch: 10 | loss_all: 1.1452186 
Con_forecasting_loss = 0.577604
Dis_forecasting_loss = 0.567615
Dis_forecasting_acc = 80.555557
	speed: 0.0364s/iter; left time: 2821.3872s
iters: 340, epoch: 10 | loss_all: 1.1281317 
Con_forecasting_loss = 0.575691
Dis_forecasting_loss = 0.552441
Dis_forecasting_acc = 81.770828
	speed: 0.0364s/iter; left time: 2817.2435s
iters: 350, epoch: 10 | loss_all: 1.0966202 
Con_forecasting_loss = 0.521286
Dis_forecasting_loss = 0.575335
Dis_forecasting_acc = 81.394676
	speed: 0.0360s/iter; left time: 2786.2975s
iters: 360, epoch: 10 | loss_all: 1.1044867 
Con_forecasting_loss = 0.556496
Dis_forecasting_loss = 0.547990
Dis_forecasting_acc = 81.886581
	speed: 0.0359s/iter; left time: 2779.5358s
iters: 370, epoch: 10 | loss_all: 1.1374693 
Con_forecasting_loss = 0.535990
Dis_forecasting_loss = 0.601480
Dis_forecasting_acc = 79.282410
	speed: 0.0358s/iter; left time: 2773.5543s
iters: 380, epoch: 10 | loss_all: 1.1142457 
Con_forecasting_loss = 0.523067
Dis_forecasting_loss = 0.591179
Dis_forecasting_acc = 80.584488
	speed: 0.0360s/iter; left time: 2784.1734s
iters: 390, epoch: 10 | loss_all: 1.1531374 
Con_forecasting_loss = 0.576989
Dis_forecasting_loss = 0.576148
Dis_forecasting_acc = 81.423607
	speed: 0.0374s/iter; left time: 2894.8443s
iters: 400, epoch: 10 | loss_all: 1.1022019 
Con_forecasting_loss = 0.565885
Dis_forecasting_loss = 0.536316
Dis_forecasting_acc = 82.436340
	speed: 0.0352s/iter; left time: 2720.0646s
Epoch: 10 cost time: 15.178789138793945
Epoch: 10, Steps: 407 | Train Loss: 1.12463 Vali Loss: 0.50151 Test Loss: 0.51178 
EarlyStopping counter: 1 out of 3
Updating learning rate to 1.953125e-07
iters: 10, epoch: 11 | loss_all: 1.1700754 
Con_forecasting_loss = 0.586431
Dis_forecasting_loss = 0.583645
Dis_forecasting_acc = 81.134262
	speed: 0.2665s/iter; left time: 20605.8305s
iters: 20, epoch: 11 | loss_all: 1.1544460 
Con_forecasting_loss = 0.560191
Dis_forecasting_loss = 0.594255
Dis_forecasting_acc = 79.600700
	speed: 0.0446s/iter; left time: 3447.7857s
iters: 30, epoch: 11 | loss_all: 1.1767271 
Con_forecasting_loss = 0.554618
Dis_forecasting_loss = 0.622109
Dis_forecasting_acc = 78.501160
	speed: 0.0392s/iter; left time: 3030.4772s
iters: 40, epoch: 11 | loss_all: 1.1585071 
Con_forecasting_loss = 0.601704
Dis_forecasting_loss = 0.556803
Dis_forecasting_acc = 81.828705
	speed: 0.0387s/iter; left time: 2989.1114s
iters: 50, epoch: 11 | loss_all: 1.0829582 
Con_forecasting_loss = 0.520954
Dis_forecasting_loss = 0.562004
Dis_forecasting_acc = 81.712959
	speed: 0.0394s/iter; left time: 3047.6669s
iters: 60, epoch: 11 | loss_all: 1.1310784 
Con_forecasting_loss = 0.582897
Dis_forecasting_loss = 0.548182
Dis_forecasting_acc = 82.667831
	speed: 0.0382s/iter; left time: 2948.9241s
iters: 70, epoch: 11 | loss_all: 1.1599953 
Con_forecasting_loss = 0.587386
Dis_forecasting_loss = 0.572609
Dis_forecasting_acc = 80.526619
	speed: 0.0356s/iter; left time: 2748.3084s
iters: 80, epoch: 11 | loss_all: 1.1521993 
Con_forecasting_loss = 0.575696
Dis_forecasting_loss = 0.576503
Dis_forecasting_acc = 80.758102
	speed: 0.0373s/iter; left time: 2884.7676s
iters: 90, epoch: 11 | loss_all: 1.1944270 
Con_forecasting_loss = 0.609985
Dis_forecasting_loss = 0.584442
Dis_forecasting_acc = 80.497688
	speed: 0.0355s/iter; left time: 2744.8696s
iters: 100, epoch: 11 | loss_all: 1.1751740 
Con_forecasting_loss = 0.572494
Dis_forecasting_loss = 0.602680
Dis_forecasting_acc = 79.890045
	speed: 0.0358s/iter; left time: 2763.2424s
iters: 110, epoch: 11 | loss_all: 1.1296861 
Con_forecasting_loss = 0.550554
Dis_forecasting_loss = 0.579132
Dis_forecasting_acc = 81.250000
	speed: 0.0370s/iter; left time: 2856.3863s
iters: 120, epoch: 11 | loss_all: 1.1366222 
Con_forecasting_loss = 0.568849
Dis_forecasting_loss = 0.567773
Dis_forecasting_acc = 81.481483
	speed: 0.0359s/iter; left time: 2771.4034s
iters: 130, epoch: 11 | loss_all: 1.1158149 
Con_forecasting_loss = 0.568559
Dis_forecasting_loss = 0.547256
Dis_forecasting_acc = 82.407410
	speed: 0.0371s/iter; left time: 2862.2819s
iters: 140, epoch: 11 | loss_all: 1.1049310 
Con_forecasting_loss = 0.581433
Dis_forecasting_loss = 0.523498
Dis_forecasting_acc = 82.523148
	speed: 0.0360s/iter; left time: 2777.0900s
iters: 150, epoch: 11 | loss_all: 1.0986291 
Con_forecasting_loss = 0.505281
Dis_forecasting_loss = 0.593348
Dis_forecasting_acc = 81.047455
	speed: 0.0356s/iter; left time: 2749.6416s
iters: 160, epoch: 11 | loss_all: 1.1118931 
Con_forecasting_loss = 0.540485
Dis_forecasting_loss = 0.571408
Dis_forecasting_acc = 81.626160
	speed: 0.0358s/iter; left time: 2760.0377s
iters: 170, epoch: 11 | loss_all: 1.1537355 
Con_forecasting_loss = 0.567308
Dis_forecasting_loss = 0.586427
Dis_forecasting_acc = 80.266205
	speed: 0.0357s/iter; left time: 2756.1884s
iters: 180, epoch: 11 | loss_all: 1.1122326 
Con_forecasting_loss = 0.528394
Dis_forecasting_loss = 0.583839
Dis_forecasting_acc = 80.092590
	speed: 0.0357s/iter; left time: 2757.6356s
iters: 190, epoch: 11 | loss_all: 1.1639857 
Con_forecasting_loss = 0.595962
Dis_forecasting_loss = 0.568024
Dis_forecasting_acc = 81.510422
	speed: 0.0359s/iter; left time: 2772.7347s
iters: 200, epoch: 11 | loss_all: 1.1336777 
Con_forecasting_loss = 0.567555
Dis_forecasting_loss = 0.566123
Dis_forecasting_acc = 81.799767
	speed: 0.0362s/iter; left time: 2791.1068s
iters: 210, epoch: 11 | loss_all: 1.1303713 
Con_forecasting_loss = 0.584296
Dis_forecasting_loss = 0.546076
Dis_forecasting_acc = 81.365738
	speed: 0.0370s/iter; left time: 2856.4144s
iters: 220, epoch: 11 | loss_all: 1.1394377 
Con_forecasting_loss = 0.591043
Dis_forecasting_loss = 0.548395
Dis_forecasting_acc = 81.105331
	speed: 0.0376s/iter; left time: 2902.9783s
iters: 230, epoch: 11 | loss_all: 1.1266963 
Con_forecasting_loss = 0.579889
Dis_forecasting_loss = 0.546807
Dis_forecasting_acc = 82.233795
	speed: 0.0368s/iter; left time: 2839.2472s
iters: 240, epoch: 11 | loss_all: 1.1377766 
Con_forecasting_loss = 0.584573
Dis_forecasting_loss = 0.553203
Dis_forecasting_acc = 81.684029
	speed: 0.0363s/iter; left time: 2797.6840s
iters: 250, epoch: 11 | loss_all: 1.0335240 
Con_forecasting_loss = 0.534330
Dis_forecasting_loss = 0.499194
Dis_forecasting_acc = 84.288200
	speed: 0.0391s/iter; left time: 3012.0167s
iters: 260, epoch: 11 | loss_all: 1.1294026 
Con_forecasting_loss = 0.574643
Dis_forecasting_loss = 0.554760
Dis_forecasting_acc = 81.770828
	speed: 0.0405s/iter; left time: 3119.4973s
iters: 270, epoch: 11 | loss_all: 1.1052504 
Con_forecasting_loss = 0.500612
Dis_forecasting_loss = 0.604638
Dis_forecasting_acc = 80.208328
	speed: 0.0407s/iter; left time: 3139.7564s
iters: 280, epoch: 11 | loss_all: 1.2286237 
Con_forecasting_loss = 0.611917
Dis_forecasting_loss = 0.616707
Dis_forecasting_acc = 78.443291
	speed: 0.0381s/iter; left time: 2938.9060s
iters: 290, epoch: 11 | loss_all: 1.1733515 
Con_forecasting_loss = 0.586595
Dis_forecasting_loss = 0.586756
Dis_forecasting_acc = 79.947922
	speed: 0.0377s/iter; left time: 2903.5207s
iters: 300, epoch: 11 | loss_all: 1.1320019 
Con_forecasting_loss = 0.601958
Dis_forecasting_loss = 0.530044
Dis_forecasting_acc = 82.320602
	speed: 0.0375s/iter; left time: 2887.1455s
iters: 310, epoch: 11 | loss_all: 1.0797851 
Con_forecasting_loss = 0.529396
Dis_forecasting_loss = 0.550389
Dis_forecasting_acc = 82.638893
	speed: 0.0356s/iter; left time: 2742.6101s
iters: 320, epoch: 11 | loss_all: 1.1680262 
Con_forecasting_loss = 0.561879
Dis_forecasting_loss = 0.606147
Dis_forecasting_acc = 79.890045
	speed: 0.0352s/iter; left time: 2713.2090s
iters: 330, epoch: 11 | loss_all: 1.1546307 
Con_forecasting_loss = 0.564069
Dis_forecasting_loss = 0.590562
Dis_forecasting_acc = 79.774307
	speed: 0.0353s/iter; left time: 2717.8447s
iters: 340, epoch: 11 | loss_all: 1.1217580 
Con_forecasting_loss = 0.517853
Dis_forecasting_loss = 0.603905
Dis_forecasting_acc = 79.456017
	speed: 0.0360s/iter; left time: 2773.8834s
iters: 350, epoch: 11 | loss_all: 1.1106752 
Con_forecasting_loss = 0.541048
Dis_forecasting_loss = 0.569628
Dis_forecasting_acc = 81.944450
	speed: 0.0363s/iter; left time: 2794.0793s
iters: 360, epoch: 11 | loss_all: 1.0869608 
Con_forecasting_loss = 0.548901
Dis_forecasting_loss = 0.538060
Dis_forecasting_acc = 82.986107
	speed: 0.0356s/iter; left time: 2738.5614s
iters: 370, epoch: 11 | loss_all: 1.1346684 
Con_forecasting_loss = 0.556911
Dis_forecasting_loss = 0.577757
Dis_forecasting_acc = 80.208328
	speed: 0.0357s/iter; left time: 2748.4847s
iters: 380, epoch: 11 | loss_all: 1.1675143 
Con_forecasting_loss = 0.598735
Dis_forecasting_loss = 0.568780
Dis_forecasting_acc = 81.423607
	speed: 0.0357s/iter; left time: 2747.7772s
iters: 390, epoch: 11 | loss_all: 1.1610538 
Con_forecasting_loss = 0.536935
Dis_forecasting_loss = 0.624118
Dis_forecasting_acc = 78.790512
	speed: 0.0364s/iter; left time: 2798.7673s
iters: 400, epoch: 11 | loss_all: 1.1216114 
Con_forecasting_loss = 0.548529
Dis_forecasting_loss = 0.573083
Dis_forecasting_acc = 81.047455
	speed: 0.0352s/iter; left time: 2708.9818s
Epoch: 11 cost time: 15.339253425598145
Epoch: 11, Steps: 407 | Train Loss: 1.12382 Vali Loss: 0.49990 Test Loss: 0.51112 
Validation loss decreased (0.500645 --> 0.499897).  Saving model ...
Updating learning rate to 9.765625e-08
iters: 10, epoch: 12 | loss_all: 1.0933807 
Con_forecasting_loss = 0.563085
Dis_forecasting_loss = 0.530296
Dis_forecasting_acc = 82.725700
	speed: 0.2743s/iter; left time: 21096.5642s
iters: 20, epoch: 12 | loss_all: 1.0743213 
Con_forecasting_loss = 0.530415
Dis_forecasting_loss = 0.543907
Dis_forecasting_acc = 82.783569
	speed: 0.0368s/iter; left time: 2829.6402s
iters: 30, epoch: 12 | loss_all: 1.1510379 
Con_forecasting_loss = 0.598082
Dis_forecasting_loss = 0.552956
Dis_forecasting_acc = 81.423607
	speed: 0.0374s/iter; left time: 2877.7153s
iters: 40, epoch: 12 | loss_all: 1.1319348 
Con_forecasting_loss = 0.562229
Dis_forecasting_loss = 0.569705
Dis_forecasting_acc = 81.886581
	speed: 0.0371s/iter; left time: 2855.5258s
iters: 50, epoch: 12 | loss_all: 1.1392097 
Con_forecasting_loss = 0.559089
Dis_forecasting_loss = 0.580121
Dis_forecasting_acc = 81.018517
	speed: 0.0373s/iter; left time: 2863.8951s
iters: 60, epoch: 12 | loss_all: 1.1085433 
Con_forecasting_loss = 0.546746
Dis_forecasting_loss = 0.561798
Dis_forecasting_acc = 81.626160
	speed: 0.0375s/iter; left time: 2880.0140s
iters: 70, epoch: 12 | loss_all: 1.1144682 
Con_forecasting_loss = 0.560745
Dis_forecasting_loss = 0.553723
Dis_forecasting_acc = 82.494209
	speed: 0.0394s/iter; left time: 3028.1488s
iters: 80, epoch: 12 | loss_all: 1.1372228 
Con_forecasting_loss = 0.566952
Dis_forecasting_loss = 0.570270
Dis_forecasting_acc = 81.452545
	speed: 0.0405s/iter; left time: 3115.5803s
iters: 90, epoch: 12 | loss_all: 1.0881314 
Con_forecasting_loss = 0.545264
Dis_forecasting_loss = 0.542867
Dis_forecasting_acc = 81.857643
	speed: 0.0407s/iter; left time: 3129.8976s
iters: 100, epoch: 12 | loss_all: 1.1463447 
Con_forecasting_loss = 0.573047
Dis_forecasting_loss = 0.573298
Dis_forecasting_acc = 82.204857
	speed: 0.0403s/iter; left time: 3097.6584s
iters: 110, epoch: 12 | loss_all: 1.1227651 
Con_forecasting_loss = 0.528786
Dis_forecasting_loss = 0.593979
Dis_forecasting_acc = 80.005791
	speed: 0.0406s/iter; left time: 3115.6167s
iters: 120, epoch: 12 | loss_all: 1.1025929 
Con_forecasting_loss = 0.547074
Dis_forecasting_loss = 0.555519
Dis_forecasting_acc = 81.886581
	speed: 0.0405s/iter; left time: 3111.4627s
iters: 130, epoch: 12 | loss_all: 1.0756357 
Con_forecasting_loss = 0.523739
Dis_forecasting_loss = 0.551897
Dis_forecasting_acc = 82.175926
	speed: 0.0405s/iter; left time: 3108.5694s
iters: 140, epoch: 12 | loss_all: 1.0847144 
Con_forecasting_loss = 0.514089
Dis_forecasting_loss = 0.570625
Dis_forecasting_acc = 80.497688
	speed: 0.0405s/iter; left time: 3110.7696s
iters: 150, epoch: 12 | loss_all: 1.1794593 
Con_forecasting_loss = 0.554322
Dis_forecasting_loss = 0.625137
Dis_forecasting_acc = 78.674767
	speed: 0.0396s/iter; left time: 3042.7080s
iters: 160, epoch: 12 | loss_all: 1.0501231 
Con_forecasting_loss = 0.501233
Dis_forecasting_loss = 0.548890
Dis_forecasting_acc = 82.233795
	speed: 0.0361s/iter; left time: 2773.9591s
iters: 170, epoch: 12 | loss_all: 1.1378543 
Con_forecasting_loss = 0.569602
Dis_forecasting_loss = 0.568252
Dis_forecasting_acc = 81.452545
	speed: 0.0353s/iter; left time: 2709.4266s
iters: 180, epoch: 12 | loss_all: 1.1532788 
Con_forecasting_loss = 0.581732
Dis_forecasting_loss = 0.571546
Dis_forecasting_acc = 81.394676
	speed: 0.0357s/iter; left time: 2738.0381s
iters: 190, epoch: 12 | loss_all: 1.0868418 
Con_forecasting_loss = 0.543630
Dis_forecasting_loss = 0.543212
Dis_forecasting_acc = 83.159721
	speed: 0.0366s/iter; left time: 2810.9191s
iters: 200, epoch: 12 | loss_all: 1.1910989 
Con_forecasting_loss = 0.582258
Dis_forecasting_loss = 0.608841
Dis_forecasting_acc = 79.369209
	speed: 0.0369s/iter; left time: 2834.5177s
iters: 210, epoch: 12 | loss_all: 1.0964768 
Con_forecasting_loss = 0.550614
Dis_forecasting_loss = 0.545863
Dis_forecasting_acc = 82.523148
	speed: 0.0363s/iter; left time: 2788.1579s
iters: 220, epoch: 12 | loss_all: 1.1383646 
Con_forecasting_loss = 0.572855
Dis_forecasting_loss = 0.565510
Dis_forecasting_acc = 81.105331
	speed: 0.0375s/iter; left time: 2875.3357s
iters: 230, epoch: 12 | loss_all: 1.1444688 
Con_forecasting_loss = 0.566854
Dis_forecasting_loss = 0.577615
Dis_forecasting_acc = 81.105331
	speed: 0.0365s/iter; left time: 2797.9121s
iters: 240, epoch: 12 | loss_all: 1.1428716 
Con_forecasting_loss = 0.539285
Dis_forecasting_loss = 0.603587
Dis_forecasting_acc = 79.658569
	speed: 0.0380s/iter; left time: 2911.9818s
iters: 250, epoch: 12 | loss_all: 1.0782109 
Con_forecasting_loss = 0.539704
Dis_forecasting_loss = 0.538507
Dis_forecasting_acc = 82.523148
	speed: 0.0371s/iter; left time: 2841.4743s
iters: 260, epoch: 12 | loss_all: 1.0873396 
Con_forecasting_loss = 0.514430
Dis_forecasting_loss = 0.572910
Dis_forecasting_acc = 81.539352
	speed: 0.0362s/iter; left time: 2776.3279s
iters: 270, epoch: 12 | loss_all: 1.0844697 
Con_forecasting_loss = 0.569367
Dis_forecasting_loss = 0.515103
Dis_forecasting_acc = 83.680557
	speed: 0.0368s/iter; left time: 2817.7642s
iters: 280, epoch: 12 | loss_all: 1.1560309 
Con_forecasting_loss = 0.593711
Dis_forecasting_loss = 0.562319
Dis_forecasting_acc = 81.481483
	speed: 0.0363s/iter; left time: 2781.3579s
iters: 290, epoch: 12 | loss_all: 1.0812354 
Con_forecasting_loss = 0.509226
Dis_forecasting_loss = 0.572009
Dis_forecasting_acc = 81.365738
	speed: 0.0406s/iter; left time: 3110.8755s
iters: 300, epoch: 12 | loss_all: 1.1538720 
Con_forecasting_loss = 0.566535
Dis_forecasting_loss = 0.587337
Dis_forecasting_acc = 80.642357
	speed: 0.0360s/iter; left time: 2755.4379s
iters: 310, epoch: 12 | loss_all: 1.1785479 
Con_forecasting_loss = 0.540101
Dis_forecasting_loss = 0.638447
Dis_forecasting_acc = 77.517357
	speed: 0.0365s/iter; left time: 2794.5077s
iters: 320, epoch: 12 | loss_all: 1.1153700 
Con_forecasting_loss = 0.567379
Dis_forecasting_loss = 0.547991
Dis_forecasting_acc = 81.828705
	speed: 0.0365s/iter; left time: 2793.4617s
iters: 330, epoch: 12 | loss_all: 1.1127863 
Con_forecasting_loss = 0.553305
Dis_forecasting_loss = 0.559481
Dis_forecasting_acc = 80.613426
	speed: 0.0410s/iter; left time: 3143.7988s
iters: 340, epoch: 12 | loss_all: 1.1096628 
Con_forecasting_loss = 0.535326
Dis_forecasting_loss = 0.574337
Dis_forecasting_acc = 80.613426
	speed: 0.0363s/iter; left time: 2778.6930s
iters: 350, epoch: 12 | loss_all: 1.0895646 
Con_forecasting_loss = 0.547183
Dis_forecasting_loss = 0.542381
Dis_forecasting_acc = 82.725700
	speed: 0.0362s/iter; left time: 2775.5004s
iters: 360, epoch: 12 | loss_all: 1.1070086 
Con_forecasting_loss = 0.554762
Dis_forecasting_loss = 0.552246
Dis_forecasting_acc = 82.349541
	speed: 0.0367s/iter; left time: 2807.4426s
iters: 370, epoch: 12 | loss_all: 1.0713744 
Con_forecasting_loss = 0.526193
Dis_forecasting_loss = 0.545181
Dis_forecasting_acc = 82.204857
	speed: 0.0363s/iter; left time: 2780.8078s
iters: 380, epoch: 12 | loss_all: 1.1041684 
Con_forecasting_loss = 0.574720
Dis_forecasting_loss = 0.529448
Dis_forecasting_acc = 82.667831
	speed: 0.0364s/iter; left time: 2789.4488s
iters: 390, epoch: 12 | loss_all: 1.1093457 
Con_forecasting_loss = 0.510784
Dis_forecasting_loss = 0.598562
Dis_forecasting_acc = 79.340279
	speed: 0.0368s/iter; left time: 2817.4897s
iters: 400, epoch: 12 | loss_all: 1.1832092 
Con_forecasting_loss = 0.605887
Dis_forecasting_loss = 0.577322
Dis_forecasting_acc = 81.597221
	speed: 0.0362s/iter; left time: 2771.5936s
Epoch: 12 cost time: 15.620965480804443
Epoch: 12, Steps: 407 | Train Loss: 1.12322 Vali Loss: 0.50010 Test Loss: 0.51068 
EarlyStopping counter: 1 out of 3
Updating learning rate to 4.8828125e-08
iters: 10, epoch: 13 | loss_all: 1.1073161 
Con_forecasting_loss = 0.553665
Dis_forecasting_loss = 0.553651
Dis_forecasting_acc = 81.394676
	speed: 0.2879s/iter; left time: 22025.4091s
iters: 20, epoch: 13 | loss_all: 1.1872976 
Con_forecasting_loss = 0.589451
Dis_forecasting_loss = 0.597847
Dis_forecasting_acc = 80.555557
	speed: 0.0439s/iter; left time: 3355.3012s
iters: 30, epoch: 13 | loss_all: 1.1192775 
Con_forecasting_loss = 0.535426
Dis_forecasting_loss = 0.583851
Dis_forecasting_acc = 80.179398
	speed: 0.0399s/iter; left time: 3052.9833s
iters: 40, epoch: 13 | loss_all: 1.1550825 
Con_forecasting_loss = 0.600436
Dis_forecasting_loss = 0.554647
Dis_forecasting_acc = 81.770828
	speed: 0.0374s/iter; left time: 2861.2013s
iters: 50, epoch: 13 | loss_all: 1.1313059 
Con_forecasting_loss = 0.535962
Dis_forecasting_loss = 0.595344
Dis_forecasting_acc = 80.468750
	speed: 0.0391s/iter; left time: 2989.9821s
iters: 60, epoch: 13 | loss_all: 1.0799335 
Con_forecasting_loss = 0.530485
Dis_forecasting_loss = 0.549449
Dis_forecasting_acc = 82.204857
	speed: 0.0380s/iter; left time: 2906.4843s
iters: 70, epoch: 13 | loss_all: 1.1521295 
Con_forecasting_loss = 0.564390
Dis_forecasting_loss = 0.587739
Dis_forecasting_acc = 80.642357
	speed: 0.0370s/iter; left time: 2826.8978s
iters: 80, epoch: 13 | loss_all: 1.1659379 
Con_forecasting_loss = 0.580510
Dis_forecasting_loss = 0.585428
Dis_forecasting_acc = 79.976852
	speed: 0.0371s/iter; left time: 2836.5894s
iters: 90, epoch: 13 | loss_all: 1.1570632 
Con_forecasting_loss = 0.583596
Dis_forecasting_loss = 0.573467
Dis_forecasting_acc = 81.365738
	speed: 0.0367s/iter; left time: 2805.1468s
iters: 100, epoch: 13 | loss_all: 1.1071870 
Con_forecasting_loss = 0.573314
Dis_forecasting_loss = 0.533873
Dis_forecasting_acc = 82.494209
	speed: 0.0355s/iter; left time: 2715.6950s
iters: 110, epoch: 13 | loss_all: 1.1059579 
Con_forecasting_loss = 0.546164
Dis_forecasting_loss = 0.559794
Dis_forecasting_acc = 82.581017
	speed: 0.0354s/iter; left time: 2704.0343s
iters: 120, epoch: 13 | loss_all: 1.0975745 
Con_forecasting_loss = 0.521614
Dis_forecasting_loss = 0.575960
Dis_forecasting_acc = 80.642357
	speed: 0.0354s/iter; left time: 2702.0156s
iters: 130, epoch: 13 | loss_all: 1.1612253 
Con_forecasting_loss = 0.568940
Dis_forecasting_loss = 0.592286
Dis_forecasting_acc = 80.700233
	speed: 0.0357s/iter; left time: 2724.0518s
iters: 140, epoch: 13 | loss_all: 1.1313572 
Con_forecasting_loss = 0.551704
Dis_forecasting_loss = 0.579653
Dis_forecasting_acc = 80.989578
	speed: 0.0380s/iter; left time: 2902.6984s
iters: 150, epoch: 13 | loss_all: 1.1221650 
Con_forecasting_loss = 0.558782
Dis_forecasting_loss = 0.563383
Dis_forecasting_acc = 81.047455
	speed: 0.0406s/iter; left time: 3101.0766s
iters: 160, epoch: 13 | loss_all: 1.1406550 
Con_forecasting_loss = 0.564339
Dis_forecasting_loss = 0.576317
Dis_forecasting_acc = 81.250000
	speed: 0.0409s/iter; left time: 3125.3673s
iters: 170, epoch: 13 | loss_all: 1.1283083 
Con_forecasting_loss = 0.571932
Dis_forecasting_loss = 0.556377
Dis_forecasting_acc = 82.060188
	speed: 0.0375s/iter; left time: 2859.8180s
iters: 180, epoch: 13 | loss_all: 1.1832948 
Con_forecasting_loss = 0.575384
Dis_forecasting_loss = 0.607911
Dis_forecasting_acc = 79.774307
	speed: 0.0365s/iter; left time: 2784.9829s
iters: 190, epoch: 13 | loss_all: 1.1136765 
Con_forecasting_loss = 0.548587
Dis_forecasting_loss = 0.565089
Dis_forecasting_acc = 81.163200
	speed: 0.0363s/iter; left time: 2773.8577s
iters: 200, epoch: 13 | loss_all: 1.1300309 
Con_forecasting_loss = 0.573446
Dis_forecasting_loss = 0.556585
Dis_forecasting_acc = 82.146988
	speed: 0.0394s/iter; left time: 3006.9521s
iters: 210, epoch: 13 | loss_all: 1.0858202 
Con_forecasting_loss = 0.538911
Dis_forecasting_loss = 0.546909
Dis_forecasting_acc = 82.436340
	speed: 0.0397s/iter; left time: 3030.0198s
iters: 220, epoch: 13 | loss_all: 1.1208336 
Con_forecasting_loss = 0.520859
Dis_forecasting_loss = 0.599975
Dis_forecasting_acc = 79.427078
	speed: 0.0388s/iter; left time: 2956.8420s
iters: 230, epoch: 13 | loss_all: 1.1478537 
Con_forecasting_loss = 0.610517
Dis_forecasting_loss = 0.537336
Dis_forecasting_acc = 82.523148
	speed: 0.0384s/iter; left time: 2925.8655s
iters: 240, epoch: 13 | loss_all: 1.1581415 
Con_forecasting_loss = 0.587811
Dis_forecasting_loss = 0.570330
Dis_forecasting_acc = 80.468750
	speed: 0.0373s/iter; left time: 2847.8902s
iters: 250, epoch: 13 | loss_all: 1.1068118 
Con_forecasting_loss = 0.566161
Dis_forecasting_loss = 0.540651
Dis_forecasting_acc = 82.320602
	speed: 0.0377s/iter; left time: 2874.7393s
iters: 260, epoch: 13 | loss_all: 1.1101589 
Con_forecasting_loss = 0.537204
Dis_forecasting_loss = 0.572955
Dis_forecasting_acc = 81.307869
	speed: 0.0374s/iter; left time: 2851.6778s
iters: 270, epoch: 13 | loss_all: 1.2261975 
Con_forecasting_loss = 0.613436
Dis_forecasting_loss = 0.612761
Dis_forecasting_acc = 79.774307
	speed: 0.0445s/iter; left time: 3396.7703s
iters: 280, epoch: 13 | loss_all: 1.1017134 
Con_forecasting_loss = 0.570709
Dis_forecasting_loss = 0.531004
Dis_forecasting_acc = 83.391205
	speed: 0.0414s/iter; left time: 3152.7004s
iters: 290, epoch: 13 | loss_all: 1.1040561 
Con_forecasting_loss = 0.552840
Dis_forecasting_loss = 0.551216
Dis_forecasting_acc = 81.481483
	speed: 0.0384s/iter; left time: 2926.7138s
iters: 300, epoch: 13 | loss_all: 1.1240686 
Con_forecasting_loss = 0.544541
Dis_forecasting_loss = 0.579528
Dis_forecasting_acc = 79.861107
	speed: 0.0402s/iter; left time: 3065.8147s
iters: 310, epoch: 13 | loss_all: 1.0592159 
Con_forecasting_loss = 0.515870
Dis_forecasting_loss = 0.543346
Dis_forecasting_acc = 82.233795
	speed: 0.0404s/iter; left time: 3080.1912s
iters: 320, epoch: 13 | loss_all: 1.0950425 
Con_forecasting_loss = 0.539251
Dis_forecasting_loss = 0.555792
Dis_forecasting_acc = 82.320602
	speed: 0.0419s/iter; left time: 3188.8913s
iters: 330, epoch: 13 | loss_all: 1.1201824 
Con_forecasting_loss = 0.553496
Dis_forecasting_loss = 0.566686
Dis_forecasting_acc = 81.047455
	speed: 0.0403s/iter; left time: 3071.7302s
iters: 340, epoch: 13 | loss_all: 1.1267642 
Con_forecasting_loss = 0.558702
Dis_forecasting_loss = 0.568062
Dis_forecasting_acc = 81.365738
	speed: 0.0390s/iter; left time: 2969.9085s
iters: 350, epoch: 13 | loss_all: 1.0718518 
Con_forecasting_loss = 0.506190
Dis_forecasting_loss = 0.565662
Dis_forecasting_acc = 80.787041
	speed: 0.0450s/iter; left time: 3427.8513s
iters: 360, epoch: 13 | loss_all: 1.1539694 
Con_forecasting_loss = 0.556688
Dis_forecasting_loss = 0.597281
Dis_forecasting_acc = 79.745369
	speed: 0.0466s/iter; left time: 3548.6081s
iters: 370, epoch: 13 | loss_all: 1.0962667 
Con_forecasting_loss = 0.566393
Dis_forecasting_loss = 0.529873
Dis_forecasting_acc = 83.188660
	speed: 0.0411s/iter; left time: 3127.1146s
iters: 380, epoch: 13 | loss_all: 1.1860499 
Con_forecasting_loss = 0.570339
Dis_forecasting_loss = 0.615711
Dis_forecasting_acc = 78.009262
	speed: 0.0405s/iter; left time: 3081.7312s
iters: 390, epoch: 13 | loss_all: 1.1156144 
Con_forecasting_loss = 0.513399
Dis_forecasting_loss = 0.602215
Dis_forecasting_acc = 79.456017
	speed: 0.0396s/iter; left time: 3013.9025s
iters: 400, epoch: 13 | loss_all: 1.1018720 
Con_forecasting_loss = 0.575300
Dis_forecasting_loss = 0.526572
Dis_forecasting_acc = 82.899307
	speed: 0.0398s/iter; left time: 3028.5075s
Epoch: 13 cost time: 16.271748781204224
Epoch: 13, Steps: 407 | Train Loss: 1.12543 Vali Loss: 0.49955 Test Loss: 0.51101 
Validation loss decreased (0.499897 --> 0.499546).  Saving model ...
Updating learning rate to 2.44140625e-08
iters: 10, epoch: 14 | loss_all: 1.1119034 
Con_forecasting_loss = 0.520562
Dis_forecasting_loss = 0.591341
Dis_forecasting_acc = 80.902779
	speed: 0.2926s/iter; left time: 22265.6489s
iters: 20, epoch: 14 | loss_all: 1.1206397 
Con_forecasting_loss = 0.536417
Dis_forecasting_loss = 0.584222
Dis_forecasting_acc = 79.658569
	speed: 0.0375s/iter; left time: 2850.8878s
iters: 30, epoch: 14 | loss_all: 1.1332877 
Con_forecasting_loss = 0.531720
Dis_forecasting_loss = 0.601567
Dis_forecasting_acc = 80.208328
	speed: 0.0377s/iter; left time: 2870.5185s
iters: 40, epoch: 14 | loss_all: 1.1324499 
Con_forecasting_loss = 0.543509
Dis_forecasting_loss = 0.588941
Dis_forecasting_acc = 79.803238
	speed: 0.0379s/iter; left time: 2880.6259s
iters: 50, epoch: 14 | loss_all: 1.1287351 
Con_forecasting_loss = 0.565334
Dis_forecasting_loss = 0.563402
Dis_forecasting_acc = 81.712959
	speed: 0.0367s/iter; left time: 2790.3311s
iters: 60, epoch: 14 | loss_all: 1.1160796 
Con_forecasting_loss = 0.558394
Dis_forecasting_loss = 0.557685
Dis_forecasting_acc = 81.857643
	speed: 0.0370s/iter; left time: 2817.1147s
iters: 70, epoch: 14 | loss_all: 1.0891550 
Con_forecasting_loss = 0.536333
Dis_forecasting_loss = 0.552822
Dis_forecasting_acc = 81.568291
	speed: 0.0390s/iter; left time: 2967.3085s
iters: 80, epoch: 14 | loss_all: 1.1022301 
Con_forecasting_loss = 0.567539
Dis_forecasting_loss = 0.534691
Dis_forecasting_acc = 82.725700
	speed: 0.0395s/iter; left time: 3004.6350s
iters: 90, epoch: 14 | loss_all: 1.1079962 
Con_forecasting_loss = 0.535575
Dis_forecasting_loss = 0.572422
Dis_forecasting_acc = 81.221069
	speed: 0.0387s/iter; left time: 2942.7957s
iters: 100, epoch: 14 | loss_all: 1.0765517 
Con_forecasting_loss = 0.528943
Dis_forecasting_loss = 0.547608
Dis_forecasting_acc = 81.336807
	speed: 0.0379s/iter; left time: 2882.4368s
iters: 110, epoch: 14 | loss_all: 1.1748695 
Con_forecasting_loss = 0.595454
Dis_forecasting_loss = 0.579416
Dis_forecasting_acc = 80.989578
	speed: 0.0373s/iter; left time: 2833.8716s
iters: 120, epoch: 14 | loss_all: 1.0991479 
Con_forecasting_loss = 0.542611
Dis_forecasting_loss = 0.556537
Dis_forecasting_acc = 81.539352
	speed: 0.0376s/iter; left time: 2855.7777s
iters: 130, epoch: 14 | loss_all: 1.0687572 
Con_forecasting_loss = 0.511385
Dis_forecasting_loss = 0.557373
Dis_forecasting_acc = 81.539352
	speed: 0.0379s/iter; left time: 2880.9024s
iters: 140, epoch: 14 | loss_all: 1.1438220 
Con_forecasting_loss = 0.571834
Dis_forecasting_loss = 0.571988
Dis_forecasting_acc = 81.278938
	speed: 0.0381s/iter; left time: 2897.6959s
iters: 150, epoch: 14 | loss_all: 1.1214283 
Con_forecasting_loss = 0.572221
Dis_forecasting_loss = 0.549207
Dis_forecasting_acc = 82.436340
	speed: 0.0375s/iter; left time: 2847.5094s
iters: 160, epoch: 14 | loss_all: 1.2081473 
Con_forecasting_loss = 0.624048
Dis_forecasting_loss = 0.584099
Dis_forecasting_acc = 81.163200
	speed: 0.0399s/iter; left time: 3033.6331s
iters: 170, epoch: 14 | loss_all: 1.0986032 
Con_forecasting_loss = 0.524730
Dis_forecasting_loss = 0.573874
Dis_forecasting_acc = 81.481483
	speed: 0.0375s/iter; left time: 2847.3046s
iters: 180, epoch: 14 | loss_all: 1.0918705 
Con_forecasting_loss = 0.512374
Dis_forecasting_loss = 0.579497
Dis_forecasting_acc = 81.365738
	speed: 0.0429s/iter; left time: 3259.0835s
iters: 190, epoch: 14 | loss_all: 1.1514490 
Con_forecasting_loss = 0.590344
Dis_forecasting_loss = 0.561105
Dis_forecasting_acc = 81.684029
	speed: 0.0455s/iter; left time: 3454.3051s
iters: 200, epoch: 14 | loss_all: 1.0788853 
Con_forecasting_loss = 0.507076
Dis_forecasting_loss = 0.571810
Dis_forecasting_acc = 80.902779
	speed: 0.0440s/iter; left time: 3338.9256s
iters: 210, epoch: 14 | loss_all: 1.1172394 
Con_forecasting_loss = 0.576738
Dis_forecasting_loss = 0.540501
Dis_forecasting_acc = 83.130791
	speed: 0.0463s/iter; left time: 3511.0435s
iters: 220, epoch: 14 | loss_all: 1.0842061 
Con_forecasting_loss = 0.541732
Dis_forecasting_loss = 0.542474
Dis_forecasting_acc = 82.233795
	speed: 0.0449s/iter; left time: 3407.9486s
iters: 230, epoch: 14 | loss_all: 1.0798922 
Con_forecasting_loss = 0.553444
Dis_forecasting_loss = 0.526448
Dis_forecasting_acc = 82.638893
	speed: 0.0479s/iter; left time: 3634.2022s
iters: 240, epoch: 14 | loss_all: 1.1251514 
Con_forecasting_loss = 0.557852
Dis_forecasting_loss = 0.567299
Dis_forecasting_acc = 81.076393
	speed: 0.0413s/iter; left time: 3134.2856s
iters: 250, epoch: 14 | loss_all: 1.1417816 
Con_forecasting_loss = 0.565616
Dis_forecasting_loss = 0.576166
Dis_forecasting_acc = 80.005791
	speed: 0.0355s/iter; left time: 2690.9990s
iters: 260, epoch: 14 | loss_all: 1.1256962 
Con_forecasting_loss = 0.535381
Dis_forecasting_loss = 0.590315
Dis_forecasting_acc = 80.237267
	speed: 0.0353s/iter; left time: 2676.1662s
iters: 270, epoch: 14 | loss_all: 1.1660881 
Con_forecasting_loss = 0.569827
Dis_forecasting_loss = 0.596261
Dis_forecasting_acc = 79.456017
	speed: 0.0354s/iter; left time: 2686.0187s
iters: 280, epoch: 14 | loss_all: 1.1415539 
Con_forecasting_loss = 0.553347
Dis_forecasting_loss = 0.588207
Dis_forecasting_acc = 80.381950
	speed: 0.0353s/iter; left time: 2678.4653s
iters: 290, epoch: 14 | loss_all: 1.0989625 
Con_forecasting_loss = 0.523772
Dis_forecasting_loss = 0.575191
Dis_forecasting_acc = 81.857643
	speed: 0.0357s/iter; left time: 2704.5044s
iters: 300, epoch: 14 | loss_all: 1.0700494 
Con_forecasting_loss = 0.489064
Dis_forecasting_loss = 0.580986
Dis_forecasting_acc = 80.497688
	speed: 0.0409s/iter; left time: 3102.7467s
iters: 310, epoch: 14 | loss_all: 1.1321583 
Con_forecasting_loss = 0.569020
Dis_forecasting_loss = 0.563138
Dis_forecasting_acc = 81.047455
	speed: 0.0422s/iter; left time: 3196.8655s
iters: 320, epoch: 14 | loss_all: 1.1445389 
Con_forecasting_loss = 0.608089
Dis_forecasting_loss = 0.536449
Dis_forecasting_acc = 82.552078
	speed: 0.0459s/iter; left time: 3476.6350s
iters: 330, epoch: 14 | loss_all: 1.1012378 
Con_forecasting_loss = 0.512316
Dis_forecasting_loss = 0.588921
Dis_forecasting_acc = 79.716438
	speed: 0.0481s/iter; left time: 3646.5208s
iters: 340, epoch: 14 | loss_all: 1.0699360 
Con_forecasting_loss = 0.531669
Dis_forecasting_loss = 0.538267
Dis_forecasting_acc = 82.696762
	speed: 0.0416s/iter; left time: 3155.1221s
iters: 350, epoch: 14 | loss_all: 1.1970097 
Con_forecasting_loss = 0.613022
Dis_forecasting_loss = 0.583988
Dis_forecasting_acc = 80.873840
	speed: 0.0391s/iter; left time: 2962.0790s
iters: 360, epoch: 14 | loss_all: 1.1103538 
Con_forecasting_loss = 0.570858
Dis_forecasting_loss = 0.539496
Dis_forecasting_acc = 82.146988
	speed: 0.0373s/iter; left time: 2822.0880s
iters: 370, epoch: 14 | loss_all: 1.1421666 
Con_forecasting_loss = 0.533719
Dis_forecasting_loss = 0.608448
Dis_forecasting_acc = 80.121529
	speed: 0.0374s/iter; left time: 2834.5853s
iters: 380, epoch: 14 | loss_all: 1.1330078 
Con_forecasting_loss = 0.581963
Dis_forecasting_loss = 0.551045
Dis_forecasting_acc = 81.712959
	speed: 0.0385s/iter; left time: 2916.1809s
iters: 390, epoch: 14 | loss_all: 1.0728281 
Con_forecasting_loss = 0.537628
Dis_forecasting_loss = 0.535200
Dis_forecasting_acc = 82.638893
	speed: 0.0424s/iter; left time: 3211.0265s
iters: 400, epoch: 14 | loss_all: 1.1111799 
Con_forecasting_loss = 0.533869
Dis_forecasting_loss = 0.577311
Dis_forecasting_acc = 80.960648
	speed: 0.0396s/iter; left time: 2999.5016s
Epoch: 14 cost time: 16.44757580757141
Epoch: 14, Steps: 407 | Train Loss: 1.12406 Vali Loss: 0.49970 Test Loss: 0.51113 
EarlyStopping counter: 1 out of 3
Updating learning rate to 1.220703125e-08
iters: 10, epoch: 15 | loss_all: 1.1314917 
Con_forecasting_loss = 0.545074
Dis_forecasting_loss = 0.586417
Dis_forecasting_acc = 80.584488
	speed: 0.2833s/iter; left time: 21447.3961s
iters: 20, epoch: 15 | loss_all: 1.1100881 
Con_forecasting_loss = 0.559362
Dis_forecasting_loss = 0.550726
Dis_forecasting_acc = 81.915512
	speed: 0.0424s/iter; left time: 3208.5083s
iters: 30, epoch: 15 | loss_all: 1.0848348 
Con_forecasting_loss = 0.530103
Dis_forecasting_loss = 0.554732
Dis_forecasting_acc = 82.349541
	speed: 0.0455s/iter; left time: 3445.4646s
iters: 40, epoch: 15 | loss_all: 1.1399760 
Con_forecasting_loss = 0.584025
Dis_forecasting_loss = 0.555951
Dis_forecasting_acc = 82.118057
	speed: 0.0427s/iter; left time: 3233.0546s
iters: 50, epoch: 15 | loss_all: 1.1754562 
Con_forecasting_loss = 0.571638
Dis_forecasting_loss = 0.603818
Dis_forecasting_acc = 79.600700
	speed: 0.0365s/iter; left time: 2760.8277s
iters: 60, epoch: 15 | loss_all: 1.0859169 
Con_forecasting_loss = 0.528096
Dis_forecasting_loss = 0.557821
Dis_forecasting_acc = 82.002319
	speed: 0.0414s/iter; left time: 3134.4086s
iters: 70, epoch: 15 | loss_all: 1.1044635 
Con_forecasting_loss = 0.555041
Dis_forecasting_loss = 0.549422
Dis_forecasting_acc = 81.915512
	speed: 0.0362s/iter; left time: 2740.5815s
iters: 80, epoch: 15 | loss_all: 1.0588963 
Con_forecasting_loss = 0.515089
Dis_forecasting_loss = 0.543808
Dis_forecasting_acc = 81.684029
	speed: 0.0375s/iter; left time: 2832.1880s
iters: 90, epoch: 15 | loss_all: 1.1287608 
Con_forecasting_loss = 0.554131
Dis_forecasting_loss = 0.574629
Dis_forecasting_acc = 80.787041
	speed: 0.0367s/iter; left time: 2774.7743s
iters: 100, epoch: 15 | loss_all: 1.1855941 
Con_forecasting_loss = 0.611527
Dis_forecasting_loss = 0.574067
Dis_forecasting_acc = 80.729172
	speed: 0.0382s/iter; left time: 2890.6120s
iters: 110, epoch: 15 | loss_all: 1.1696388 
Con_forecasting_loss = 0.563871
Dis_forecasting_loss = 0.605767
Dis_forecasting_acc = 79.629631
	speed: 0.0383s/iter; left time: 2893.5747s
iters: 120, epoch: 15 | loss_all: 1.1656915 
Con_forecasting_loss = 0.602307
Dis_forecasting_loss = 0.563385
Dis_forecasting_acc = 81.684029
	speed: 0.0406s/iter; left time: 3066.3012s
iters: 130, epoch: 15 | loss_all: 1.0892782 
Con_forecasting_loss = 0.543999
Dis_forecasting_loss = 0.545279
Dis_forecasting_acc = 82.957176
	speed: 0.0430s/iter; left time: 3251.8143s
iters: 140, epoch: 15 | loss_all: 1.0851607 
Con_forecasting_loss = 0.543176
Dis_forecasting_loss = 0.541985
Dis_forecasting_acc = 82.262733
	speed: 0.0394s/iter; left time: 2978.8058s
iters: 150, epoch: 15 | loss_all: 1.1371269 
Con_forecasting_loss = 0.557493
Dis_forecasting_loss = 0.579634
Dis_forecasting_acc = 81.481483
	speed: 0.0417s/iter; left time: 3152.7888s
iters: 160, epoch: 15 | loss_all: 1.1218970 
Con_forecasting_loss = 0.544388
Dis_forecasting_loss = 0.577509
Dis_forecasting_acc = 80.844910
	speed: 0.0390s/iter; left time: 2947.5484s
iters: 170, epoch: 15 | loss_all: 1.0967580 
Con_forecasting_loss = 0.545143
Dis_forecasting_loss = 0.551615
Dis_forecasting_acc = 82.581017
	speed: 0.0395s/iter; left time: 2981.8335s
iters: 180, epoch: 15 | loss_all: 1.0834676 
Con_forecasting_loss = 0.550273
Dis_forecasting_loss = 0.533195
Dis_forecasting_acc = 82.870369
	speed: 0.0406s/iter; left time: 3063.2998s
iters: 190, epoch: 15 | loss_all: 1.1206717 
Con_forecasting_loss = 0.574972
Dis_forecasting_loss = 0.545700
Dis_forecasting_acc = 81.655090
	speed: 0.0396s/iter; left time: 2993.9365s
iters: 200, epoch: 15 | loss_all: 1.1896172 
Con_forecasting_loss = 0.614002
Dis_forecasting_loss = 0.575616
Dis_forecasting_acc = 81.481483
	speed: 0.0384s/iter; left time: 2902.6585s
iters: 210, epoch: 15 | loss_all: 1.1885103 
Con_forecasting_loss = 0.541348
Dis_forecasting_loss = 0.647163
Dis_forecasting_acc = 76.822922
	speed: 0.0388s/iter; left time: 2932.2459s
iters: 220, epoch: 15 | loss_all: 1.1277995 
Con_forecasting_loss = 0.583054
Dis_forecasting_loss = 0.544745
Dis_forecasting_acc = 82.378471
	speed: 0.0407s/iter; left time: 3069.9738s
iters: 230, epoch: 15 | loss_all: 1.1160353 
Con_forecasting_loss = 0.561376
Dis_forecasting_loss = 0.554659
Dis_forecasting_acc = 81.365738
	speed: 0.0409s/iter; left time: 3088.4286s
iters: 240, epoch: 15 | loss_all: 1.1635574 
Con_forecasting_loss = 0.609760
Dis_forecasting_loss = 0.553798
Dis_forecasting_acc = 81.828705
	speed: 0.0415s/iter; left time: 3132.0956s
iters: 250, epoch: 15 | loss_all: 1.1570995 
Con_forecasting_loss = 0.561530
Dis_forecasting_loss = 0.595570
Dis_forecasting_acc = 80.324081
	speed: 0.0400s/iter; left time: 3021.4937s
iters: 260, epoch: 15 | loss_all: 1.1246880 
Con_forecasting_loss = 0.537736
Dis_forecasting_loss = 0.586952
Dis_forecasting_acc = 81.047455
	speed: 0.0441s/iter; left time: 3323.2733s
iters: 270, epoch: 15 | loss_all: 1.1333342 
Con_forecasting_loss = 0.569240
Dis_forecasting_loss = 0.564095
Dis_forecasting_acc = 81.684029
	speed: 0.0473s/iter; left time: 3566.7349s
iters: 280, epoch: 15 | loss_all: 1.1741997 
Con_forecasting_loss = 0.577130
Dis_forecasting_loss = 0.597070
Dis_forecasting_acc = 79.484955
	speed: 0.0477s/iter; left time: 3601.2556s
iters: 290, epoch: 15 | loss_all: 1.1187887 
Con_forecasting_loss = 0.578017
Dis_forecasting_loss = 0.540772
Dis_forecasting_acc = 82.552078
	speed: 0.0481s/iter; left time: 3624.1681s
iters: 300, epoch: 15 | loss_all: 1.2078370 
Con_forecasting_loss = 0.621713
Dis_forecasting_loss = 0.586124
Dis_forecasting_acc = 79.861107
	speed: 0.0418s/iter; left time: 3153.1684s
iters: 310, epoch: 15 | loss_all: 1.1600180 
Con_forecasting_loss = 0.548647
Dis_forecasting_loss = 0.611371
Dis_forecasting_acc = 79.600700
	speed: 0.0402s/iter; left time: 3033.0757s
iters: 320, epoch: 15 | loss_all: 1.0717294 
Con_forecasting_loss = 0.544048
Dis_forecasting_loss = 0.527681
Dis_forecasting_acc = 83.420143
	speed: 0.0428s/iter; left time: 3227.6215s
iters: 330, epoch: 15 | loss_all: 1.0694181 
Con_forecasting_loss = 0.537977
Dis_forecasting_loss = 0.531441
Dis_forecasting_acc = 83.391205
	speed: 0.0406s/iter; left time: 3058.8923s
iters: 340, epoch: 15 | loss_all: 1.1454391 
Con_forecasting_loss = 0.536124
Dis_forecasting_loss = 0.609315
Dis_forecasting_acc = 78.935188
	speed: 0.0408s/iter; left time: 3074.6936s
iters: 350, epoch: 15 | loss_all: 1.0973749 
Con_forecasting_loss = 0.542499
Dis_forecasting_loss = 0.554876
Dis_forecasting_acc = 81.973381
	speed: 0.0425s/iter; left time: 3205.1305s
iters: 360, epoch: 15 | loss_all: 1.0935434 
Con_forecasting_loss = 0.528996
Dis_forecasting_loss = 0.564547
Dis_forecasting_acc = 81.684029
	speed: 0.0411s/iter; left time: 3095.0777s
iters: 370, epoch: 15 | loss_all: 1.1447814 
Con_forecasting_loss = 0.557891
Dis_forecasting_loss = 0.586890
Dis_forecasting_acc = 80.353012
	speed: 0.0403s/iter; left time: 3034.2899s
iters: 380, epoch: 15 | loss_all: 1.1758219 
Con_forecasting_loss = 0.591410
Dis_forecasting_loss = 0.584412
Dis_forecasting_acc = 80.410881
	speed: 0.0446s/iter; left time: 3359.5233s
iters: 390, epoch: 15 | loss_all: 1.0885694 
Con_forecasting_loss = 0.508981
Dis_forecasting_loss = 0.579588
Dis_forecasting_acc = 80.179398
	speed: 0.0488s/iter; left time: 3674.5322s
iters: 400, epoch: 15 | loss_all: 1.0855961 
Con_forecasting_loss = 0.522790
Dis_forecasting_loss = 0.562806
Dis_forecasting_acc = 81.857643
	speed: 0.0398s/iter; left time: 2996.7129s
Epoch: 15 cost time: 17.114070653915405
Epoch: 15, Steps: 407 | Train Loss: 1.12342 Vali Loss: 0.50058 Test Loss: 0.51162 
EarlyStopping counter: 2 out of 3
Updating learning rate to 6.103515625e-09
iters: 10, epoch: 16 | loss_all: 1.1599274 
Con_forecasting_loss = 0.589204
Dis_forecasting_loss = 0.570723
Dis_forecasting_acc = 80.381950
	speed: 0.2671s/iter; left time: 20107.3434s
iters: 20, epoch: 16 | loss_all: 1.1549757 
Con_forecasting_loss = 0.573782
Dis_forecasting_loss = 0.581194
Dis_forecasting_acc = 81.684029
	speed: 0.0370s/iter; left time: 2786.3598s
iters: 30, epoch: 16 | loss_all: 1.1842861 
Con_forecasting_loss = 0.605740
Dis_forecasting_loss = 0.578546
Dis_forecasting_acc = 81.192131
	speed: 0.0387s/iter; left time: 2910.6109s
iters: 40, epoch: 16 | loss_all: 1.1395404 
Con_forecasting_loss = 0.546593
Dis_forecasting_loss = 0.592947
Dis_forecasting_acc = 79.340279
	speed: 0.0371s/iter; left time: 2794.4453s
iters: 50, epoch: 16 | loss_all: 1.1486042 
Con_forecasting_loss = 0.551498
Dis_forecasting_loss = 0.597106
Dis_forecasting_acc = 79.745369
	speed: 0.0365s/iter; left time: 2746.6459s
iters: 60, epoch: 16 | loss_all: 1.1028043 
Con_forecasting_loss = 0.538436
Dis_forecasting_loss = 0.564368
Dis_forecasting_acc = 81.626160
	speed: 0.0368s/iter; left time: 2771.8439s
iters: 70, epoch: 16 | loss_all: 1.0889127 
Con_forecasting_loss = 0.564771
Dis_forecasting_loss = 0.524142
Dis_forecasting_acc = 83.072922
	speed: 0.0380s/iter; left time: 2859.0839s
iters: 80, epoch: 16 | loss_all: 1.1747934 
Con_forecasting_loss = 0.596213
Dis_forecasting_loss = 0.578581
Dis_forecasting_acc = 81.221069
	speed: 0.0378s/iter; left time: 2846.3929s
iters: 90, epoch: 16 | loss_all: 1.1299324 
Con_forecasting_loss = 0.570346
Dis_forecasting_loss = 0.559587
Dis_forecasting_acc = 81.741898
	speed: 0.0371s/iter; left time: 2786.4529s
iters: 100, epoch: 16 | loss_all: 1.0941157 
Con_forecasting_loss = 0.546046
Dis_forecasting_loss = 0.548070
Dis_forecasting_acc = 81.770828
	speed: 0.0392s/iter; left time: 2946.1536s
iters: 110, epoch: 16 | loss_all: 1.0939991 
Con_forecasting_loss = 0.555080
Dis_forecasting_loss = 0.538920
Dis_forecasting_acc = 82.870369
	speed: 0.0375s/iter; left time: 2819.9680s
iters: 120, epoch: 16 | loss_all: 1.1285000 
Con_forecasting_loss = 0.570141
Dis_forecasting_loss = 0.558359
Dis_forecasting_acc = 82.581017
	speed: 0.0368s/iter; left time: 2762.8942s
iters: 130, epoch: 16 | loss_all: 1.2102001 
Con_forecasting_loss = 0.583435
Dis_forecasting_loss = 0.626765
Dis_forecasting_acc = 79.311340
	speed: 0.0358s/iter; left time: 2687.9790s
iters: 140, epoch: 16 | loss_all: 1.1014345 
Con_forecasting_loss = 0.557311
Dis_forecasting_loss = 0.544123
Dis_forecasting_acc = 81.712959
	speed: 0.0356s/iter; left time: 2672.2078s
iters: 150, epoch: 16 | loss_all: 1.0654345 
Con_forecasting_loss = 0.505275
Dis_forecasting_loss = 0.560159
Dis_forecasting_acc = 81.452545
	speed: 0.0356s/iter; left time: 2675.4713s
iters: 160, epoch: 16 | loss_all: 1.1504943 
Con_forecasting_loss = 0.552565
Dis_forecasting_loss = 0.597930
Dis_forecasting_acc = 79.918983
	speed: 0.0357s/iter; left time: 2679.0581s
iters: 170, epoch: 16 | loss_all: 1.1300163 
Con_forecasting_loss = 0.563462
Dis_forecasting_loss = 0.566554
Dis_forecasting_acc = 80.815971
	speed: 0.0355s/iter; left time: 2664.2578s
iters: 180, epoch: 16 | loss_all: 1.0981512 
Con_forecasting_loss = 0.569776
Dis_forecasting_loss = 0.528375
Dis_forecasting_acc = 83.159721
	speed: 0.0356s/iter; left time: 2671.8512s
iters: 190, epoch: 16 | loss_all: 1.1012433 
Con_forecasting_loss = 0.540181
Dis_forecasting_loss = 0.561062
Dis_forecasting_acc = 82.060188
	speed: 0.0356s/iter; left time: 2675.8701s
iters: 200, epoch: 16 | loss_all: 1.1122711 
Con_forecasting_loss = 0.554939
Dis_forecasting_loss = 0.557332
Dis_forecasting_acc = 81.221069
	speed: 0.0364s/iter; left time: 2735.3338s
iters: 210, epoch: 16 | loss_all: 1.1155796 
Con_forecasting_loss = 0.608089
Dis_forecasting_loss = 0.507490
Dis_forecasting_acc = 83.940971
	speed: 0.0373s/iter; left time: 2801.1904s
iters: 220, epoch: 16 | loss_all: 1.1562164 
Con_forecasting_loss = 0.531715
Dis_forecasting_loss = 0.624502
Dis_forecasting_acc = 78.877319
	speed: 0.0399s/iter; left time: 2997.2502s
iters: 230, epoch: 16 | loss_all: 1.1311305 
Con_forecasting_loss = 0.547474
Dis_forecasting_loss = 0.583656
Dis_forecasting_acc = 80.787041
	speed: 0.0378s/iter; left time: 2839.4601s
iters: 240, epoch: 16 | loss_all: 1.1786453 
Con_forecasting_loss = 0.586290
Dis_forecasting_loss = 0.592355
Dis_forecasting_acc = 81.105331
	speed: 0.0385s/iter; left time: 2885.9249s
iters: 250, epoch: 16 | loss_all: 1.1278460 
Con_forecasting_loss = 0.536280
Dis_forecasting_loss = 0.591566
Dis_forecasting_acc = 80.266205
	speed: 0.0362s/iter; left time: 2715.5128s
iters: 260, epoch: 16 | loss_all: 1.0539160 
Con_forecasting_loss = 0.528884
Dis_forecasting_loss = 0.525032
Dis_forecasting_acc = 83.159721
	speed: 0.0373s/iter; left time: 2799.9298s
iters: 270, epoch: 16 | loss_all: 1.1411635 
Con_forecasting_loss = 0.580138
Dis_forecasting_loss = 0.561025
Dis_forecasting_acc = 82.146988
	speed: 0.0382s/iter; left time: 2862.7893s
iters: 280, epoch: 16 | loss_all: 1.1381328 
Con_forecasting_loss = 0.568262
Dis_forecasting_loss = 0.569871
Dis_forecasting_acc = 81.163200
	speed: 0.0370s/iter; left time: 2774.3982s
iters: 290, epoch: 16 | loss_all: 1.1430362 
Con_forecasting_loss = 0.551022
Dis_forecasting_loss = 0.592014
Dis_forecasting_acc = 79.398148
	speed: 0.0377s/iter; left time: 2827.7931s
iters: 300, epoch: 16 | loss_all: 1.0998003 
Con_forecasting_loss = 0.554688
Dis_forecasting_loss = 0.545113
Dis_forecasting_acc = 82.436340
	speed: 0.0395s/iter; left time: 2960.6253s
iters: 310, epoch: 16 | loss_all: 1.1365950 
Con_forecasting_loss = 0.557831
Dis_forecasting_loss = 0.578764
Dis_forecasting_acc = 80.815971
	speed: 0.0404s/iter; left time: 3026.9086s
iters: 320, epoch: 16 | loss_all: 1.1083024 
Con_forecasting_loss = 0.558497
Dis_forecasting_loss = 0.549805
Dis_forecasting_acc = 82.146988
	speed: 0.0412s/iter; left time: 3088.0705s
iters: 330, epoch: 16 | loss_all: 1.1255765 
Con_forecasting_loss = 0.536604
Dis_forecasting_loss = 0.588973
Dis_forecasting_acc = 79.513893
	speed: 0.0409s/iter; left time: 3063.7888s
iters: 340, epoch: 16 | loss_all: 1.1146910 
Con_forecasting_loss = 0.605140
Dis_forecasting_loss = 0.509551
Dis_forecasting_acc = 83.912041
	speed: 0.0395s/iter; left time: 2958.8157s
iters: 350, epoch: 16 | loss_all: 1.1453240 
Con_forecasting_loss = 0.574271
Dis_forecasting_loss = 0.571053
Dis_forecasting_acc = 81.568291
	speed: 0.0404s/iter; left time: 3024.5899s
iters: 360, epoch: 16 | loss_all: 1.1642244 
Con_forecasting_loss = 0.590089
Dis_forecasting_loss = 0.574135
Dis_forecasting_acc = 81.568291
	speed: 0.0396s/iter; left time: 2967.7329s
iters: 370, epoch: 16 | loss_all: 1.1314890 
Con_forecasting_loss = 0.585676
Dis_forecasting_loss = 0.545813
Dis_forecasting_acc = 81.944450
	speed: 0.0384s/iter; left time: 2880.3172s
iters: 380, epoch: 16 | loss_all: 1.1606116 
Con_forecasting_loss = 0.593972
Dis_forecasting_loss = 0.566640
Dis_forecasting_acc = 81.105331
	speed: 0.0407s/iter; left time: 3050.0676s
iters: 390, epoch: 16 | loss_all: 1.1809986 
Con_forecasting_loss = 0.591539
Dis_forecasting_loss = 0.589459
Dis_forecasting_acc = 80.815971
	speed: 0.0405s/iter; left time: 3035.7323s
iters: 400, epoch: 16 | loss_all: 1.1185400 
Con_forecasting_loss = 0.550083
Dis_forecasting_loss = 0.568457
Dis_forecasting_acc = 80.787041
	speed: 0.0389s/iter; left time: 2913.1682s
Epoch: 16 cost time: 15.675337791442871
Epoch: 16, Steps: 407 | Train Loss: 1.12430 Vali Loss: 0.49968 Test Loss: 0.51115 
EarlyStopping counter: 3 out of 3
Early stopping
>>>>>>>testing : 1/NormalRamp_NSW1_30min_48_3_PatchTST_3dConv_self_Pcgrad_NSW1_30min_ftM_sl48_ll12_pl3_dm256_nh8_el2_dl1_df512_expand2_dc4_fc3_ebtimeF_dtTrue_Exp_0<<<<<<<<<<<<<<<<<<<<<<<<<<<<<<<<<
Number of train samples:  52114 14889 7446
test 14887
test con shape: (14887, 9, 3) (14887, 9, 3)
mse:1221.1165771484375, mae:29.547685623168945
mae:29.547685623168945, mse:1221.1165771484375, rmse:34.94447708129883, mape:inf, mspe:inf
accuracy:0.853779957158744, precision:0.8521596325107119, recall:0.853779957158744, f1:0.8524885483985034
(14887, 9, 3) (14887, 9, 3) (14887, 9, 3, 3) (14887, 9, 3)
Using GPU
Args in experiment:
Use GPU: cuda:0
>>>>>>>start training : SNoramlRamp_NSW1_30min_48_3_PatchTST_3dConv_self_Pcgrad_NSW1_30min_ftM_sl48_ll12_pl3_dm256_nh8_el2_dl1_df512_expand2_dc4_fc3_ebtimeF_dtTrue_Exp_0>>>>>>>>>>>>>>>>>>>>>>>>>>
Number of train samples:  52114 14889 7446
train 52064
Number of train samples:  52114 14889 7446
val 7444
Number of train samples:  52114 14889 7446
test 14887
iters: 10, epoch: 1 | loss_all: 0.8762960 
	speed: 0.0657s/iter; left time: 5347.4397s
iters: 20, epoch: 1 | loss_all: 0.9280620 
	speed: 0.0130s/iter; left time: 1055.5887s
iters: 30, epoch: 1 | loss_all: 0.8170710 
	speed: 0.0139s/iter; left time: 1131.1379s
iters: 40, epoch: 1 | loss_all: 0.7978479 
	speed: 0.0125s/iter; left time: 1019.8039s
iters: 50, epoch: 1 | loss_all: 0.7608528 
	speed: 0.0127s/iter; left time: 1030.0881s
iters: 60, epoch: 1 | loss_all: 0.7313979 
	speed: 0.0127s/iter; left time: 1035.9424s
iters: 70, epoch: 1 | loss_all: 0.6788223 
	speed: 0.0127s/iter; left time: 1036.8893s
iters: 80, epoch: 1 | loss_all: 0.7415524 
	speed: 0.0126s/iter; left time: 1022.7304s
iters: 90, epoch: 1 | loss_all: 0.7134778 
	speed: 0.0126s/iter; left time: 1023.4111s
iters: 100, epoch: 1 | loss_all: 0.7228417 
	speed: 0.0141s/iter; left time: 1145.7086s
iters: 110, epoch: 1 | loss_all: 0.7007534 
	speed: 0.0169s/iter; left time: 1373.1640s
iters: 120, epoch: 1 | loss_all: 0.6847034 
	speed: 0.0140s/iter; left time: 1134.2897s
iters: 130, epoch: 1 | loss_all: 0.6655647 
	speed: 0.0128s/iter; left time: 1037.9438s
iters: 140, epoch: 1 | loss_all: 0.7028516 
	speed: 0.0126s/iter; left time: 1024.1922s
iters: 150, epoch: 1 | loss_all: 0.6481233 
	speed: 0.0127s/iter; left time: 1032.9888s
iters: 160, epoch: 1 | loss_all: 0.6559160 
	speed: 0.0127s/iter; left time: 1028.1820s
iters: 170, epoch: 1 | loss_all: 0.6165992 
	speed: 0.0127s/iter; left time: 1032.1516s
iters: 180, epoch: 1 | loss_all: 0.6121163 
	speed: 0.0126s/iter; left time: 1020.9809s
iters: 190, epoch: 1 | loss_all: 0.6389495 
	speed: 0.0134s/iter; left time: 1086.4911s
iters: 200, epoch: 1 | loss_all: 0.6513901 
	speed: 0.0127s/iter; left time: 1030.6126s
iters: 210, epoch: 1 | loss_all: 0.6090173 
	speed: 0.0127s/iter; left time: 1028.2325s
iters: 220, epoch: 1 | loss_all: 0.5801945 
	speed: 0.0127s/iter; left time: 1029.0930s
iters: 230, epoch: 1 | loss_all: 0.6119171 
	speed: 0.0143s/iter; left time: 1162.7551s
iters: 240, epoch: 1 | loss_all: 0.6272045 
	speed: 0.0126s/iter; left time: 1023.8258s
iters: 250, epoch: 1 | loss_all: 0.6135598 
	speed: 0.0129s/iter; left time: 1044.7424s
iters: 260, epoch: 1 | loss_all: 0.6027892 
	speed: 0.0132s/iter; left time: 1070.3161s
iters: 270, epoch: 1 | loss_all: 0.6343573 
	speed: 0.0127s/iter; left time: 1026.9465s
iters: 280, epoch: 1 | loss_all: 0.6660119 
	speed: 0.0126s/iter; left time: 1022.7158s
iters: 290, epoch: 1 | loss_all: 0.6385846 
	speed: 0.0127s/iter; left time: 1026.6972s
iters: 300, epoch: 1 | loss_all: 0.6159518 
	speed: 0.0130s/iter; left time: 1050.8953s
iters: 310, epoch: 1 | loss_all: 0.6572781 
	speed: 0.0127s/iter; left time: 1028.9207s
iters: 320, epoch: 1 | loss_all: 0.6109020 
	speed: 0.0127s/iter; left time: 1032.0763s
iters: 330, epoch: 1 | loss_all: 0.5820687 
	speed: 0.0130s/iter; left time: 1053.8872s
iters: 340, epoch: 1 | loss_all: 0.5893548 
	speed: 0.0127s/iter; left time: 1027.2606s
iters: 350, epoch: 1 | loss_all: 0.6538661 
	speed: 0.0126s/iter; left time: 1021.1956s
iters: 360, epoch: 1 | loss_all: 0.5399117 
	speed: 0.0126s/iter; left time: 1024.6963s
iters: 370, epoch: 1 | loss_all: 0.6300788 
	speed: 0.0126s/iter; left time: 1023.2581s
iters: 380, epoch: 1 | loss_all: 0.6192759 
	speed: 0.0126s/iter; left time: 1024.8433s
iters: 390, epoch: 1 | loss_all: 0.5532230 
	speed: 0.0133s/iter; left time: 1076.4295s
iters: 400, epoch: 1 | loss_all: 0.5476570 
	speed: 0.0127s/iter; left time: 1025.5907s
Epoch: 1 cost time: 5.856912136077881
Epoch: 1, Steps: 407 | Train Loss: 0.67081 Vali Loss: 0.52978 Test Loss: 0.55780 
Validation loss decreased (inf --> 0.529779).  Saving model ...
Updating learning rate to 0.0001
iters: 10, epoch: 2 | loss_all: 0.5395765 
	speed: 0.2346s/iter; left time: 18997.7146s
iters: 20, epoch: 2 | loss_all: 0.5889755 
	speed: 0.0117s/iter; left time: 949.8330s
iters: 30, epoch: 2 | loss_all: 0.5765738 
	speed: 0.0129s/iter; left time: 1048.2572s
iters: 40, epoch: 2 | loss_all: 0.5429569 
	speed: 0.0128s/iter; left time: 1040.1449s
iters: 50, epoch: 2 | loss_all: 0.5870993 
	speed: 0.0130s/iter; left time: 1054.4710s
iters: 60, epoch: 2 | loss_all: 0.5347670 
	speed: 0.0129s/iter; left time: 1043.6680s
iters: 70, epoch: 2 | loss_all: 0.5700175 
	speed: 0.0140s/iter; left time: 1135.0264s
iters: 80, epoch: 2 | loss_all: 0.5352069 
	speed: 0.0125s/iter; left time: 1007.4703s
iters: 90, epoch: 2 | loss_all: 0.5447444 
	speed: 0.0128s/iter; left time: 1034.8152s
iters: 100, epoch: 2 | loss_all: 0.5372671 
	speed: 0.0137s/iter; left time: 1104.9100s
iters: 110, epoch: 2 | loss_all: 0.5366870 
	speed: 0.0126s/iter; left time: 1019.8745s
iters: 120, epoch: 2 | loss_all: 0.5405915 
	speed: 0.0126s/iter; left time: 1019.9373s
iters: 130, epoch: 2 | loss_all: 0.4979220 
	speed: 0.0127s/iter; left time: 1023.9139s
iters: 140, epoch: 2 | loss_all: 0.5550994 
	speed: 0.0126s/iter; left time: 1015.1916s
iters: 150, epoch: 2 | loss_all: 0.5217526 
	speed: 0.0124s/iter; left time: 1002.2522s
iters: 160, epoch: 2 | loss_all: 0.5390605 
	speed: 0.0126s/iter; left time: 1018.8027s
iters: 170, epoch: 2 | loss_all: 0.5352191 
	speed: 0.0126s/iter; left time: 1020.1662s
iters: 180, epoch: 2 | loss_all: 0.5142232 
	speed: 0.0122s/iter; left time: 987.1503s
iters: 190, epoch: 2 | loss_all: 0.5171123 
	speed: 0.0143s/iter; left time: 1154.1535s
iters: 200, epoch: 2 | loss_all: 0.5045731 
	speed: 0.0164s/iter; left time: 1323.2458s
iters: 210, epoch: 2 | loss_all: 0.4941263 
	speed: 0.0164s/iter; left time: 1326.1618s
iters: 220, epoch: 2 | loss_all: 0.4843379 
	speed: 0.0131s/iter; left time: 1055.1047s
iters: 230, epoch: 2 | loss_all: 0.5802181 
	speed: 0.0129s/iter; left time: 1041.9553s
iters: 240, epoch: 2 | loss_all: 0.4852282 
	speed: 0.0127s/iter; left time: 1026.8068s
iters: 250, epoch: 2 | loss_all: 0.5181475 
	speed: 0.0129s/iter; left time: 1041.5683s
iters: 260, epoch: 2 | loss_all: 0.4707030 
	speed: 0.0133s/iter; left time: 1076.5101s
iters: 270, epoch: 2 | loss_all: 0.4884495 
	speed: 0.0142s/iter; left time: 1145.4914s
iters: 280, epoch: 2 | loss_all: 0.4806128 
	speed: 0.0132s/iter; left time: 1063.0787s
iters: 290, epoch: 2 | loss_all: 0.4689278 
	speed: 0.0132s/iter; left time: 1066.2546s
iters: 300, epoch: 2 | loss_all: 0.5163898 
	speed: 0.0127s/iter; left time: 1022.4501s
iters: 310, epoch: 2 | loss_all: 0.4552982 
	speed: 0.0126s/iter; left time: 1020.1285s
iters: 320, epoch: 2 | loss_all: 0.4619533 
	speed: 0.0127s/iter; left time: 1023.8489s
iters: 330, epoch: 2 | loss_all: 0.4799763 
	speed: 0.0130s/iter; left time: 1045.3212s
iters: 340, epoch: 2 | loss_all: 0.5177955 
	speed: 0.0129s/iter; left time: 1038.1306s
iters: 350, epoch: 2 | loss_all: 0.4957385 
	speed: 0.0131s/iter; left time: 1055.3408s
iters: 360, epoch: 2 | loss_all: 0.4582786 
	speed: 0.0135s/iter; left time: 1084.8255s
iters: 370, epoch: 2 | loss_all: 0.4738607 
	speed: 0.0129s/iter; left time: 1041.6043s
iters: 380, epoch: 2 | loss_all: 0.4165781 
	speed: 0.0128s/iter; left time: 1034.3868s
iters: 390, epoch: 2 | loss_all: 0.4908053 
	speed: 0.0130s/iter; left time: 1046.2982s
iters: 400, epoch: 2 | loss_all: 0.4443729 
	speed: 0.0124s/iter; left time: 1001.9775s
Epoch: 2 cost time: 5.608871936798096
Epoch: 2, Steps: 407 | Train Loss: 0.50862 Vali Loss: 0.40560 Test Loss: 0.42877 
Validation loss decreased (0.529779 --> 0.405595).  Saving model ...
Updating learning rate to 5e-05
iters: 10, epoch: 3 | loss_all: 0.4399419 
	speed: 0.2299s/iter; left time: 18524.9522s
iters: 20, epoch: 3 | loss_all: 0.4462577 
	speed: 0.0131s/iter; left time: 1057.5890s
iters: 30, epoch: 3 | loss_all: 0.4394653 
	speed: 0.0131s/iter; left time: 1055.4757s
iters: 40, epoch: 3 | loss_all: 0.4164402 
	speed: 0.0127s/iter; left time: 1019.2855s
iters: 50, epoch: 3 | loss_all: 0.4239505 
	speed: 0.0145s/iter; left time: 1167.3428s
iters: 60, epoch: 3 | loss_all: 0.4768674 
	speed: 0.0125s/iter; left time: 1008.9490s
iters: 70, epoch: 3 | loss_all: 0.4452427 
	speed: 0.0126s/iter; left time: 1011.9720s
iters: 80, epoch: 3 | loss_all: 0.4278611 
	speed: 0.0126s/iter; left time: 1010.3645s
iters: 90, epoch: 3 | loss_all: 0.4267797 
	speed: 0.0125s/iter; left time: 1009.8724s
iters: 100, epoch: 3 | loss_all: 0.4623320 
	speed: 0.0125s/iter; left time: 1009.8122s
iters: 110, epoch: 3 | loss_all: 0.4743517 
	speed: 0.0138s/iter; left time: 1112.2117s
iters: 120, epoch: 3 | loss_all: 0.4155203 
	speed: 0.0139s/iter; left time: 1117.8366s
iters: 130, epoch: 3 | loss_all: 0.4541878 
	speed: 0.0134s/iter; left time: 1075.8013s
iters: 140, epoch: 3 | loss_all: 0.4478226 
	speed: 0.0127s/iter; left time: 1017.8148s
iters: 150, epoch: 3 | loss_all: 0.4055742 
	speed: 0.0128s/iter; left time: 1031.1126s
iters: 160, epoch: 3 | loss_all: 0.4071547 
	speed: 0.0127s/iter; left time: 1022.3019s
iters: 170, epoch: 3 | loss_all: 0.4353835 
	speed: 0.0128s/iter; left time: 1026.4963s
iters: 180, epoch: 3 | loss_all: 0.4574489 
	speed: 0.0127s/iter; left time: 1021.6796s
iters: 190, epoch: 3 | loss_all: 0.4517185 
	speed: 0.0127s/iter; left time: 1017.4122s
iters: 200, epoch: 3 | loss_all: 0.4249311 
	speed: 0.0127s/iter; left time: 1017.9852s
iters: 210, epoch: 3 | loss_all: 0.3963429 
	speed: 0.0127s/iter; left time: 1023.1323s
iters: 220, epoch: 3 | loss_all: 0.4044363 
	speed: 0.0130s/iter; left time: 1041.7292s
iters: 230, epoch: 3 | loss_all: 0.4223173 
	speed: 0.0129s/iter; left time: 1040.5745s
iters: 240, epoch: 3 | loss_all: 0.4106323 
	speed: 0.0129s/iter; left time: 1035.0986s
iters: 250, epoch: 3 | loss_all: 0.4272727 
	speed: 0.0126s/iter; left time: 1015.0344s
iters: 260, epoch: 3 | loss_all: 0.4110088 
	speed: 0.0127s/iter; left time: 1021.5977s
iters: 270, epoch: 3 | loss_all: 0.4385321 
	speed: 0.0126s/iter; left time: 1013.1694s
iters: 280, epoch: 3 | loss_all: 0.4160710 
	speed: 0.0126s/iter; left time: 1015.7678s
iters: 290, epoch: 3 | loss_all: 0.3937408 
	speed: 0.0126s/iter; left time: 1011.6229s
iters: 300, epoch: 3 | loss_all: 0.4055263 
	speed: 0.0127s/iter; left time: 1022.9897s
iters: 310, epoch: 3 | loss_all: 0.4370844 
	speed: 0.0128s/iter; left time: 1024.1370s
iters: 320, epoch: 3 | loss_all: 0.4295477 
	speed: 0.0145s/iter; left time: 1161.7337s
iters: 330, epoch: 3 | loss_all: 0.3863159 
	speed: 0.0136s/iter; left time: 1093.7620s
iters: 340, epoch: 3 | loss_all: 0.4148044 
	speed: 0.0128s/iter; left time: 1027.4583s
iters: 350, epoch: 3 | loss_all: 0.4056222 
	speed: 0.0157s/iter; left time: 1258.0055s
iters: 360, epoch: 3 | loss_all: 0.4313094 
	speed: 0.0139s/iter; left time: 1111.9796s
iters: 370, epoch: 3 | loss_all: 0.3936989 
	speed: 0.0143s/iter; left time: 1150.7895s
iters: 380, epoch: 3 | loss_all: 0.4346406 
	speed: 0.0127s/iter; left time: 1016.7174s
iters: 390, epoch: 3 | loss_all: 0.4374568 
	speed: 0.0129s/iter; left time: 1038.2311s
iters: 400, epoch: 3 | loss_all: 0.4000386 
	speed: 0.0127s/iter; left time: 1017.5784s
Epoch: 3 cost time: 5.6177613735198975
Epoch: 3, Steps: 407 | Train Loss: 0.42913 Vali Loss: 0.36017 Test Loss: 0.38256 
Validation loss decreased (0.405595 --> 0.360172).  Saving model ...
Updating learning rate to 2.5e-05
iters: 10, epoch: 4 | loss_all: 0.3960046 
	speed: 0.2232s/iter; left time: 17895.7053s
iters: 20, epoch: 4 | loss_all: 0.3917266 
	speed: 0.0154s/iter; left time: 1230.8236s
iters: 30, epoch: 4 | loss_all: 0.4075655 
	speed: 0.0184s/iter; left time: 1471.1122s
iters: 40, epoch: 4 | loss_all: 0.4363166 
	speed: 0.0175s/iter; left time: 1399.5664s
iters: 50, epoch: 4 | loss_all: 0.4388987 
	speed: 0.0145s/iter; left time: 1164.5881s
iters: 60, epoch: 4 | loss_all: 0.3886760 
	speed: 0.0139s/iter; left time: 1115.7630s
iters: 70, epoch: 4 | loss_all: 0.3873839 
	speed: 0.0140s/iter; left time: 1124.9349s
iters: 80, epoch: 4 | loss_all: 0.4004568 
	speed: 0.0140s/iter; left time: 1118.2345s
iters: 90, epoch: 4 | loss_all: 0.3887780 
	speed: 0.0138s/iter; left time: 1108.0319s
iters: 100, epoch: 4 | loss_all: 0.4206128 
	speed: 0.0141s/iter; left time: 1127.3775s
iters: 110, epoch: 4 | loss_all: 0.4041243 
	speed: 0.0138s/iter; left time: 1105.3994s
iters: 120, epoch: 4 | loss_all: 0.3598623 
	speed: 0.0143s/iter; left time: 1143.8836s
iters: 130, epoch: 4 | loss_all: 0.4598607 
	speed: 0.0139s/iter; left time: 1116.6013s
iters: 140, epoch: 4 | loss_all: 0.4376954 
	speed: 0.0143s/iter; left time: 1142.6437s
iters: 150, epoch: 4 | loss_all: 0.3602835 
	speed: 0.0140s/iter; left time: 1116.9310s
iters: 160, epoch: 4 | loss_all: 0.3644809 
	speed: 0.0141s/iter; left time: 1126.1627s
iters: 170, epoch: 4 | loss_all: 0.3617225 
	speed: 0.0138s/iter; left time: 1105.2712s
iters: 180, epoch: 4 | loss_all: 0.3553878 
	speed: 0.0130s/iter; left time: 1043.8156s
iters: 190, epoch: 4 | loss_all: 0.4028915 
	speed: 0.0127s/iter; left time: 1019.0834s
iters: 200, epoch: 4 | loss_all: 0.3832283 
	speed: 0.0126s/iter; left time: 1010.6401s
iters: 210, epoch: 4 | loss_all: 0.3506066 
	speed: 0.0127s/iter; left time: 1016.3576s
iters: 220, epoch: 4 | loss_all: 0.4274026 
	speed: 0.0126s/iter; left time: 1009.7774s
iters: 230, epoch: 4 | loss_all: 0.4227659 
	speed: 0.0127s/iter; left time: 1015.9357s
iters: 240, epoch: 4 | loss_all: 0.3846722 
	speed: 0.0126s/iter; left time: 1011.0114s
iters: 250, epoch: 4 | loss_all: 0.3959376 
	speed: 0.0126s/iter; left time: 1010.6772s
iters: 260, epoch: 4 | loss_all: 0.3960736 
	speed: 0.0127s/iter; left time: 1011.0996s
iters: 270, epoch: 4 | loss_all: 0.4079416 
	speed: 0.0128s/iter; left time: 1022.0232s
iters: 280, epoch: 4 | loss_all: 0.3838325 
	speed: 0.0127s/iter; left time: 1017.0510s
iters: 290, epoch: 4 | loss_all: 0.3877713 
	speed: 0.0126s/iter; left time: 1009.2058s
iters: 300, epoch: 4 | loss_all: 0.3988169 
	speed: 0.0126s/iter; left time: 1006.4779s
iters: 310, epoch: 4 | loss_all: 0.4097090 
	speed: 0.0126s/iter; left time: 1008.2124s
iters: 320, epoch: 4 | loss_all: 0.3899468 
	speed: 0.0127s/iter; left time: 1011.0507s
iters: 330, epoch: 4 | loss_all: 0.3558431 
	speed: 0.0127s/iter; left time: 1015.5122s
iters: 340, epoch: 4 | loss_all: 0.3606828 
	speed: 0.0128s/iter; left time: 1022.8487s
iters: 350, epoch: 4 | loss_all: 0.4023525 
	speed: 0.0161s/iter; left time: 1284.6141s
iters: 360, epoch: 4 | loss_all: 0.3703386 
	speed: 0.0164s/iter; left time: 1308.9265s
iters: 370, epoch: 4 | loss_all: 0.4023525 
	speed: 0.0130s/iter; left time: 1037.1503s
iters: 380, epoch: 4 | loss_all: 0.3667570 
	speed: 0.0126s/iter; left time: 1001.9577s
iters: 390, epoch: 4 | loss_all: 0.3727641 
	speed: 0.0125s/iter; left time: 998.9806s
iters: 400, epoch: 4 | loss_all: 0.3841031 
	speed: 0.0122s/iter; left time: 970.9420s
Epoch: 4 cost time: 5.837968587875366
Epoch: 4, Steps: 407 | Train Loss: 0.39630 Vali Loss: 0.33982 Test Loss: 0.36381 
Validation loss decreased (0.360172 --> 0.339824).  Saving model ...
Updating learning rate to 1.25e-05
iters: 10, epoch: 5 | loss_all: 0.3665225 
	speed: 0.2156s/iter; left time: 17197.7254s
iters: 20, epoch: 5 | loss_all: 0.3480085 
	speed: 0.0145s/iter; left time: 1153.9560s
iters: 30, epoch: 5 | loss_all: 0.3937204 
	speed: 0.0132s/iter; left time: 1049.1833s
iters: 40, epoch: 5 | loss_all: 0.3607513 
	speed: 0.0131s/iter; left time: 1041.7443s
iters: 50, epoch: 5 | loss_all: 0.3929286 
	speed: 0.0131s/iter; left time: 1042.8643s
iters: 60, epoch: 5 | loss_all: 0.3913807 
	speed: 0.0128s/iter; left time: 1022.3487s
iters: 70, epoch: 5 | loss_all: 0.3884433 
	speed: 0.0128s/iter; left time: 1021.1715s
iters: 80, epoch: 5 | loss_all: 0.4152060 
	speed: 0.0130s/iter; left time: 1032.9984s
iters: 90, epoch: 5 | loss_all: 0.3810530 
	speed: 0.0127s/iter; left time: 1009.4690s
iters: 100, epoch: 5 | loss_all: 0.3379701 
	speed: 0.0126s/iter; left time: 1005.6838s
iters: 110, epoch: 5 | loss_all: 0.4070016 
	speed: 0.0137s/iter; left time: 1088.8539s
iters: 120, epoch: 5 | loss_all: 0.3650884 
	speed: 0.0136s/iter; left time: 1080.4372s
iters: 130, epoch: 5 | loss_all: 0.4198771 
	speed: 0.0127s/iter; left time: 1008.0527s
iters: 140, epoch: 5 | loss_all: 0.3703003 
	speed: 0.0128s/iter; left time: 1020.4740s
iters: 150, epoch: 5 | loss_all: 0.3598554 
	speed: 0.0126s/iter; left time: 1003.7447s
iters: 160, epoch: 5 | loss_all: 0.3805044 
	speed: 0.0126s/iter; left time: 1004.7461s
iters: 170, epoch: 5 | loss_all: 0.4369641 
	speed: 0.0126s/iter; left time: 1004.7831s
iters: 180, epoch: 5 | loss_all: 0.4107830 
	speed: 0.0150s/iter; left time: 1197.4899s
iters: 190, epoch: 5 | loss_all: 0.4039917 
	speed: 0.0165s/iter; left time: 1314.1021s
iters: 200, epoch: 5 | loss_all: 0.3602987 
	speed: 0.0151s/iter; left time: 1202.1008s
iters: 210, epoch: 5 | loss_all: 0.3853490 
	speed: 0.0213s/iter; left time: 1691.9096s
iters: 220, epoch: 5 | loss_all: 0.3819869 
	speed: 0.0170s/iter; left time: 1353.0617s
iters: 230, epoch: 5 | loss_all: 0.3732417 
	speed: 0.0169s/iter; left time: 1340.6576s
iters: 240, epoch: 5 | loss_all: 0.4052662 
	speed: 0.0151s/iter; left time: 1202.9490s
iters: 250, epoch: 5 | loss_all: 0.3786543 
	speed: 0.0126s/iter; left time: 1002.9638s
iters: 260, epoch: 5 | loss_all: 0.3983993 
	speed: 0.0124s/iter; left time: 984.3239s
iters: 270, epoch: 5 | loss_all: 0.3700668 
	speed: 0.0122s/iter; left time: 973.3957s
iters: 280, epoch: 5 | loss_all: 0.4367922 
	speed: 0.0124s/iter; left time: 985.1642s
iters: 290, epoch: 5 | loss_all: 0.3708774 
	speed: 0.0123s/iter; left time: 979.4366s
iters: 300, epoch: 5 | loss_all: 0.3961387 
	speed: 0.0125s/iter; left time: 989.9356s
iters: 310, epoch: 5 | loss_all: 0.3943607 
	speed: 0.0123s/iter; left time: 981.3329s
iters: 320, epoch: 5 | loss_all: 0.3626739 
	speed: 0.0124s/iter; left time: 988.9155s
iters: 330, epoch: 5 | loss_all: 0.3598630 
	speed: 0.0125s/iter; left time: 993.9826s
iters: 340, epoch: 5 | loss_all: 0.3584357 
	speed: 0.0128s/iter; left time: 1013.9018s
iters: 350, epoch: 5 | loss_all: 0.4056769 
	speed: 0.0125s/iter; left time: 991.9524s
iters: 360, epoch: 5 | loss_all: 0.3634286 
	speed: 0.0126s/iter; left time: 1002.0251s
iters: 370, epoch: 5 | loss_all: 0.3576996 
	speed: 0.0123s/iter; left time: 980.3704s
iters: 380, epoch: 5 | loss_all: 0.3423032 
	speed: 0.0126s/iter; left time: 997.0103s
iters: 390, epoch: 5 | loss_all: 0.3860860 
	speed: 0.0127s/iter; left time: 1004.3398s
iters: 400, epoch: 5 | loss_all: 0.3476389 
	speed: 0.0126s/iter; left time: 997.3912s
Epoch: 5 cost time: 5.748161315917969
Epoch: 5, Steps: 407 | Train Loss: 0.37902 Vali Loss: 0.33036 Test Loss: 0.35298 
Validation loss decreased (0.339824 --> 0.330359).  Saving model ...
Updating learning rate to 6.25e-06
iters: 10, epoch: 6 | loss_all: 0.3587843 
	speed: 0.2279s/iter; left time: 18081.6020s
iters: 20, epoch: 6 | loss_all: 0.3831692 
	speed: 0.0137s/iter; left time: 1090.6674s
iters: 30, epoch: 6 | loss_all: 0.3717898 
	speed: 0.0133s/iter; left time: 1051.6989s
iters: 40, epoch: 6 | loss_all: 0.3771340 
	speed: 0.0129s/iter; left time: 1027.0667s
iters: 50, epoch: 6 | loss_all: 0.3426337 
	speed: 0.0128s/iter; left time: 1014.9632s
iters: 60, epoch: 6 | loss_all: 0.3579945 
	speed: 0.0143s/iter; left time: 1134.8274s
iters: 70, epoch: 6 | loss_all: 0.3638204 
	speed: 0.0128s/iter; left time: 1017.4921s
iters: 80, epoch: 6 | loss_all: 0.3680515 
	speed: 0.0192s/iter; left time: 1521.0542s
iters: 90, epoch: 6 | loss_all: 0.3610295 
	speed: 0.0143s/iter; left time: 1129.8544s
iters: 100, epoch: 6 | loss_all: 0.3825754 
	speed: 0.0133s/iter; left time: 1052.3547s
iters: 110, epoch: 6 | loss_all: 0.3689317 
	speed: 0.0129s/iter; left time: 1025.0437s
iters: 120, epoch: 6 | loss_all: 0.3947093 
	speed: 0.0128s/iter; left time: 1013.5932s
iters: 130, epoch: 6 | loss_all: 0.3910715 
	speed: 0.0129s/iter; left time: 1020.8915s
iters: 140, epoch: 6 | loss_all: 0.3509213 
	speed: 0.0127s/iter; left time: 1009.8864s
iters: 150, epoch: 6 | loss_all: 0.3613447 
	speed: 0.0131s/iter; left time: 1037.4221s
iters: 160, epoch: 6 | loss_all: 0.3468083 
	speed: 0.0132s/iter; left time: 1046.0798s
iters: 170, epoch: 6 | loss_all: 0.3756660 
	speed: 0.0165s/iter; left time: 1308.4670s
iters: 180, epoch: 6 | loss_all: 0.3982345 
	speed: 0.0167s/iter; left time: 1319.9032s
iters: 190, epoch: 6 | loss_all: 0.3773924 
	speed: 0.0153s/iter; left time: 1211.6146s
iters: 200, epoch: 6 | loss_all: 0.3384639 
	speed: 0.0124s/iter; left time: 983.8767s
iters: 210, epoch: 6 | loss_all: 0.3654313 
	speed: 0.0125s/iter; left time: 987.5873s
iters: 220, epoch: 6 | loss_all: 0.4155906 
	speed: 0.0125s/iter; left time: 989.0646s
iters: 230, epoch: 6 | loss_all: 0.3692617 
	speed: 0.0124s/iter; left time: 984.4699s
iters: 240, epoch: 6 | loss_all: 0.3741028 
	speed: 0.0124s/iter; left time: 977.8672s
iters: 250, epoch: 6 | loss_all: 0.3554850 
	speed: 0.0124s/iter; left time: 977.4305s
iters: 260, epoch: 6 | loss_all: 0.3485906 
	speed: 0.0131s/iter; left time: 1033.7220s
iters: 270, epoch: 6 | loss_all: 0.3679482 
	speed: 0.0129s/iter; left time: 1019.7289s
iters: 280, epoch: 6 | loss_all: 0.3813862 
	speed: 0.0128s/iter; left time: 1009.9478s
iters: 290, epoch: 6 | loss_all: 0.3692048 
	speed: 0.0126s/iter; left time: 999.4433s
iters: 300, epoch: 6 | loss_all: 0.3854779 
	speed: 0.0130s/iter; left time: 1030.5960s
iters: 310, epoch: 6 | loss_all: 0.3789495 
	speed: 0.0127s/iter; left time: 1006.0909s
iters: 320, epoch: 6 | loss_all: 0.3482784 
	speed: 0.0128s/iter; left time: 1008.9131s
iters: 330, epoch: 6 | loss_all: 0.3631372 
	speed: 0.0127s/iter; left time: 1005.4388s
iters: 340, epoch: 6 | loss_all: 0.3705049 
	speed: 0.0129s/iter; left time: 1022.8132s
iters: 350, epoch: 6 | loss_all: 0.3738826 
	speed: 0.0123s/iter; left time: 975.0930s
iters: 360, epoch: 6 | loss_all: 0.3414405 
	speed: 0.0125s/iter; left time: 990.7772s
iters: 370, epoch: 6 | loss_all: 0.3808861 
	speed: 0.0128s/iter; left time: 1014.1888s
iters: 380, epoch: 6 | loss_all: 0.3593138 
	speed: 0.0129s/iter; left time: 1020.4142s
iters: 390, epoch: 6 | loss_all: 0.4075980 
	speed: 0.0127s/iter; left time: 1001.5856s
iters: 400, epoch: 6 | loss_all: 0.3941591 
	speed: 0.0127s/iter; left time: 1004.8025s
Epoch: 6 cost time: 5.696788549423218
Epoch: 6, Steps: 407 | Train Loss: 0.37099 Vali Loss: 0.32419 Test Loss: 0.34598 
Validation loss decreased (0.330359 --> 0.324186).  Saving model ...
Updating learning rate to 3.125e-06
iters: 10, epoch: 7 | loss_all: 0.3985809 
	speed: 0.2164s/iter; left time: 17086.7304s
iters: 20, epoch: 7 | loss_all: 0.3773383 
	speed: 0.0120s/iter; left time: 947.7753s
iters: 30, epoch: 7 | loss_all: 0.3336237 
	speed: 0.0128s/iter; left time: 1006.5522s
iters: 40, epoch: 7 | loss_all: 0.4486080 
	speed: 0.0127s/iter; left time: 1004.4208s
iters: 50, epoch: 7 | loss_all: 0.3362978 
	speed: 0.0124s/iter; left time: 981.4183s
iters: 60, epoch: 7 | loss_all: 0.3717791 
	speed: 0.0123s/iter; left time: 968.5364s
iters: 70, epoch: 7 | loss_all: 0.3574708 
	speed: 0.0123s/iter; left time: 970.8568s
iters: 80, epoch: 7 | loss_all: 0.3687701 
	speed: 0.0126s/iter; left time: 990.5104s
iters: 90, epoch: 7 | loss_all: 0.3851822 
	speed: 0.0125s/iter; left time: 986.6805s
iters: 100, epoch: 7 | loss_all: 0.3391432 
	speed: 0.0132s/iter; left time: 1044.3285s
iters: 110, epoch: 7 | loss_all: 0.3801955 
	speed: 0.0163s/iter; left time: 1283.1340s
iters: 120, epoch: 7 | loss_all: 0.3683134 
	speed: 0.0141s/iter; left time: 1115.0812s
iters: 130, epoch: 7 | loss_all: 0.3667773 
	speed: 0.0127s/iter; left time: 1000.2025s
iters: 140, epoch: 7 | loss_all: 0.4110820 
	speed: 0.0127s/iter; left time: 999.1755s
iters: 150, epoch: 7 | loss_all: 0.3826214 
	speed: 0.0172s/iter; left time: 1351.5929s
iters: 160, epoch: 7 | loss_all: 0.3735410 
	speed: 0.0206s/iter; left time: 1621.3945s
iters: 170, epoch: 7 | loss_all: 0.3661442 
	speed: 0.0155s/iter; left time: 1221.5298s
iters: 180, epoch: 7 | loss_all: 0.3455913 
	speed: 0.0133s/iter; left time: 1048.4849s
iters: 190, epoch: 7 | loss_all: 0.3985057 
	speed: 0.0144s/iter; left time: 1130.4072s
iters: 200, epoch: 7 | loss_all: 0.3621382 
	speed: 0.0134s/iter; left time: 1058.7849s
iters: 210, epoch: 7 | loss_all: 0.3469085 
	speed: 0.0133s/iter; left time: 1048.5907s
iters: 220, epoch: 7 | loss_all: 0.3533670 
	speed: 0.0131s/iter; left time: 1029.1797s
iters: 230, epoch: 7 | loss_all: 0.3651046 
	speed: 0.0125s/iter; left time: 984.6775s
iters: 240, epoch: 7 | loss_all: 0.3766809 
	speed: 0.0124s/iter; left time: 972.3982s
iters: 250, epoch: 7 | loss_all: 0.3522601 
	speed: 0.0122s/iter; left time: 960.8820s
iters: 260, epoch: 7 | loss_all: 0.3531680 
	speed: 0.0126s/iter; left time: 991.6275s
iters: 270, epoch: 7 | loss_all: 0.3807959 
	speed: 0.0125s/iter; left time: 985.8920s
iters: 280, epoch: 7 | loss_all: 0.3218167 
	speed: 0.0124s/iter; left time: 973.2997s
iters: 290, epoch: 7 | loss_all: 0.3441387 
	speed: 0.0126s/iter; left time: 993.9560s
iters: 300, epoch: 7 | loss_all: 0.3486647 
	speed: 0.0124s/iter; left time: 974.4551s
iters: 310, epoch: 7 | loss_all: 0.3953314 
	speed: 0.0124s/iter; left time: 972.2479s
iters: 320, epoch: 7 | loss_all: 0.3627090 
	speed: 0.0123s/iter; left time: 967.2383s
iters: 330, epoch: 7 | loss_all: 0.3763189 
	speed: 0.0122s/iter; left time: 960.0104s
iters: 340, epoch: 7 | loss_all: 0.3902014 
	speed: 0.0123s/iter; left time: 963.3166s
iters: 350, epoch: 7 | loss_all: 0.3952233 
	speed: 0.0126s/iter; left time: 988.9566s
iters: 360, epoch: 7 | loss_all: 0.3922446 
	speed: 0.0123s/iter; left time: 969.3830s
iters: 370, epoch: 7 | loss_all: 0.3573278 
	speed: 0.0124s/iter; left time: 975.3811s
iters: 380, epoch: 7 | loss_all: 0.3754816 
	speed: 0.0124s/iter; left time: 975.2045s
iters: 390, epoch: 7 | loss_all: 0.4021519 
	speed: 0.0128s/iter; left time: 1002.5663s
iters: 400, epoch: 7 | loss_all: 0.3540502 
	speed: 0.0122s/iter; left time: 961.7273s
Epoch: 7 cost time: 5.609959125518799
Epoch: 7, Steps: 407 | Train Loss: 0.36734 Vali Loss: 0.32029 Test Loss: 0.34278 
Validation loss decreased (0.324186 --> 0.320286).  Saving model ...
Updating learning rate to 1.5625e-06
iters: 10, epoch: 8 | loss_all: 0.3112514 
	speed: 0.2242s/iter; left time: 17606.9506s
iters: 20, epoch: 8 | loss_all: 0.3677139 
	speed: 0.0151s/iter; left time: 1186.8145s
iters: 30, epoch: 8 | loss_all: 0.3643375 
	speed: 0.0177s/iter; left time: 1389.5402s
iters: 40, epoch: 8 | loss_all: 0.3558857 
	speed: 0.0159s/iter; left time: 1251.1143s
iters: 50, epoch: 8 | loss_all: 0.3525551 
	speed: 0.0153s/iter; left time: 1198.8524s
iters: 60, epoch: 8 | loss_all: 0.3279268 
	speed: 0.0151s/iter; left time: 1188.0290s
iters: 70, epoch: 8 | loss_all: 0.3595419 
	speed: 0.0150s/iter; left time: 1178.6809s
iters: 80, epoch: 8 | loss_all: 0.3443184 
	speed: 0.0185s/iter; left time: 1448.4069s
iters: 90, epoch: 8 | loss_all: 0.3914934 
	speed: 0.0199s/iter; left time: 1558.3755s
iters: 100, epoch: 8 | loss_all: 0.3694932 
	speed: 0.0129s/iter; left time: 1013.5941s
iters: 110, epoch: 8 | loss_all: 0.3672491 
	speed: 0.0127s/iter; left time: 996.4255s
iters: 120, epoch: 8 | loss_all: 0.3728321 
	speed: 0.0145s/iter; left time: 1134.8909s
iters: 130, epoch: 8 | loss_all: 0.3536249 
	speed: 0.0144s/iter; left time: 1132.7493s
iters: 140, epoch: 8 | loss_all: 0.3638109 
	speed: 0.0130s/iter; left time: 1019.2298s
iters: 150, epoch: 8 | loss_all: 0.3392946 
	speed: 0.0125s/iter; left time: 982.7990s
iters: 160, epoch: 8 | loss_all: 0.3826345 
	speed: 0.0124s/iter; left time: 975.4032s
iters: 170, epoch: 8 | loss_all: 0.3465858 
	speed: 0.0123s/iter; left time: 964.1801s
iters: 180, epoch: 8 | loss_all: 0.3480339 
	speed: 0.0123s/iter; left time: 966.8618s
iters: 190, epoch: 8 | loss_all: 0.3195569 
	speed: 0.0126s/iter; left time: 987.4653s
iters: 200, epoch: 8 | loss_all: 0.3984750 
	speed: 0.0126s/iter; left time: 988.5143s
iters: 210, epoch: 8 | loss_all: 0.3826316 
	speed: 0.0123s/iter; left time: 966.7438s
iters: 220, epoch: 8 | loss_all: 0.3619660 
	speed: 0.0124s/iter; left time: 973.4557s
iters: 230, epoch: 8 | loss_all: 0.3086243 
	speed: 0.0126s/iter; left time: 983.2881s
iters: 240, epoch: 8 | loss_all: 0.3774004 
	speed: 0.0128s/iter; left time: 1001.2530s
iters: 250, epoch: 8 | loss_all: 0.3494587 
	speed: 0.0125s/iter; left time: 976.9903s
iters: 260, epoch: 8 | loss_all: 0.3609750 
	speed: 0.0127s/iter; left time: 993.2116s
iters: 270, epoch: 8 | loss_all: 0.3503502 
	speed: 0.0126s/iter; left time: 987.8289s
iters: 280, epoch: 8 | loss_all: 0.3703828 
	speed: 0.0129s/iter; left time: 1007.2395s
iters: 290, epoch: 8 | loss_all: 0.3411196 
	speed: 0.0128s/iter; left time: 1001.3377s
iters: 300, epoch: 8 | loss_all: 0.3638418 
	speed: 0.0127s/iter; left time: 991.6668s
iters: 310, epoch: 8 | loss_all: 0.3945507 
	speed: 0.0128s/iter; left time: 1001.0426s
iters: 320, epoch: 8 | loss_all: 0.3812317 
	speed: 0.0125s/iter; left time: 981.0335s
iters: 330, epoch: 8 | loss_all: 0.3381334 
	speed: 0.0124s/iter; left time: 969.4573s
iters: 340, epoch: 8 | loss_all: 0.3406988 
	speed: 0.0128s/iter; left time: 999.5698s
iters: 350, epoch: 8 | loss_all: 0.3730132 
	speed: 0.0122s/iter; left time: 951.6926s
iters: 360, epoch: 8 | loss_all: 0.3737063 
	speed: 0.0126s/iter; left time: 984.7861s
iters: 370, epoch: 8 | loss_all: 0.3460218 
	speed: 0.0124s/iter; left time: 968.8087s
iters: 380, epoch: 8 | loss_all: 0.3618416 
	speed: 0.0124s/iter; left time: 968.4779s
iters: 390, epoch: 8 | loss_all: 0.3429859 
	speed: 0.0131s/iter; left time: 1020.4005s
iters: 400, epoch: 8 | loss_all: 0.3511719 
	speed: 0.0125s/iter; left time: 974.7442s
Epoch: 8 cost time: 5.803062677383423
Epoch: 8, Steps: 407 | Train Loss: 0.36565 Vali Loss: 0.32089 Test Loss: 0.34355 
EarlyStopping counter: 1 out of 3
Updating learning rate to 7.8125e-07
iters: 10, epoch: 9 | loss_all: 0.3463872 
	speed: 0.2202s/iter; left time: 17205.5032s
iters: 20, epoch: 9 | loss_all: 0.3370977 
	speed: 0.0132s/iter; left time: 1032.8926s
iters: 30, epoch: 9 | loss_all: 0.3930308 
	speed: 0.0144s/iter; left time: 1121.8971s
iters: 40, epoch: 9 | loss_all: 0.3507814 
	speed: 0.0149s/iter; left time: 1160.9018s
iters: 50, epoch: 9 | loss_all: 0.3563951 
	speed: 0.0172s/iter; left time: 1339.9118s
iters: 60, epoch: 9 | loss_all: 0.3804712 
	speed: 0.0153s/iter; left time: 1192.5605s
iters: 70, epoch: 9 | loss_all: 0.3445929 
	speed: 0.0129s/iter; left time: 1007.1708s
iters: 80, epoch: 9 | loss_all: 0.3549257 
	speed: 0.0136s/iter; left time: 1058.5826s
iters: 90, epoch: 9 | loss_all: 0.3867781 
	speed: 0.0128s/iter; left time: 997.6210s
iters: 100, epoch: 9 | loss_all: 0.3561112 
	speed: 0.0135s/iter; left time: 1056.1529s
iters: 110, epoch: 9 | loss_all: 0.3502946 
	speed: 0.0130s/iter; left time: 1013.2168s
iters: 120, epoch: 9 | loss_all: 0.3568054 
	speed: 0.0129s/iter; left time: 1004.2191s
iters: 130, epoch: 9 | loss_all: 0.3726391 
	speed: 0.0135s/iter; left time: 1052.9141s
iters: 140, epoch: 9 | loss_all: 0.3766763 
	speed: 0.0144s/iter; left time: 1124.1800s
iters: 150, epoch: 9 | loss_all: 0.3871711 
	speed: 0.0137s/iter; left time: 1067.7437s
iters: 160, epoch: 9 | loss_all: 0.3479339 
	speed: 0.0126s/iter; left time: 980.7493s
iters: 170, epoch: 9 | loss_all: 0.3531965 
	speed: 0.0131s/iter; left time: 1019.4985s
iters: 180, epoch: 9 | loss_all: 0.3575371 
	speed: 0.0127s/iter; left time: 993.7289s
iters: 190, epoch: 9 | loss_all: 0.3811109 
	speed: 0.0135s/iter; left time: 1048.6399s
iters: 200, epoch: 9 | loss_all: 0.3758501 
	speed: 0.0134s/iter; left time: 1047.4053s
iters: 210, epoch: 9 | loss_all: 0.3486989 
	speed: 0.0134s/iter; left time: 1045.4927s
iters: 220, epoch: 9 | loss_all: 0.3728320 
	speed: 0.0132s/iter; left time: 1026.7835s
iters: 230, epoch: 9 | loss_all: 0.3667835 
	speed: 0.0134s/iter; left time: 1043.6547s
iters: 240, epoch: 9 | loss_all: 0.3323823 
	speed: 0.0132s/iter; left time: 1025.7343s
iters: 250, epoch: 9 | loss_all: 0.3571496 
	speed: 0.0133s/iter; left time: 1039.0763s
iters: 260, epoch: 9 | loss_all: 0.3495485 
	speed: 0.0131s/iter; left time: 1020.2307s
iters: 270, epoch: 9 | loss_all: 0.3675297 
	speed: 0.0131s/iter; left time: 1016.3548s
iters: 280, epoch: 9 | loss_all: 0.3445916 
	speed: 0.0124s/iter; left time: 964.2103s
iters: 290, epoch: 9 | loss_all: 0.3083994 
	speed: 0.0132s/iter; left time: 1025.2634s
iters: 300, epoch: 9 | loss_all: 0.3427253 
	speed: 0.0125s/iter; left time: 971.4144s
iters: 310, epoch: 9 | loss_all: 0.3623871 
	speed: 0.0126s/iter; left time: 977.5193s
iters: 320, epoch: 9 | loss_all: 0.3499258 
	speed: 0.0130s/iter; left time: 1013.3494s
iters: 330, epoch: 9 | loss_all: 0.4008078 
	speed: 0.0127s/iter; left time: 988.2698s
iters: 340, epoch: 9 | loss_all: 0.3727780 
	speed: 0.0146s/iter; left time: 1136.0821s
iters: 350, epoch: 9 | loss_all: 0.3557899 
	speed: 0.0127s/iter; left time: 989.3605s
iters: 360, epoch: 9 | loss_all: 0.3448178 
	speed: 0.0127s/iter; left time: 990.3516s
iters: 370, epoch: 9 | loss_all: 0.3848807 
	speed: 0.0126s/iter; left time: 980.7785s
iters: 380, epoch: 9 | loss_all: 0.3915638 
	speed: 0.0145s/iter; left time: 1128.6251s
iters: 390, epoch: 9 | loss_all: 0.3469416 
	speed: 0.0151s/iter; left time: 1170.9473s
iters: 400, epoch: 9 | loss_all: 0.3584502 
	speed: 0.0127s/iter; left time: 985.7922s
Epoch: 9 cost time: 5.705319404602051
Epoch: 9, Steps: 407 | Train Loss: 0.36405 Vali Loss: 0.31893 Test Loss: 0.34214 
Validation loss decreased (0.320286 --> 0.318931).  Saving model ...
Updating learning rate to 3.90625e-07
iters: 10, epoch: 10 | loss_all: 0.3726504 
	speed: 0.2234s/iter; left time: 17361.0047s
iters: 20, epoch: 10 | loss_all: 0.3538097 
	speed: 0.0134s/iter; left time: 1041.5292s
iters: 30, epoch: 10 | loss_all: 0.3816471 
	speed: 0.0161s/iter; left time: 1248.9461s
iters: 40, epoch: 10 | loss_all: 0.4306238 
	speed: 0.0135s/iter; left time: 1052.6427s
iters: 50, epoch: 10 | loss_all: 0.3944199 
	speed: 0.0146s/iter; left time: 1132.9123s
iters: 60, epoch: 10 | loss_all: 0.3400274 
	speed: 0.0139s/iter; left time: 1078.3162s
iters: 70, epoch: 10 | loss_all: 0.3635719 
	speed: 0.0200s/iter; left time: 1550.7753s
iters: 80, epoch: 10 | loss_all: 0.3360207 
	speed: 0.0213s/iter; left time: 1657.4634s
iters: 90, epoch: 10 | loss_all: 0.3628320 
	speed: 0.0202s/iter; left time: 1568.8906s
iters: 100, epoch: 10 | loss_all: 0.3767662 
	speed: 0.0173s/iter; left time: 1344.3210s
iters: 110, epoch: 10 | loss_all: 0.3367730 
	speed: 0.0197s/iter; left time: 1530.5507s
iters: 120, epoch: 10 | loss_all: 0.3670537 
	speed: 0.0210s/iter; left time: 1626.8675s
iters: 130, epoch: 10 | loss_all: 0.3674812 
	speed: 0.0212s/iter; left time: 1648.0069s
iters: 140, epoch: 10 | loss_all: 0.3584935 
	speed: 0.0205s/iter; left time: 1587.0212s
iters: 150, epoch: 10 | loss_all: 0.4049529 
	speed: 0.0206s/iter; left time: 1600.0986s
iters: 160, epoch: 10 | loss_all: 0.3938848 
	speed: 0.0191s/iter; left time: 1478.4955s
iters: 170, epoch: 10 | loss_all: 0.4038185 
	speed: 0.0150s/iter; left time: 1161.7453s
iters: 180, epoch: 10 | loss_all: 0.3390039 
	speed: 0.0143s/iter; left time: 1106.5563s
iters: 190, epoch: 10 | loss_all: 0.3812567 
	speed: 0.0147s/iter; left time: 1139.8859s
iters: 200, epoch: 10 | loss_all: 0.3539500 
	speed: 0.0147s/iter; left time: 1140.3434s
iters: 210, epoch: 10 | loss_all: 0.3744087 
	speed: 0.0148s/iter; left time: 1143.5937s
iters: 220, epoch: 10 | loss_all: 0.3369875 
	speed: 0.0144s/iter; left time: 1120.0299s
iters: 230, epoch: 10 | loss_all: 0.3508758 
	speed: 0.0145s/iter; left time: 1125.1224s
iters: 240, epoch: 10 | loss_all: 0.3253075 
	speed: 0.0146s/iter; left time: 1128.7429s
iters: 250, epoch: 10 | loss_all: 0.3894010 
	speed: 0.0145s/iter; left time: 1122.4859s
iters: 260, epoch: 10 | loss_all: 0.3793117 
	speed: 0.0143s/iter; left time: 1108.0915s
iters: 270, epoch: 10 | loss_all: 0.3687543 
	speed: 0.0153s/iter; left time: 1183.9869s
iters: 280, epoch: 10 | loss_all: 0.3714533 
	speed: 0.0150s/iter; left time: 1161.5106s
iters: 290, epoch: 10 | loss_all: 0.3914579 
	speed: 0.0142s/iter; left time: 1103.2696s
iters: 300, epoch: 10 | loss_all: 0.3757374 
	speed: 0.0149s/iter; left time: 1152.0163s
iters: 310, epoch: 10 | loss_all: 0.3455001 
	speed: 0.0143s/iter; left time: 1107.1143s
iters: 320, epoch: 10 | loss_all: 0.4088220 
	speed: 0.0147s/iter; left time: 1140.4484s
iters: 330, epoch: 10 | loss_all: 0.3561920 
	speed: 0.0148s/iter; left time: 1145.9189s
iters: 340, epoch: 10 | loss_all: 0.3570565 
	speed: 0.0148s/iter; left time: 1148.4595s
iters: 350, epoch: 10 | loss_all: 0.3491508 
	speed: 0.0154s/iter; left time: 1193.8715s
iters: 360, epoch: 10 | loss_all: 0.3516141 
	speed: 0.0155s/iter; left time: 1196.3554s
iters: 370, epoch: 10 | loss_all: 0.3789373 
	speed: 0.0159s/iter; left time: 1226.4927s
iters: 380, epoch: 10 | loss_all: 0.3497954 
	speed: 0.0153s/iter; left time: 1183.5156s
iters: 390, epoch: 10 | loss_all: 0.3548454 
	speed: 0.0147s/iter; left time: 1133.6138s
iters: 400, epoch: 10 | loss_all: 0.3625365 
	speed: 0.0141s/iter; left time: 1092.8115s
Epoch: 10 cost time: 6.801356315612793
Epoch: 10, Steps: 407 | Train Loss: 0.36287 Vali Loss: 0.32065 Test Loss: 0.34325 
EarlyStopping counter: 1 out of 3
Updating learning rate to 1.953125e-07
iters: 10, epoch: 11 | loss_all: 0.3770833 
	speed: 0.2220s/iter; left time: 17165.2678s
iters: 20, epoch: 11 | loss_all: 0.4113280 
	speed: 0.0133s/iter; left time: 1031.9810s
iters: 30, epoch: 11 | loss_all: 0.3897510 
	speed: 0.0136s/iter; left time: 1053.4456s
iters: 40, epoch: 11 | loss_all: 0.3981311 
	speed: 0.0135s/iter; left time: 1039.9751s
iters: 50, epoch: 11 | loss_all: 0.3291491 
	speed: 0.0130s/iter; left time: 1006.0100s
iters: 60, epoch: 11 | loss_all: 0.4024936 
	speed: 0.0129s/iter; left time: 994.2053s
iters: 70, epoch: 11 | loss_all: 0.3841703 
	speed: 0.0129s/iter; left time: 996.3589s
iters: 80, epoch: 11 | loss_all: 0.3703323 
	speed: 0.0129s/iter; left time: 993.8043s
iters: 90, epoch: 11 | loss_all: 0.3567041 
	speed: 0.0128s/iter; left time: 988.2154s
iters: 100, epoch: 11 | loss_all: 0.3527278 
	speed: 0.0128s/iter; left time: 990.3025s
iters: 110, epoch: 11 | loss_all: 0.3783322 
	speed: 0.0129s/iter; left time: 997.3804s
iters: 120, epoch: 11 | loss_all: 0.3832136 
	speed: 0.0128s/iter; left time: 989.2950s
iters: 130, epoch: 11 | loss_all: 0.3810139 
	speed: 0.0129s/iter; left time: 998.4418s
iters: 140, epoch: 11 | loss_all: 0.3555964 
	speed: 0.0128s/iter; left time: 989.4216s
iters: 150, epoch: 11 | loss_all: 0.3532891 
	speed: 0.0128s/iter; left time: 990.1030s
iters: 160, epoch: 11 | loss_all: 0.3461754 
	speed: 0.0128s/iter; left time: 990.9904s
iters: 170, epoch: 11 | loss_all: 0.3781503 
	speed: 0.0139s/iter; left time: 1075.6796s
iters: 180, epoch: 11 | loss_all: 0.3086814 
	speed: 0.0129s/iter; left time: 997.0189s
iters: 190, epoch: 11 | loss_all: 0.3881591 
	speed: 0.0128s/iter; left time: 991.0999s
iters: 200, epoch: 11 | loss_all: 0.3489050 
	speed: 0.0128s/iter; left time: 987.2163s
iters: 210, epoch: 11 | loss_all: 0.3771308 
	speed: 0.0129s/iter; left time: 991.7696s
iters: 220, epoch: 11 | loss_all: 0.3681068 
	speed: 0.0129s/iter; left time: 994.1763s
iters: 230, epoch: 11 | loss_all: 0.3950533 
	speed: 0.0128s/iter; left time: 989.9885s
iters: 240, epoch: 11 | loss_all: 0.4015927 
	speed: 0.0128s/iter; left time: 989.1433s
iters: 250, epoch: 11 | loss_all: 0.3582621 
	speed: 0.0129s/iter; left time: 991.0770s
iters: 260, epoch: 11 | loss_all: 0.3726911 
	speed: 0.0131s/iter; left time: 1007.1388s
iters: 270, epoch: 11 | loss_all: 0.3407120 
	speed: 0.0130s/iter; left time: 998.8910s
iters: 280, epoch: 11 | loss_all: 0.4026106 
	speed: 0.0128s/iter; left time: 989.2032s
iters: 290, epoch: 11 | loss_all: 0.3508088 
	speed: 0.0129s/iter; left time: 994.4181s
iters: 300, epoch: 11 | loss_all: 0.3875473 
	speed: 0.0130s/iter; left time: 998.9466s
iters: 310, epoch: 11 | loss_all: 0.3609963 
	speed: 0.0128s/iter; left time: 989.3470s
iters: 320, epoch: 11 | loss_all: 0.3963004 
	speed: 0.0129s/iter; left time: 991.1648s
iters: 330, epoch: 11 | loss_all: 0.3748899 
	speed: 0.0129s/iter; left time: 992.3927s
iters: 340, epoch: 11 | loss_all: 0.3359313 
	speed: 0.0128s/iter; left time: 989.0956s
iters: 350, epoch: 11 | loss_all: 0.3467610 
	speed: 0.0127s/iter; left time: 976.0553s
iters: 360, epoch: 11 | loss_all: 0.3566861 
	speed: 0.0127s/iter; left time: 976.9378s
iters: 370, epoch: 11 | loss_all: 0.3616250 
	speed: 0.0127s/iter; left time: 974.8971s
iters: 380, epoch: 11 | loss_all: 0.3788948 
	speed: 0.0127s/iter; left time: 975.7373s
iters: 390, epoch: 11 | loss_all: 0.3535570 
	speed: 0.0130s/iter; left time: 1003.5303s
iters: 400, epoch: 11 | loss_all: 0.3685003 
	speed: 0.0125s/iter; left time: 962.7123s
Epoch: 11 cost time: 5.54052996635437
Epoch: 11, Steps: 407 | Train Loss: 0.36445 Vali Loss: 0.31780 Test Loss: 0.34136 
Validation loss decreased (0.318931 --> 0.317797).  Saving model ...
Updating learning rate to 9.765625e-08
iters: 10, epoch: 12 | loss_all: 0.3664926 
	speed: 0.2395s/iter; left time: 18421.2934s
iters: 20, epoch: 12 | loss_all: 0.3637317 
	speed: 0.0192s/iter; left time: 1479.3119s
iters: 30, epoch: 12 | loss_all: 0.3803757 
	speed: 0.0175s/iter; left time: 1345.4723s
iters: 40, epoch: 12 | loss_all: 0.3308175 
	speed: 0.0177s/iter; left time: 1359.6318s
iters: 50, epoch: 12 | loss_all: 0.3695121 
	speed: 0.0188s/iter; left time: 1446.6165s
iters: 60, epoch: 12 | loss_all: 0.3840172 
	speed: 0.0127s/iter; left time: 975.1015s
iters: 70, epoch: 12 | loss_all: 0.3804468 
	speed: 0.0129s/iter; left time: 988.1436s
iters: 80, epoch: 12 | loss_all: 0.3513177 
	speed: 0.0128s/iter; left time: 980.5144s
iters: 90, epoch: 12 | loss_all: 0.3783697 
	speed: 0.0126s/iter; left time: 969.1062s
iters: 100, epoch: 12 | loss_all: 0.3634615 
	speed: 0.0126s/iter; left time: 971.5627s
iters: 110, epoch: 12 | loss_all: 0.3564782 
	speed: 0.0127s/iter; left time: 972.1321s
iters: 120, epoch: 12 | loss_all: 0.3530031 
	speed: 0.0126s/iter; left time: 965.8840s
iters: 130, epoch: 12 | loss_all: 0.3434614 
	speed: 0.0127s/iter; left time: 976.6193s
iters: 140, epoch: 12 | loss_all: 0.3425543 
	speed: 0.0126s/iter; left time: 969.8577s
iters: 150, epoch: 12 | loss_all: 0.3624689 
	speed: 0.0133s/iter; left time: 1018.2233s
iters: 160, epoch: 12 | loss_all: 0.3449982 
	speed: 0.0132s/iter; left time: 1013.3450s
iters: 170, epoch: 12 | loss_all: 0.3459027 
	speed: 0.0125s/iter; left time: 956.8557s
iters: 180, epoch: 12 | loss_all: 0.4005564 
	speed: 0.0126s/iter; left time: 963.4919s
iters: 190, epoch: 12 | loss_all: 0.3517503 
	speed: 0.0129s/iter; left time: 993.4028s
iters: 200, epoch: 12 | loss_all: 0.3904088 
	speed: 0.0132s/iter; left time: 1011.4743s
iters: 210, epoch: 12 | loss_all: 0.3467920 
	speed: 0.0184s/iter; left time: 1411.0311s
iters: 220, epoch: 12 | loss_all: 0.3974817 
	speed: 0.0213s/iter; left time: 1636.6906s
iters: 230, epoch: 12 | loss_all: 0.3524247 
	speed: 0.0221s/iter; left time: 1696.1238s
iters: 240, epoch: 12 | loss_all: 0.4113739 
	speed: 0.0210s/iter; left time: 1611.4485s
iters: 250, epoch: 12 | loss_all: 0.3525595 
	speed: 0.0189s/iter; left time: 1452.2948s
iters: 260, epoch: 12 | loss_all: 0.3493198 
	speed: 0.0187s/iter; left time: 1436.9601s
iters: 270, epoch: 12 | loss_all: 0.3847113 
	speed: 0.0186s/iter; left time: 1423.0677s
iters: 280, epoch: 12 | loss_all: 0.3874983 
	speed: 0.0190s/iter; left time: 1458.5444s
iters: 290, epoch: 12 | loss_all: 0.3476450 
	speed: 0.0145s/iter; left time: 1112.4536s
iters: 300, epoch: 12 | loss_all: 0.3940180 
	speed: 0.0150s/iter; left time: 1148.1514s
iters: 310, epoch: 12 | loss_all: 0.3593964 
	speed: 0.0142s/iter; left time: 1090.5360s
iters: 320, epoch: 12 | loss_all: 0.3604193 
	speed: 0.0143s/iter; left time: 1095.0345s
iters: 330, epoch: 12 | loss_all: 0.3674494 
	speed: 0.0142s/iter; left time: 1089.2817s
iters: 340, epoch: 12 | loss_all: 0.3580807 
	speed: 0.0142s/iter; left time: 1086.6270s
iters: 350, epoch: 12 | loss_all: 0.3694043 
	speed: 0.0142s/iter; left time: 1085.5248s
iters: 360, epoch: 12 | loss_all: 0.3634938 
	speed: 0.0142s/iter; left time: 1090.5600s
iters: 370, epoch: 12 | loss_all: 0.3353418 
	speed: 0.0142s/iter; left time: 1086.4313s
iters: 380, epoch: 12 | loss_all: 0.3769487 
	speed: 0.0143s/iter; left time: 1093.4323s
iters: 390, epoch: 12 | loss_all: 0.3287016 
	speed: 0.0146s/iter; left time: 1115.2590s
iters: 400, epoch: 12 | loss_all: 0.4012742 
	speed: 0.0133s/iter; left time: 1018.9032s
Epoch: 12 cost time: 6.532178163528442
Epoch: 12, Steps: 407 | Train Loss: 0.36316 Vali Loss: 0.31925 Test Loss: 0.34088 
EarlyStopping counter: 1 out of 3
Updating learning rate to 4.8828125e-08
iters: 10, epoch: 13 | loss_all: 0.3582048 
	speed: 0.2238s/iter; left time: 17121.6403s
iters: 20, epoch: 13 | loss_all: 0.3602405 
	speed: 0.0127s/iter; left time: 973.2343s
iters: 30, epoch: 13 | loss_all: 0.3575323 
	speed: 0.0132s/iter; left time: 1012.2158s
iters: 40, epoch: 13 | loss_all: 0.3919730 
	speed: 0.0131s/iter; left time: 1000.5161s
iters: 50, epoch: 13 | loss_all: 0.3736391 
	speed: 0.0129s/iter; left time: 984.6099s
iters: 60, epoch: 13 | loss_all: 0.3450722 
	speed: 0.0130s/iter; left time: 991.4773s
iters: 70, epoch: 13 | loss_all: 0.3505480 
	speed: 0.0129s/iter; left time: 988.9290s
iters: 80, epoch: 13 | loss_all: 0.3594824 
	speed: 0.0131s/iter; left time: 1004.0276s
iters: 90, epoch: 13 | loss_all: 0.3629569 
	speed: 0.0130s/iter; left time: 991.4272s
iters: 100, epoch: 13 | loss_all: 0.3774107 
	speed: 0.0131s/iter; left time: 1000.8735s
iters: 110, epoch: 13 | loss_all: 0.3684507 
	speed: 0.0129s/iter; left time: 984.9686s
iters: 120, epoch: 13 | loss_all: 0.3681836 
	speed: 0.0129s/iter; left time: 982.3243s
iters: 130, epoch: 13 | loss_all: 0.3657753 
	speed: 0.0132s/iter; left time: 1010.9944s
iters: 140, epoch: 13 | loss_all: 0.4000205 
	speed: 0.0129s/iter; left time: 981.4880s
iters: 150, epoch: 13 | loss_all: 0.3752576 
	speed: 0.0129s/iter; left time: 985.3251s
iters: 160, epoch: 13 | loss_all: 0.3754488 
	speed: 0.0133s/iter; left time: 1013.3791s
iters: 170, epoch: 13 | loss_all: 0.3438040 
	speed: 0.0129s/iter; left time: 984.4154s
iters: 180, epoch: 13 | loss_all: 0.3612694 
	speed: 0.0130s/iter; left time: 991.9305s
iters: 190, epoch: 13 | loss_all: 0.3454931 
	speed: 0.0129s/iter; left time: 985.7462s
iters: 200, epoch: 13 | loss_all: 0.3450394 
	speed: 0.0129s/iter; left time: 984.1941s
iters: 210, epoch: 13 | loss_all: 0.3585998 
	speed: 0.0129s/iter; left time: 988.0840s
iters: 220, epoch: 13 | loss_all: 0.3479024 
	speed: 0.0129s/iter; left time: 980.8857s
iters: 230, epoch: 13 | loss_all: 0.3574016 
	speed: 0.0133s/iter; left time: 1013.3995s
iters: 240, epoch: 13 | loss_all: 0.3815024 
	speed: 0.0132s/iter; left time: 1005.4522s
iters: 250, epoch: 13 | loss_all: 0.3593818 
	speed: 0.0132s/iter; left time: 1006.9387s
iters: 260, epoch: 13 | loss_all: 0.3385419 
	speed: 0.0140s/iter; left time: 1064.8625s
iters: 270, epoch: 13 | loss_all: 0.4253285 
	speed: 0.0152s/iter; left time: 1161.4736s
iters: 280, epoch: 13 | loss_all: 0.3664144 
	speed: 0.0127s/iter; left time: 966.7674s
iters: 290, epoch: 13 | loss_all: 0.3775516 
	speed: 0.0127s/iter; left time: 966.6642s
iters: 300, epoch: 13 | loss_all: 0.3508537 
	speed: 0.0126s/iter; left time: 961.2004s
iters: 310, epoch: 13 | loss_all: 0.3747481 
	speed: 0.0154s/iter; left time: 1176.4134s
iters: 320, epoch: 13 | loss_all: 0.3590944 
	speed: 0.0168s/iter; left time: 1277.0229s
iters: 330, epoch: 13 | loss_all: 0.3755597 
	speed: 0.0188s/iter; left time: 1434.1390s
iters: 340, epoch: 13 | loss_all: 0.3478002 
	speed: 0.0191s/iter; left time: 1452.1546s
iters: 350, epoch: 13 | loss_all: 0.3367012 
	speed: 0.0196s/iter; left time: 1489.7051s
iters: 360, epoch: 13 | loss_all: 0.3592919 
	speed: 0.0194s/iter; left time: 1474.4880s
iters: 370, epoch: 13 | loss_all: 0.3519501 
	speed: 0.0164s/iter; left time: 1252.5128s
iters: 380, epoch: 13 | loss_all: 0.3400883 
	speed: 0.0129s/iter; left time: 983.4285s
iters: 390, epoch: 13 | loss_all: 0.3544786 
	speed: 0.0135s/iter; left time: 1031.1321s
iters: 400, epoch: 13 | loss_all: 0.4109631 
	speed: 0.0126s/iter; left time: 959.2751s
Epoch: 13 cost time: 5.9354407787323
Epoch: 13, Steps: 407 | Train Loss: 0.36342 Vali Loss: 0.31828 Test Loss: 0.34229 
EarlyStopping counter: 2 out of 3
Updating learning rate to 2.44140625e-08
iters: 10, epoch: 14 | loss_all: 0.3337228 
	speed: 0.2210s/iter; left time: 16817.7247s
iters: 20, epoch: 14 | loss_all: 0.3550973 
	speed: 0.0130s/iter; left time: 991.0195s
iters: 30, epoch: 14 | loss_all: 0.3799386 
	speed: 0.0126s/iter; left time: 960.7497s
iters: 40, epoch: 14 | loss_all: 0.3398800 
	speed: 0.0128s/iter; left time: 976.0920s
iters: 50, epoch: 14 | loss_all: 0.3587445 
	speed: 0.0130s/iter; left time: 985.4786s
iters: 60, epoch: 14 | loss_all: 0.3499260 
	speed: 0.0129s/iter; left time: 978.0855s
iters: 70, epoch: 14 | loss_all: 0.3573015 
	speed: 0.0128s/iter; left time: 972.9387s
iters: 80, epoch: 14 | loss_all: 0.3482652 
	speed: 0.0125s/iter; left time: 951.4463s
iters: 90, epoch: 14 | loss_all: 0.3459067 
	speed: 0.0128s/iter; left time: 971.3543s
iters: 100, epoch: 14 | loss_all: 0.3537472 
	speed: 0.0129s/iter; left time: 982.0092s
iters: 110, epoch: 14 | loss_all: 0.3976389 
	speed: 0.0130s/iter; left time: 986.9535s
iters: 120, epoch: 14 | loss_all: 0.3346382 
	speed: 0.0130s/iter; left time: 986.9614s
iters: 130, epoch: 14 | loss_all: 0.3416889 
	speed: 0.0129s/iter; left time: 978.1127s
iters: 140, epoch: 14 | loss_all: 0.3609559 
	speed: 0.0137s/iter; left time: 1042.7621s
iters: 150, epoch: 14 | loss_all: 0.3493841 
	speed: 0.0134s/iter; left time: 1020.4669s
iters: 160, epoch: 14 | loss_all: 0.3820336 
	speed: 0.0140s/iter; left time: 1062.5910s
iters: 170, epoch: 14 | loss_all: 0.3360708 
	speed: 0.0130s/iter; left time: 988.3398s
iters: 180, epoch: 14 | loss_all: 0.3385338 
	speed: 0.0131s/iter; left time: 996.2094s
iters: 190, epoch: 14 | loss_all: 0.3829769 
	speed: 0.0131s/iter; left time: 993.9785s
iters: 200, epoch: 14 | loss_all: 0.3343960 
	speed: 0.0130s/iter; left time: 983.9243s
iters: 210, epoch: 14 | loss_all: 0.3781437 
	speed: 0.0160s/iter; left time: 1213.6515s
iters: 220, epoch: 14 | loss_all: 0.3694845 
	speed: 0.0197s/iter; left time: 1494.7546s
iters: 230, epoch: 14 | loss_all: 0.3553301 
	speed: 0.0177s/iter; left time: 1345.9619s
iters: 240, epoch: 14 | loss_all: 0.3507303 
	speed: 0.0131s/iter; left time: 994.3712s
iters: 250, epoch: 14 | loss_all: 0.3658619 
	speed: 0.0134s/iter; left time: 1012.8475s
iters: 260, epoch: 14 | loss_all: 0.3573059 
	speed: 0.0133s/iter; left time: 1007.2399s
iters: 270, epoch: 14 | loss_all: 0.3517647 
	speed: 0.0130s/iter; left time: 983.2755s
iters: 280, epoch: 14 | loss_all: 0.3419594 
	speed: 0.0138s/iter; left time: 1047.7739s
iters: 290, epoch: 14 | loss_all: 0.3470044 
	speed: 0.0134s/iter; left time: 1017.4527s
iters: 300, epoch: 14 | loss_all: 0.3374409 
	speed: 0.0166s/iter; left time: 1257.1763s
iters: 310, epoch: 14 | loss_all: 0.3501173 
	speed: 0.0170s/iter; left time: 1290.2488s
iters: 320, epoch: 14 | loss_all: 0.3967862 
	speed: 0.0204s/iter; left time: 1542.8706s
iters: 330, epoch: 14 | loss_all: 0.3528623 
	speed: 0.0206s/iter; left time: 1560.2484s
iters: 340, epoch: 14 | loss_all: 0.3426649 
	speed: 0.0206s/iter; left time: 1563.6357s
iters: 350, epoch: 14 | loss_all: 0.4119436 
	speed: 0.0186s/iter; left time: 1407.8020s
iters: 360, epoch: 14 | loss_all: 0.3473204 
	speed: 0.0199s/iter; left time: 1510.2487s
iters: 370, epoch: 14 | loss_all: 0.3526964 
	speed: 0.0194s/iter; left time: 1465.7138s
iters: 380, epoch: 14 | loss_all: 0.3915741 
	speed: 0.0171s/iter; left time: 1291.6121s
iters: 390, epoch: 14 | loss_all: 0.3613577 
	speed: 0.0189s/iter; left time: 1432.3601s
iters: 400, epoch: 14 | loss_all: 0.3480469 
	speed: 0.0219s/iter; left time: 1660.2375s
Epoch: 14 cost time: 6.39137077331543
Epoch: 14, Steps: 407 | Train Loss: 0.36356 Vali Loss: 0.31868 Test Loss: 0.34247 
EarlyStopping counter: 3 out of 3
Early stopping
>>>>>>>testing : 1/SNoramlRamp_NSW1_30min_48_3_PatchTST_3dConv_self_Pcgrad_NSW1_30min_ftM_sl48_ll12_pl3_dm256_nh8_el2_dl1_df512_expand2_dc4_fc3_ebtimeF_dtTrue_Exp_0<<<<<<<<<<<<<<<<<<<<<<<<<<<<<<<<<
Number of train samples:  52114 14889 7446
test 14887
test con shape: (14887, 9, 3) (14887, 9, 3)
mse:777.9415893554688, mae:22.26604461669922
mae:22.26604461669922, mse:777.9415893554688, rmse:27.891603469848633, mape:inf, mspe:inf
Using GPU
Args in experiment:
Use GPU: cuda:0
>>>>>>>start training : SNoramlRamp_NSW1_30min_48_3_PatchTST_3dConv_self_Pcgrad_NSW1_30min_ftM_sl48_ll12_pl3_dm256_nh8_el2_dl1_df512_expand2_dc4_fc3_ebtimeF_dtTrue_Exp_0>>>>>>>>>>>>>>>>>>>>>>>>>>
Number of train samples:  52114 14889 7446
train 52064
Number of train samples:  52114 14889 7446
val 7444
Number of train samples:  52114 14889 7446
test 14887
iters: 10, epoch: 1 | loss_all: 1.1589892 
	speed: 0.0779s/iter; left time: 6344.0016s
iters: 20, epoch: 1 | loss_all: 1.1228625 
	speed: 0.0174s/iter; left time: 1417.8496s
iters: 30, epoch: 1 | loss_all: 1.0902699 
	speed: 0.0204s/iter; left time: 1657.5666s
iters: 40, epoch: 1 | loss_all: 1.0648805 
	speed: 0.0165s/iter; left time: 1344.1729s
iters: 50, epoch: 1 | loss_all: 1.0458703 
	speed: 0.0183s/iter; left time: 1484.7867s
iters: 60, epoch: 1 | loss_all: 1.0364972 
	speed: 0.0163s/iter; left time: 1328.5800s
iters: 70, epoch: 1 | loss_all: 1.0448992 
	speed: 0.0180s/iter; left time: 1460.8793s
iters: 80, epoch: 1 | loss_all: 1.0404497 
	speed: 0.0194s/iter; left time: 1575.6983s
iters: 90, epoch: 1 | loss_all: 1.0097076 
	speed: 0.0137s/iter; left time: 1110.4932s
iters: 100, epoch: 1 | loss_all: 0.9892602 
	speed: 0.0147s/iter; left time: 1198.5213s
iters: 110, epoch: 1 | loss_all: 0.9781024 
	speed: 0.0140s/iter; left time: 1134.2626s
iters: 120, epoch: 1 | loss_all: 0.9712854 
	speed: 0.0131s/iter; left time: 1061.2409s
iters: 130, epoch: 1 | loss_all: 0.9825163 
	speed: 0.0131s/iter; left time: 1062.9821s
iters: 140, epoch: 1 | loss_all: 0.9732466 
	speed: 0.0129s/iter; left time: 1047.4586s
iters: 150, epoch: 1 | loss_all: 0.9680395 
	speed: 0.0130s/iter; left time: 1053.1180s
iters: 160, epoch: 1 | loss_all: 0.9602666 
	speed: 0.0130s/iter; left time: 1059.8122s
iters: 170, epoch: 1 | loss_all: 0.9539810 
	speed: 0.0131s/iter; left time: 1060.9135s
iters: 180, epoch: 1 | loss_all: 0.9633326 
	speed: 0.0130s/iter; left time: 1057.4231s
iters: 190, epoch: 1 | loss_all: 0.9561793 
	speed: 0.0130s/iter; left time: 1053.8174s
iters: 200, epoch: 1 | loss_all: 0.9379296 
	speed: 0.0130s/iter; left time: 1052.4176s
iters: 210, epoch: 1 | loss_all: 0.9441445 
	speed: 0.0131s/iter; left time: 1063.5037s
iters: 220, epoch: 1 | loss_all: 0.9559058 
	speed: 0.0130s/iter; left time: 1054.6262s
iters: 230, epoch: 1 | loss_all: 0.8980042 
	speed: 0.0131s/iter; left time: 1060.3253s
iters: 240, epoch: 1 | loss_all: 0.9684185 
	speed: 0.0131s/iter; left time: 1063.9022s
iters: 250, epoch: 1 | loss_all: 0.9449664 
	speed: 0.0135s/iter; left time: 1092.5163s
iters: 260, epoch: 1 | loss_all: 0.8656873 
	speed: 0.0130s/iter; left time: 1052.2494s
iters: 270, epoch: 1 | loss_all: 0.9251177 
	speed: 0.0130s/iter; left time: 1052.2145s
iters: 280, epoch: 1 | loss_all: 0.9326600 
	speed: 0.0130s/iter; left time: 1052.7598s
iters: 290, epoch: 1 | loss_all: 0.9442174 
	speed: 0.0130s/iter; left time: 1054.0823s
iters: 300, epoch: 1 | loss_all: 0.9193966 
	speed: 0.0131s/iter; left time: 1058.4228s
iters: 310, epoch: 1 | loss_all: 0.8962906 
	speed: 0.0129s/iter; left time: 1049.3911s
iters: 320, epoch: 1 | loss_all: 0.9204975 
	speed: 0.0130s/iter; left time: 1051.2664s
iters: 330, epoch: 1 | loss_all: 0.9147148 
	speed: 0.0130s/iter; left time: 1057.6157s
iters: 340, epoch: 1 | loss_all: 0.9039495 
	speed: 0.0130s/iter; left time: 1051.6873s
iters: 350, epoch: 1 | loss_all: 0.9222302 
	speed: 0.0130s/iter; left time: 1053.7238s
iters: 360, epoch: 1 | loss_all: 0.8982548 
	speed: 0.0130s/iter; left time: 1055.9955s
iters: 370, epoch: 1 | loss_all: 0.9025571 
	speed: 0.0130s/iter; left time: 1050.8461s
iters: 380, epoch: 1 | loss_all: 0.8894638 
	speed: 0.0130s/iter; left time: 1049.7042s
iters: 390, epoch: 1 | loss_all: 0.9044639 
	speed: 0.0137s/iter; left time: 1111.4313s
iters: 400, epoch: 1 | loss_all: 0.9025703 
	speed: 0.0131s/iter; left time: 1061.4031s
Epoch: 1 cost time: 6.384101152420044
Epoch: 1, Steps: 407 | Train Loss: 0.96745 Vali Loss: 0.85961 Test Loss: 0.87967 
Validation loss decreased (inf --> 0.859610).  Saving model ...
Updating learning rate to 0.0001
iters: 10, epoch: 2 | loss_all: 0.8989979 
	speed: 0.2374s/iter; left time: 19226.7124s
iters: 20, epoch: 2 | loss_all: 0.9009354 
	speed: 0.0127s/iter; left time: 1030.8069s
iters: 30, epoch: 2 | loss_all: 0.8836811 
	speed: 0.0127s/iter; left time: 1025.0759s
iters: 40, epoch: 2 | loss_all: 0.8895497 
	speed: 0.0130s/iter; left time: 1054.0802s
iters: 50, epoch: 2 | loss_all: 0.8810409 
	speed: 0.0130s/iter; left time: 1053.7570s
iters: 60, epoch: 2 | loss_all: 0.8952221 
	speed: 0.0130s/iter; left time: 1049.4106s
iters: 70, epoch: 2 | loss_all: 0.8939342 
	speed: 0.0130s/iter; left time: 1050.8071s
iters: 80, epoch: 2 | loss_all: 0.9097278 
	speed: 0.0129s/iter; left time: 1044.3574s
iters: 90, epoch: 2 | loss_all: 0.9041324 
	speed: 0.0129s/iter; left time: 1044.9323s
iters: 100, epoch: 2 | loss_all: 0.8573113 
	speed: 0.0130s/iter; left time: 1048.4329s
iters: 110, epoch: 2 | loss_all: 0.9159654 
	speed: 0.0130s/iter; left time: 1052.5806s
iters: 120, epoch: 2 | loss_all: 0.8603893 
	speed: 0.0129s/iter; left time: 1045.7365s
iters: 130, epoch: 2 | loss_all: 0.8723919 
	speed: 0.0131s/iter; left time: 1060.8399s
iters: 140, epoch: 2 | loss_all: 0.9017457 
	speed: 0.0130s/iter; left time: 1051.2051s
iters: 150, epoch: 2 | loss_all: 0.8736156 
	speed: 0.0129s/iter; left time: 1046.5070s
iters: 160, epoch: 2 | loss_all: 0.8556781 
	speed: 0.0130s/iter; left time: 1051.7680s
iters: 170, epoch: 2 | loss_all: 0.8581070 
	speed: 0.0130s/iter; left time: 1050.3487s
iters: 180, epoch: 2 | loss_all: 0.8753621 
	speed: 0.0129s/iter; left time: 1045.7564s
iters: 190, epoch: 2 | loss_all: 0.9105710 
	speed: 0.0130s/iter; left time: 1049.4877s
iters: 200, epoch: 2 | loss_all: 0.8825230 
	speed: 0.0130s/iter; left time: 1049.1806s
iters: 210, epoch: 2 | loss_all: 0.9125869 
	speed: 0.0130s/iter; left time: 1048.6579s
iters: 220, epoch: 2 | loss_all: 0.8597341 
	speed: 0.0128s/iter; left time: 1037.8726s
iters: 230, epoch: 2 | loss_all: 0.8944416 
	speed: 0.0129s/iter; left time: 1041.0291s
iters: 240, epoch: 2 | loss_all: 0.8860915 
	speed: 0.0129s/iter; left time: 1041.7204s
iters: 250, epoch: 2 | loss_all: 0.8713171 
	speed: 0.0130s/iter; left time: 1048.4158s
iters: 260, epoch: 2 | loss_all: 0.8967045 
	speed: 0.0129s/iter; left time: 1043.3006s
iters: 270, epoch: 2 | loss_all: 0.8439243 
	speed: 0.0129s/iter; left time: 1041.5894s
iters: 280, epoch: 2 | loss_all: 0.8418366 
	speed: 0.0130s/iter; left time: 1049.0308s
iters: 290, epoch: 2 | loss_all: 0.8642746 
	speed: 0.0131s/iter; left time: 1056.6436s
iters: 300, epoch: 2 | loss_all: 0.8784195 
	speed: 0.0129s/iter; left time: 1042.1565s
iters: 310, epoch: 2 | loss_all: 0.8967659 
	speed: 0.0130s/iter; left time: 1046.6653s
iters: 320, epoch: 2 | loss_all: 0.8163183 
	speed: 0.0129s/iter; left time: 1037.5667s
iters: 330, epoch: 2 | loss_all: 0.8557904 
	speed: 0.0131s/iter; left time: 1054.9063s
iters: 340, epoch: 2 | loss_all: 0.8676544 
	speed: 0.0129s/iter; left time: 1041.5361s
iters: 350, epoch: 2 | loss_all: 0.9045360 
	speed: 0.0132s/iter; left time: 1067.2673s
iters: 360, epoch: 2 | loss_all: 0.8893090 
	speed: 0.0130s/iter; left time: 1045.2766s
iters: 370, epoch: 2 | loss_all: 0.8507797 
	speed: 0.0130s/iter; left time: 1044.1993s
iters: 380, epoch: 2 | loss_all: 0.8377438 
	speed: 0.0133s/iter; left time: 1070.4202s
iters: 390, epoch: 2 | loss_all: 0.9171543 
	speed: 0.0131s/iter; left time: 1056.9447s
iters: 400, epoch: 2 | loss_all: 0.8743965 
	speed: 0.0139s/iter; left time: 1123.6629s
Epoch: 2 cost time: 5.607650995254517
Epoch: 2, Steps: 407 | Train Loss: 0.87871 Vali Loss: 0.82155 Test Loss: 0.84306 
Validation loss decreased (0.859610 --> 0.821553).  Saving model ...
Updating learning rate to 5e-05
iters: 10, epoch: 3 | loss_all: 0.8294845 
	speed: 0.2295s/iter; left time: 18493.7919s
iters: 20, epoch: 3 | loss_all: 0.9003561 
	speed: 0.0167s/iter; left time: 1348.9807s
iters: 30, epoch: 3 | loss_all: 0.8715055 
	speed: 0.0181s/iter; left time: 1454.7801s
iters: 40, epoch: 3 | loss_all: 0.8805608 
	speed: 0.0203s/iter; left time: 1637.0538s
iters: 50, epoch: 3 | loss_all: 0.8568839 
	speed: 0.0192s/iter; left time: 1550.0252s
iters: 60, epoch: 3 | loss_all: 0.8487371 
	speed: 0.0172s/iter; left time: 1381.2874s
iters: 70, epoch: 3 | loss_all: 0.8378133 
	speed: 0.0153s/iter; left time: 1230.7055s
iters: 80, epoch: 3 | loss_all: 0.8668547 
	speed: 0.0163s/iter; left time: 1309.7179s
iters: 90, epoch: 3 | loss_all: 0.8791450 
	speed: 0.0148s/iter; left time: 1192.5647s
iters: 100, epoch: 3 | loss_all: 0.8577020 
	speed: 0.0151s/iter; left time: 1216.2385s
iters: 110, epoch: 3 | loss_all: 0.8568646 
	speed: 0.0132s/iter; left time: 1062.0755s
iters: 120, epoch: 3 | loss_all: 0.8212166 
	speed: 0.0129s/iter; left time: 1037.5980s
iters: 130, epoch: 3 | loss_all: 0.8658286 
	speed: 0.0130s/iter; left time: 1043.4616s
iters: 140, epoch: 3 | loss_all: 0.8931374 
	speed: 0.0129s/iter; left time: 1039.2715s
iters: 150, epoch: 3 | loss_all: 0.8890919 
	speed: 0.0131s/iter; left time: 1051.1821s
iters: 160, epoch: 3 | loss_all: 0.9006903 
	speed: 0.0130s/iter; left time: 1044.7715s
iters: 170, epoch: 3 | loss_all: 0.8839271 
	speed: 0.0130s/iter; left time: 1042.3926s
iters: 180, epoch: 3 | loss_all: 0.8771416 
	speed: 0.0130s/iter; left time: 1044.3775s
iters: 190, epoch: 3 | loss_all: 0.9156587 
	speed: 0.0130s/iter; left time: 1043.9677s
iters: 200, epoch: 3 | loss_all: 0.8745560 
	speed: 0.0130s/iter; left time: 1045.7066s
iters: 210, epoch: 3 | loss_all: 0.8303050 
	speed: 0.0130s/iter; left time: 1045.5937s
iters: 220, epoch: 3 | loss_all: 0.8694709 
	speed: 0.0133s/iter; left time: 1071.9096s
iters: 230, epoch: 3 | loss_all: 0.8753392 
	speed: 0.0131s/iter; left time: 1055.6888s
iters: 240, epoch: 3 | loss_all: 0.8867050 
	speed: 0.0128s/iter; left time: 1025.6373s
iters: 250, epoch: 3 | loss_all: 0.8339036 
	speed: 0.0128s/iter; left time: 1024.7569s
iters: 260, epoch: 3 | loss_all: 0.8102192 
	speed: 0.0129s/iter; left time: 1035.7161s
iters: 270, epoch: 3 | loss_all: 0.8735330 
	speed: 0.0132s/iter; left time: 1058.6350s
iters: 280, epoch: 3 | loss_all: 0.8792983 
	speed: 0.0130s/iter; left time: 1040.4900s
iters: 290, epoch: 3 | loss_all: 0.8448002 
	speed: 0.0129s/iter; left time: 1034.0466s
iters: 300, epoch: 3 | loss_all: 0.8802485 
	speed: 0.0131s/iter; left time: 1050.7053s
iters: 310, epoch: 3 | loss_all: 0.8469535 
	speed: 0.0132s/iter; left time: 1059.0284s
iters: 320, epoch: 3 | loss_all: 0.8634472 
	speed: 0.0130s/iter; left time: 1045.9808s
iters: 330, epoch: 3 | loss_all: 0.8422110 
	speed: 0.0164s/iter; left time: 1316.7642s
iters: 340, epoch: 3 | loss_all: 0.8544070 
	speed: 0.0166s/iter; left time: 1333.2664s
iters: 350, epoch: 3 | loss_all: 0.8705674 
	speed: 0.0178s/iter; left time: 1426.1083s
iters: 360, epoch: 3 | loss_all: 0.8458686 
	speed: 0.0181s/iter; left time: 1448.4572s
iters: 370, epoch: 3 | loss_all: 0.8051746 
	speed: 0.0131s/iter; left time: 1053.9471s
iters: 380, epoch: 3 | loss_all: 0.8350030 
	speed: 0.0130s/iter; left time: 1044.9599s
iters: 390, epoch: 3 | loss_all: 0.8637645 
	speed: 0.0133s/iter; left time: 1066.2789s
iters: 400, epoch: 3 | loss_all: 0.8598927 
	speed: 0.0128s/iter; left time: 1029.4928s
Epoch: 3 cost time: 6.13725733757019
Epoch: 3, Steps: 407 | Train Loss: 0.86237 Vali Loss: 0.81591 Test Loss: 0.83686 
Validation loss decreased (0.821553 --> 0.815911).  Saving model ...
Updating learning rate to 2.5e-05
iters: 10, epoch: 4 | loss_all: 0.8222543 
	speed: 0.2314s/iter; left time: 18553.4683s
iters: 20, epoch: 4 | loss_all: 0.8597413 
	speed: 0.0152s/iter; left time: 1218.9763s
iters: 30, epoch: 4 | loss_all: 0.8853242 
	speed: 0.0131s/iter; left time: 1050.6571s
iters: 40, epoch: 4 | loss_all: 0.8229501 
	speed: 0.0132s/iter; left time: 1056.1931s
iters: 50, epoch: 4 | loss_all: 0.8614901 
	speed: 0.0129s/iter; left time: 1037.3294s
iters: 60, epoch: 4 | loss_all: 0.8509148 
	speed: 0.0133s/iter; left time: 1064.8387s
iters: 70, epoch: 4 | loss_all: 0.8638549 
	speed: 0.0130s/iter; left time: 1042.5903s
iters: 80, epoch: 4 | loss_all: 0.8494609 
	speed: 0.0130s/iter; left time: 1039.9794s
iters: 90, epoch: 4 | loss_all: 0.8672109 
	speed: 0.0129s/iter; left time: 1031.6177s
iters: 100, epoch: 4 | loss_all: 0.8925577 
	speed: 0.0130s/iter; left time: 1041.5870s
iters: 110, epoch: 4 | loss_all: 0.8665305 
	speed: 0.0130s/iter; left time: 1043.6561s
iters: 120, epoch: 4 | loss_all: 0.8732761 
	speed: 0.0130s/iter; left time: 1042.7985s
iters: 130, epoch: 4 | loss_all: 0.8563167 
	speed: 0.0130s/iter; left time: 1037.0629s
iters: 140, epoch: 4 | loss_all: 0.8886784 
	speed: 0.0130s/iter; left time: 1037.5669s
iters: 150, epoch: 4 | loss_all: 0.8778037 
	speed: 0.0128s/iter; left time: 1027.8893s
iters: 160, epoch: 4 | loss_all: 0.8536335 
	speed: 0.0127s/iter; left time: 1015.1597s
iters: 170, epoch: 4 | loss_all: 0.8200123 
	speed: 0.0128s/iter; left time: 1024.0233s
iters: 180, epoch: 4 | loss_all: 0.8517575 
	speed: 0.0128s/iter; left time: 1025.6748s
iters: 190, epoch: 4 | loss_all: 0.8407028 
	speed: 0.0128s/iter; left time: 1023.1208s
iters: 200, epoch: 4 | loss_all: 0.8904681 
	speed: 0.0129s/iter; left time: 1031.2191s
iters: 210, epoch: 4 | loss_all: 0.8262185 
	speed: 0.0130s/iter; left time: 1038.1066s
iters: 220, epoch: 4 | loss_all: 0.8976105 
	speed: 0.0134s/iter; left time: 1068.1016s
iters: 230, epoch: 4 | loss_all: 0.8763008 
	speed: 0.0132s/iter; left time: 1055.3359s
iters: 240, epoch: 4 | loss_all: 0.8912619 
	speed: 0.0168s/iter; left time: 1342.8851s
iters: 250, epoch: 4 | loss_all: 0.8494012 
	speed: 0.0143s/iter; left time: 1140.1720s
iters: 260, epoch: 4 | loss_all: 0.8464412 
	speed: 0.0164s/iter; left time: 1309.0667s
iters: 270, epoch: 4 | loss_all: 0.8671324 
	speed: 0.0156s/iter; left time: 1246.4371s
iters: 280, epoch: 4 | loss_all: 0.7821137 
	speed: 0.0142s/iter; left time: 1136.5685s
iters: 290, epoch: 4 | loss_all: 0.7795598 
	speed: 0.0141s/iter; left time: 1127.4226s
iters: 300, epoch: 4 | loss_all: 0.8180280 
	speed: 0.0142s/iter; left time: 1136.6287s
iters: 310, epoch: 4 | loss_all: 0.8273450 
	speed: 0.0141s/iter; left time: 1123.4804s
iters: 320, epoch: 4 | loss_all: 0.8484697 
	speed: 0.0141s/iter; left time: 1129.8971s
iters: 330, epoch: 4 | loss_all: 0.8329293 
	speed: 0.0141s/iter; left time: 1124.8782s
iters: 340, epoch: 4 | loss_all: 0.8392755 
	speed: 0.0142s/iter; left time: 1134.5728s
iters: 350, epoch: 4 | loss_all: 0.7912529 
	speed: 0.0141s/iter; left time: 1122.7788s
iters: 360, epoch: 4 | loss_all: 0.8086320 
	speed: 0.0141s/iter; left time: 1129.3692s
iters: 370, epoch: 4 | loss_all: 0.8489274 
	speed: 0.0142s/iter; left time: 1130.4532s
iters: 380, epoch: 4 | loss_all: 0.8889202 
	speed: 0.0143s/iter; left time: 1143.3975s
iters: 390, epoch: 4 | loss_all: 0.8785434 
	speed: 0.0134s/iter; left time: 1073.0483s
iters: 400, epoch: 4 | loss_all: 0.8562554 
	speed: 0.0132s/iter; left time: 1057.0502s
Epoch: 4 cost time: 5.84323263168335
Epoch: 4, Steps: 407 | Train Loss: 0.85828 Vali Loss: 0.81179 Test Loss: 0.83355 
Validation loss decreased (0.815911 --> 0.811786).  Saving model ...
Updating learning rate to 1.25e-05
iters: 10, epoch: 5 | loss_all: 0.8416942 
	speed: 0.2382s/iter; left time: 18996.4295s
iters: 20, epoch: 5 | loss_all: 0.8454076 
	speed: 0.0175s/iter; left time: 1391.6993s
iters: 30, epoch: 5 | loss_all: 0.8939039 
	speed: 0.0213s/iter; left time: 1699.1652s
iters: 40, epoch: 5 | loss_all: 0.8030227 
	speed: 0.0210s/iter; left time: 1674.2697s
iters: 50, epoch: 5 | loss_all: 0.8881575 
	speed: 0.0226s/iter; left time: 1801.8202s
iters: 60, epoch: 5 | loss_all: 0.8443820 
	speed: 0.0192s/iter; left time: 1526.9730s
iters: 70, epoch: 5 | loss_all: 0.8466495 
	speed: 0.0172s/iter; left time: 1373.7149s
iters: 80, epoch: 5 | loss_all: 0.8733174 
	speed: 0.0144s/iter; left time: 1148.6094s
iters: 90, epoch: 5 | loss_all: 0.8405881 
	speed: 0.0141s/iter; left time: 1124.9155s
iters: 100, epoch: 5 | loss_all: 0.8735105 
	speed: 0.0145s/iter; left time: 1156.4931s
iters: 110, epoch: 5 | loss_all: 0.8408971 
	speed: 0.0142s/iter; left time: 1129.1934s
iters: 120, epoch: 5 | loss_all: 0.8778530 
	speed: 0.0140s/iter; left time: 1118.8005s
iters: 130, epoch: 5 | loss_all: 0.9028778 
	speed: 0.0140s/iter; left time: 1115.0750s
iters: 140, epoch: 5 | loss_all: 0.8737434 
	speed: 0.0140s/iter; left time: 1118.4113s
iters: 150, epoch: 5 | loss_all: 0.8726776 
	speed: 0.0138s/iter; left time: 1096.4359s
iters: 160, epoch: 5 | loss_all: 0.8774287 
	speed: 0.0162s/iter; left time: 1293.0367s
iters: 170, epoch: 5 | loss_all: 0.8692874 
	speed: 0.0176s/iter; left time: 1403.8909s
iters: 180, epoch: 5 | loss_all: 0.8750140 
	speed: 0.0175s/iter; left time: 1391.8353s
iters: 190, epoch: 5 | loss_all: 0.8465620 
	speed: 0.0183s/iter; left time: 1453.1023s
iters: 200, epoch: 5 | loss_all: 0.8680760 
	speed: 0.0211s/iter; left time: 1675.7193s
iters: 210, epoch: 5 | loss_all: 0.8758647 
	speed: 0.0136s/iter; left time: 1081.5686s
iters: 220, epoch: 5 | loss_all: 0.8763301 
	speed: 0.0132s/iter; left time: 1046.9395s
iters: 230, epoch: 5 | loss_all: 0.8395500 
	speed: 0.0129s/iter; left time: 1023.4303s
iters: 240, epoch: 5 | loss_all: 0.8643832 
	speed: 0.0128s/iter; left time: 1021.3296s
iters: 250, epoch: 5 | loss_all: 0.8611405 
	speed: 0.0127s/iter; left time: 1011.0937s
iters: 260, epoch: 5 | loss_all: 0.8299375 
	speed: 0.0131s/iter; left time: 1037.9410s
iters: 270, epoch: 5 | loss_all: 0.8540993 
	speed: 0.0130s/iter; left time: 1030.6303s
iters: 280, epoch: 5 | loss_all: 0.8352227 
	speed: 0.0127s/iter; left time: 1009.6263s
iters: 290, epoch: 5 | loss_all: 0.8489884 
	speed: 0.0130s/iter; left time: 1032.1334s
iters: 300, epoch: 5 | loss_all: 0.8768355 
	speed: 0.0132s/iter; left time: 1052.1565s
iters: 310, epoch: 5 | loss_all: 0.8391175 
	speed: 0.0131s/iter; left time: 1042.5381s
iters: 320, epoch: 5 | loss_all: 0.8900234 
	speed: 0.0130s/iter; left time: 1034.7653s
iters: 330, epoch: 5 | loss_all: 0.7979045 
	speed: 0.0136s/iter; left time: 1079.3407s
iters: 340, epoch: 5 | loss_all: 0.8618137 
	speed: 0.0174s/iter; left time: 1380.2841s
iters: 350, epoch: 5 | loss_all: 0.8204864 
	speed: 0.0146s/iter; left time: 1156.9581s
iters: 360, epoch: 5 | loss_all: 0.8385116 
	speed: 0.0135s/iter; left time: 1073.0164s
iters: 370, epoch: 5 | loss_all: 0.8415434 
	speed: 0.0127s/iter; left time: 1011.5917s
iters: 380, epoch: 5 | loss_all: 0.8621483 
	speed: 0.0133s/iter; left time: 1058.6253s
iters: 390, epoch: 5 | loss_all: 0.8655226 
	speed: 0.0138s/iter; left time: 1096.5719s
iters: 400, epoch: 5 | loss_all: 0.8398262 
	speed: 0.0132s/iter; left time: 1049.4095s
Epoch: 5 cost time: 6.408238410949707
Epoch: 5, Steps: 407 | Train Loss: 0.85721 Vali Loss: 0.81146 Test Loss: 0.83216 
Validation loss decreased (0.811786 --> 0.811464).  Saving model ...
Updating learning rate to 6.25e-06
iters: 10, epoch: 6 | loss_all: 0.8499659 
	speed: 0.2374s/iter; left time: 18835.8967s
iters: 20, epoch: 6 | loss_all: 0.8648072 
	speed: 0.0142s/iter; left time: 1124.5903s
iters: 30, epoch: 6 | loss_all: 0.8443050 
	speed: 0.0140s/iter; left time: 1108.1759s
iters: 40, epoch: 6 | loss_all: 0.8689560 
	speed: 0.0131s/iter; left time: 1040.0636s
iters: 50, epoch: 6 | loss_all: 0.8044230 
	speed: 0.0129s/iter; left time: 1025.7894s
iters: 60, epoch: 6 | loss_all: 0.8632323 
	speed: 0.0129s/iter; left time: 1022.8390s
iters: 70, epoch: 6 | loss_all: 0.8790326 
	speed: 0.0127s/iter; left time: 1010.2096s
iters: 80, epoch: 6 | loss_all: 0.8208722 
	speed: 0.0133s/iter; left time: 1054.7487s
iters: 90, epoch: 6 | loss_all: 0.8883365 
	speed: 0.0128s/iter; left time: 1011.3724s
iters: 100, epoch: 6 | loss_all: 0.8487172 
	speed: 0.0143s/iter; left time: 1134.3798s
iters: 110, epoch: 6 | loss_all: 0.8148293 
	speed: 0.0137s/iter; left time: 1082.4330s
iters: 120, epoch: 6 | loss_all: 0.8733036 
	speed: 0.0130s/iter; left time: 1031.7387s
iters: 130, epoch: 6 | loss_all: 0.8509984 
	speed: 0.0130s/iter; left time: 1028.7900s
iters: 140, epoch: 6 | loss_all: 0.8734573 
	speed: 0.0130s/iter; left time: 1026.7656s
iters: 150, epoch: 6 | loss_all: 0.8731668 
	speed: 0.0131s/iter; left time: 1037.7790s
iters: 160, epoch: 6 | loss_all: 0.8831581 
	speed: 0.0129s/iter; left time: 1023.2035s
iters: 170, epoch: 6 | loss_all: 0.8562331 
	speed: 0.0130s/iter; left time: 1027.9458s
iters: 180, epoch: 6 | loss_all: 0.8479557 
	speed: 0.0129s/iter; left time: 1022.9810s
iters: 190, epoch: 6 | loss_all: 0.8556537 
	speed: 0.0131s/iter; left time: 1036.7397s
iters: 200, epoch: 6 | loss_all: 0.8727981 
	speed: 0.0129s/iter; left time: 1024.4629s
iters: 210, epoch: 6 | loss_all: 0.8631626 
	speed: 0.0130s/iter; left time: 1027.9060s
iters: 220, epoch: 6 | loss_all: 0.8636999 
	speed: 0.0130s/iter; left time: 1027.2006s
iters: 230, epoch: 6 | loss_all: 0.8277322 
	speed: 0.0130s/iter; left time: 1026.6010s
iters: 240, epoch: 6 | loss_all: 0.8814603 
	speed: 0.0130s/iter; left time: 1031.2215s
iters: 250, epoch: 6 | loss_all: 0.8627010 
	speed: 0.0130s/iter; left time: 1032.1890s
iters: 260, epoch: 6 | loss_all: 0.8209381 
	speed: 0.0130s/iter; left time: 1031.8662s
iters: 270, epoch: 6 | loss_all: 0.8553212 
	speed: 0.0130s/iter; left time: 1024.3811s
iters: 280, epoch: 6 | loss_all: 0.8406396 
	speed: 0.0129s/iter; left time: 1024.0744s
iters: 290, epoch: 6 | loss_all: 0.8422267 
	speed: 0.0130s/iter; left time: 1030.4417s
iters: 300, epoch: 6 | loss_all: 0.8509604 
	speed: 0.0130s/iter; left time: 1029.0936s
iters: 310, epoch: 6 | loss_all: 0.8134950 
	speed: 0.0130s/iter; left time: 1025.9930s
iters: 320, epoch: 6 | loss_all: 0.9084199 
	speed: 0.0132s/iter; left time: 1043.8781s
iters: 330, epoch: 6 | loss_all: 0.8318207 
	speed: 0.0130s/iter; left time: 1023.5833s
iters: 340, epoch: 6 | loss_all: 0.8775346 
	speed: 0.0131s/iter; left time: 1036.3168s
iters: 350, epoch: 6 | loss_all: 0.8568920 
	speed: 0.0130s/iter; left time: 1030.2325s
iters: 360, epoch: 6 | loss_all: 0.8539199 
	speed: 0.0129s/iter; left time: 1018.3783s
iters: 370, epoch: 6 | loss_all: 0.8425263 
	speed: 0.0130s/iter; left time: 1025.0787s
iters: 380, epoch: 6 | loss_all: 0.8890825 
	speed: 0.0129s/iter; left time: 1017.7382s
iters: 390, epoch: 6 | loss_all: 0.8820759 
	speed: 0.0134s/iter; left time: 1062.1672s
iters: 400, epoch: 6 | loss_all: 0.9210626 
	speed: 0.0136s/iter; left time: 1070.9472s
Epoch: 6 cost time: 5.652515172958374
Epoch: 6, Steps: 407 | Train Loss: 0.85618 Vali Loss: 0.81207 Test Loss: 0.83195 
EarlyStopping counter: 1 out of 3
Updating learning rate to 3.125e-06
iters: 10, epoch: 7 | loss_all: 0.8537579 
	speed: 0.2153s/iter; left time: 17000.0245s
iters: 20, epoch: 7 | loss_all: 0.8507378 
	speed: 0.0169s/iter; left time: 1332.0527s
iters: 30, epoch: 7 | loss_all: 0.9003547 
	speed: 0.0151s/iter; left time: 1190.5070s
iters: 40, epoch: 7 | loss_all: 0.8764657 
	speed: 0.0131s/iter; left time: 1034.9588s
iters: 50, epoch: 7 | loss_all: 0.8915740 
	speed: 0.0134s/iter; left time: 1058.0546s
iters: 60, epoch: 7 | loss_all: 0.7938945 
	speed: 0.0131s/iter; left time: 1035.9625s
iters: 70, epoch: 7 | loss_all: 0.8721398 
	speed: 0.0134s/iter; left time: 1056.6260s
iters: 80, epoch: 7 | loss_all: 0.8376004 
	speed: 0.0129s/iter; left time: 1020.8730s
iters: 90, epoch: 7 | loss_all: 0.8712543 
	speed: 0.0128s/iter; left time: 1011.5655s
iters: 100, epoch: 7 | loss_all: 0.8408840 
	speed: 0.0128s/iter; left time: 1012.9000s
iters: 110, epoch: 7 | loss_all: 0.8572568 
	speed: 0.0127s/iter; left time: 998.0575s
iters: 120, epoch: 7 | loss_all: 0.8524876 
	speed: 0.0132s/iter; left time: 1038.1558s
iters: 130, epoch: 7 | loss_all: 0.8462704 
	speed: 0.0128s/iter; left time: 1012.7608s
iters: 140, epoch: 7 | loss_all: 0.8702247 
	speed: 0.0134s/iter; left time: 1055.4892s
iters: 150, epoch: 7 | loss_all: 0.8698958 
	speed: 0.0130s/iter; left time: 1023.3717s
iters: 160, epoch: 7 | loss_all: 0.8936507 
	speed: 0.0128s/iter; left time: 1007.6767s
iters: 170, epoch: 7 | loss_all: 0.8160858 
	speed: 0.0127s/iter; left time: 1002.3079s
iters: 180, epoch: 7 | loss_all: 0.8843341 
	speed: 0.0129s/iter; left time: 1014.4080s
iters: 190, epoch: 7 | loss_all: 0.8556346 
	speed: 0.0126s/iter; left time: 992.6090s
iters: 200, epoch: 7 | loss_all: 0.8435025 
	speed: 0.0129s/iter; left time: 1017.1549s
iters: 210, epoch: 7 | loss_all: 0.8091907 
	speed: 0.0126s/iter; left time: 995.8849s
iters: 220, epoch: 7 | loss_all: 0.8625081 
	speed: 0.0142s/iter; left time: 1120.7555s
iters: 230, epoch: 7 | loss_all: 0.8215787 
	speed: 0.0140s/iter; left time: 1100.5100s
iters: 240, epoch: 7 | loss_all: 0.8557172 
	speed: 0.0141s/iter; left time: 1111.2801s
iters: 250, epoch: 7 | loss_all: 0.8522320 
	speed: 0.0136s/iter; left time: 1068.0304s
iters: 260, epoch: 7 | loss_all: 0.8483993 
	speed: 0.0131s/iter; left time: 1034.2108s
iters: 270, epoch: 7 | loss_all: 0.8474023 
	speed: 0.0130s/iter; left time: 1026.4981s
iters: 280, epoch: 7 | loss_all: 0.8419825 
	speed: 0.0130s/iter; left time: 1023.9365s
iters: 290, epoch: 7 | loss_all: 0.8253142 
	speed: 0.0132s/iter; left time: 1038.0423s
iters: 300, epoch: 7 | loss_all: 0.8684354 
	speed: 0.0130s/iter; left time: 1020.7394s
iters: 310, epoch: 7 | loss_all: 0.7989467 
	speed: 0.0131s/iter; left time: 1028.4121s
iters: 320, epoch: 7 | loss_all: 0.8352761 
	speed: 0.0130s/iter; left time: 1022.8591s
iters: 330, epoch: 7 | loss_all: 0.8716102 
	speed: 0.0130s/iter; left time: 1024.6843s
iters: 340, epoch: 7 | loss_all: 0.8656228 
	speed: 0.0131s/iter; left time: 1027.2569s
iters: 350, epoch: 7 | loss_all: 0.8334199 
	speed: 0.0130s/iter; left time: 1023.1755s
iters: 360, epoch: 7 | loss_all: 0.8789433 
	speed: 0.0130s/iter; left time: 1024.5557s
iters: 370, epoch: 7 | loss_all: 0.8512314 
	speed: 0.0130s/iter; left time: 1017.9273s
iters: 380, epoch: 7 | loss_all: 0.9017615 
	speed: 0.0130s/iter; left time: 1021.5785s
iters: 390, epoch: 7 | loss_all: 0.8974680 
	speed: 0.0135s/iter; left time: 1059.5968s
iters: 400, epoch: 7 | loss_all: 0.8681095 
	speed: 0.0130s/iter; left time: 1024.2666s
Epoch: 7 cost time: 5.650689601898193
Epoch: 7, Steps: 407 | Train Loss: 0.85630 Vali Loss: 0.81226 Test Loss: 0.83183 
EarlyStopping counter: 2 out of 3
Updating learning rate to 1.5625e-06
iters: 10, epoch: 8 | loss_all: 0.8827140 
	speed: 0.2224s/iter; left time: 17470.1769s
iters: 20, epoch: 8 | loss_all: 0.8509167 
	speed: 0.0147s/iter; left time: 1153.3331s
iters: 30, epoch: 8 | loss_all: 0.8816273 
	speed: 0.0135s/iter; left time: 1062.7577s
iters: 40, epoch: 8 | loss_all: 0.8563855 
	speed: 0.0130s/iter; left time: 1022.4988s
iters: 50, epoch: 8 | loss_all: 0.8411074 
	speed: 0.0131s/iter; left time: 1029.8532s
iters: 60, epoch: 8 | loss_all: 0.8216587 
	speed: 0.0132s/iter; left time: 1035.8977s
iters: 70, epoch: 8 | loss_all: 0.8261551 
	speed: 0.0131s/iter; left time: 1026.8590s
iters: 80, epoch: 8 | loss_all: 0.8095059 
	speed: 0.0130s/iter; left time: 1021.4858s
iters: 90, epoch: 8 | loss_all: 0.8344712 
	speed: 0.0137s/iter; left time: 1075.0965s
iters: 100, epoch: 8 | loss_all: 0.8602865 
	speed: 0.0132s/iter; left time: 1032.9232s
iters: 110, epoch: 8 | loss_all: 0.8557750 
	speed: 0.0131s/iter; left time: 1027.0987s
iters: 120, epoch: 8 | loss_all: 0.8757779 
	speed: 0.0130s/iter; left time: 1023.0128s
iters: 130, epoch: 8 | loss_all: 0.8951420 
	speed: 0.0129s/iter; left time: 1012.2567s
iters: 140, epoch: 8 | loss_all: 0.8688567 
	speed: 0.0130s/iter; left time: 1023.0267s
iters: 150, epoch: 8 | loss_all: 0.8162076 
	speed: 0.0130s/iter; left time: 1019.1895s
iters: 160, epoch: 8 | loss_all: 0.8911706 
	speed: 0.0131s/iter; left time: 1025.9973s
iters: 170, epoch: 8 | loss_all: 0.8579853 
	speed: 0.0131s/iter; left time: 1025.7692s
iters: 180, epoch: 8 | loss_all: 0.8576873 
	speed: 0.0130s/iter; left time: 1016.4003s
iters: 190, epoch: 8 | loss_all: 0.8841152 
	speed: 0.0129s/iter; left time: 1014.3089s
iters: 200, epoch: 8 | loss_all: 0.8412023 
	speed: 0.0130s/iter; left time: 1020.7961s
iters: 210, epoch: 8 | loss_all: 0.8484926 
	speed: 0.0130s/iter; left time: 1021.5624s
iters: 220, epoch: 8 | loss_all: 0.8576390 
	speed: 0.0129s/iter; left time: 1011.8532s
iters: 230, epoch: 8 | loss_all: 0.8506755 
	speed: 0.0129s/iter; left time: 1010.3758s
iters: 240, epoch: 8 | loss_all: 0.8652343 
	speed: 0.0136s/iter; left time: 1064.8390s
iters: 250, epoch: 8 | loss_all: 0.8537309 
	speed: 0.0131s/iter; left time: 1025.7547s
iters: 260, epoch: 8 | loss_all: 0.8494182 
	speed: 0.0130s/iter; left time: 1018.7731s
iters: 270, epoch: 8 | loss_all: 0.8304664 
	speed: 0.0130s/iter; left time: 1018.6729s
iters: 280, epoch: 8 | loss_all: 0.8595004 
	speed: 0.0129s/iter; left time: 1012.0989s
iters: 290, epoch: 8 | loss_all: 0.8145147 
	speed: 0.0129s/iter; left time: 1012.0275s
iters: 300, epoch: 8 | loss_all: 0.8333308 
	speed: 0.0131s/iter; left time: 1022.8142s
iters: 310, epoch: 8 | loss_all: 0.9031224 
	speed: 0.0130s/iter; left time: 1015.6956s
iters: 320, epoch: 8 | loss_all: 0.8735114 
	speed: 0.0132s/iter; left time: 1029.9688s
iters: 330, epoch: 8 | loss_all: 0.8472424 
	speed: 0.0130s/iter; left time: 1017.1573s
iters: 340, epoch: 8 | loss_all: 0.8340291 
	speed: 0.0131s/iter; left time: 1023.3263s
iters: 350, epoch: 8 | loss_all: 0.8263157 
	speed: 0.0130s/iter; left time: 1014.3336s
iters: 360, epoch: 8 | loss_all: 0.8303632 
	speed: 0.0130s/iter; left time: 1015.1509s
iters: 370, epoch: 8 | loss_all: 0.8442250 
	speed: 0.0130s/iter; left time: 1016.8963s
iters: 380, epoch: 8 | loss_all: 0.8601827 
	speed: 0.0131s/iter; left time: 1021.6921s
iters: 390, epoch: 8 | loss_all: 0.8855278 
	speed: 0.0135s/iter; left time: 1055.0770s
iters: 400, epoch: 8 | loss_all: 0.8619133 
	speed: 0.0128s/iter; left time: 1000.7650s
Epoch: 8 cost time: 5.620036602020264
Epoch: 8, Steps: 407 | Train Loss: 0.85589 Vali Loss: 0.81034 Test Loss: 0.83154 
Validation loss decreased (0.811464 --> 0.810344).  Saving model ...
Updating learning rate to 7.8125e-07
iters: 10, epoch: 9 | loss_all: 0.8172393 
	speed: 0.2287s/iter; left time: 17865.8135s
iters: 20, epoch: 9 | loss_all: 0.8411865 
	speed: 0.0134s/iter; left time: 1049.1200s
iters: 30, epoch: 9 | loss_all: 0.8532858 
	speed: 0.0144s/iter; left time: 1122.9195s
iters: 40, epoch: 9 | loss_all: 0.8312725 
	speed: 0.0148s/iter; left time: 1154.9969s
iters: 50, epoch: 9 | loss_all: 0.8650115 
	speed: 0.0139s/iter; left time: 1082.2188s
iters: 60, epoch: 9 | loss_all: 0.9120898 
	speed: 0.0133s/iter; left time: 1038.6395s
iters: 70, epoch: 9 | loss_all: 0.8384202 
	speed: 0.0129s/iter; left time: 1006.6701s
iters: 80, epoch: 9 | loss_all: 0.8330073 
	speed: 0.0131s/iter; left time: 1020.6845s
iters: 90, epoch: 9 | loss_all: 0.8934424 
	speed: 0.0128s/iter; left time: 1001.8398s
iters: 100, epoch: 9 | loss_all: 0.8785970 
	speed: 0.0136s/iter; left time: 1059.3199s
iters: 110, epoch: 9 | loss_all: 0.8305245 
	speed: 0.0133s/iter; left time: 1038.5233s
iters: 120, epoch: 9 | loss_all: 0.8917329 
	speed: 0.0134s/iter; left time: 1044.6295s
iters: 130, epoch: 9 | loss_all: 0.8719044 
	speed: 0.0133s/iter; left time: 1037.0091s
iters: 140, epoch: 9 | loss_all: 0.8433493 
	speed: 0.0132s/iter; left time: 1028.5406s
iters: 150, epoch: 9 | loss_all: 0.8301045 
	speed: 0.0132s/iter; left time: 1026.1327s
iters: 160, epoch: 9 | loss_all: 0.8438066 
	speed: 0.0131s/iter; left time: 1024.2757s
iters: 170, epoch: 9 | loss_all: 0.8616086 
	speed: 0.0133s/iter; left time: 1033.2779s
iters: 180, epoch: 9 | loss_all: 0.8630954 
	speed: 0.0133s/iter; left time: 1035.9913s
iters: 190, epoch: 9 | loss_all: 0.8535827 
	speed: 0.0133s/iter; left time: 1036.4513s
iters: 200, epoch: 9 | loss_all: 0.8892970 
	speed: 0.0133s/iter; left time: 1033.8857s
iters: 210, epoch: 9 | loss_all: 0.8663632 
	speed: 0.0134s/iter; left time: 1046.2935s
iters: 220, epoch: 9 | loss_all: 0.9039314 
	speed: 0.0135s/iter; left time: 1049.2080s
iters: 230, epoch: 9 | loss_all: 0.8323147 
	speed: 0.0136s/iter; left time: 1061.5883s
iters: 240, epoch: 9 | loss_all: 0.8579464 
	speed: 0.0136s/iter; left time: 1057.1020s
iters: 250, epoch: 9 | loss_all: 0.8671116 
	speed: 0.0135s/iter; left time: 1052.1656s
iters: 260, epoch: 9 | loss_all: 0.8898293 
	speed: 0.0141s/iter; left time: 1095.2894s
iters: 270, epoch: 9 | loss_all: 0.8805622 
	speed: 0.0139s/iter; left time: 1079.4171s
iters: 280, epoch: 9 | loss_all: 0.8649796 
	speed: 0.0138s/iter; left time: 1072.4746s
iters: 290, epoch: 9 | loss_all: 0.8722563 
	speed: 0.0136s/iter; left time: 1056.3382s
iters: 300, epoch: 9 | loss_all: 0.8470895 
	speed: 0.0134s/iter; left time: 1046.5348s
iters: 310, epoch: 9 | loss_all: 0.8360161 
	speed: 0.0134s/iter; left time: 1041.2599s
iters: 320, epoch: 9 | loss_all: 0.8556384 
	speed: 0.0133s/iter; left time: 1037.8030s
iters: 330, epoch: 9 | loss_all: 0.8289125 
	speed: 0.0135s/iter; left time: 1047.0498s
iters: 340, epoch: 9 | loss_all: 0.8446764 
	speed: 0.0135s/iter; left time: 1047.0247s
iters: 350, epoch: 9 | loss_all: 0.8561661 
	speed: 0.0139s/iter; left time: 1083.4533s
iters: 360, epoch: 9 | loss_all: 0.8827647 
	speed: 0.0152s/iter; left time: 1183.8468s
iters: 370, epoch: 9 | loss_all: 0.8266792 
	speed: 0.0136s/iter; left time: 1056.9550s
iters: 380, epoch: 9 | loss_all: 0.8614624 
	speed: 0.0151s/iter; left time: 1175.5347s
iters: 390, epoch: 9 | loss_all: 0.8959415 
	speed: 0.0181s/iter; left time: 1403.5095s
iters: 400, epoch: 9 | loss_all: 0.8907079 
	speed: 0.0195s/iter; left time: 1513.5858s
Epoch: 9 cost time: 5.973480224609375
Epoch: 9, Steps: 407 | Train Loss: 0.85593 Vali Loss: 0.81259 Test Loss: 0.83137 
EarlyStopping counter: 1 out of 3
Updating learning rate to 3.90625e-07
iters: 10, epoch: 10 | loss_all: 0.8713508 
	speed: 0.2263s/iter; left time: 17591.6923s
iters: 20, epoch: 10 | loss_all: 0.8471402 
	speed: 0.0137s/iter; left time: 1066.3845s
iters: 30, epoch: 10 | loss_all: 0.8782359 
	speed: 0.0134s/iter; left time: 1038.3919s
iters: 40, epoch: 10 | loss_all: 0.8278153 
	speed: 0.0131s/iter; left time: 1018.2998s
iters: 50, epoch: 10 | loss_all: 0.8945073 
	speed: 0.0130s/iter; left time: 1012.2917s
iters: 60, epoch: 10 | loss_all: 0.8500628 
	speed: 0.0130s/iter; left time: 1013.4744s
iters: 70, epoch: 10 | loss_all: 0.8438364 
	speed: 0.0131s/iter; left time: 1020.2787s
iters: 80, epoch: 10 | loss_all: 0.8465862 
	speed: 0.0131s/iter; left time: 1015.7908s
iters: 90, epoch: 10 | loss_all: 0.8932784 
	speed: 0.0131s/iter; left time: 1014.2049s
iters: 100, epoch: 10 | loss_all: 0.8335599 
	speed: 0.0131s/iter; left time: 1013.8299s
iters: 110, epoch: 10 | loss_all: 0.8556191 
	speed: 0.0132s/iter; left time: 1021.9243s
iters: 120, epoch: 10 | loss_all: 0.8349078 
	speed: 0.0130s/iter; left time: 1012.3974s
iters: 130, epoch: 10 | loss_all: 0.8247703 
	speed: 0.0130s/iter; left time: 1012.3909s
iters: 140, epoch: 10 | loss_all: 0.8548698 
	speed: 0.0131s/iter; left time: 1018.2084s
iters: 150, epoch: 10 | loss_all: 0.8720010 
	speed: 0.0130s/iter; left time: 1011.8192s
iters: 160, epoch: 10 | loss_all: 0.8516059 
	speed: 0.0132s/iter; left time: 1021.9134s
iters: 170, epoch: 10 | loss_all: 0.8828790 
	speed: 0.0130s/iter; left time: 1011.9745s
iters: 180, epoch: 10 | loss_all: 0.8781975 
	speed: 0.0131s/iter; left time: 1014.5586s
iters: 190, epoch: 10 | loss_all: 0.8229542 
	speed: 0.0130s/iter; left time: 1007.2615s
iters: 200, epoch: 10 | loss_all: 0.8480464 
	speed: 0.0130s/iter; left time: 1011.8549s
iters: 210, epoch: 10 | loss_all: 0.8206833 
	speed: 0.0131s/iter; left time: 1017.4304s
iters: 220, epoch: 10 | loss_all: 0.8340306 
	speed: 0.0131s/iter; left time: 1014.1444s
iters: 230, epoch: 10 | loss_all: 0.8474811 
	speed: 0.0130s/iter; left time: 1009.5582s
iters: 240, epoch: 10 | loss_all: 0.8660243 
	speed: 0.0130s/iter; left time: 1010.8118s
iters: 250, epoch: 10 | loss_all: 0.8205729 
	speed: 0.0131s/iter; left time: 1016.7946s
iters: 260, epoch: 10 | loss_all: 0.8535910 
	speed: 0.0129s/iter; left time: 1001.6862s
iters: 270, epoch: 10 | loss_all: 0.8419621 
	speed: 0.0130s/iter; left time: 1009.9385s
iters: 280, epoch: 10 | loss_all: 0.8873806 
	speed: 0.0130s/iter; left time: 1008.3418s
iters: 290, epoch: 10 | loss_all: 0.8976399 
	speed: 0.0130s/iter; left time: 1008.5107s
iters: 300, epoch: 10 | loss_all: 0.8584827 
	speed: 0.0130s/iter; left time: 1003.2590s
iters: 310, epoch: 10 | loss_all: 0.8386576 
	speed: 0.0129s/iter; left time: 1000.8422s
iters: 320, epoch: 10 | loss_all: 0.8806536 
	speed: 0.0131s/iter; left time: 1016.0699s
iters: 330, epoch: 10 | loss_all: 0.8171612 
	speed: 0.0131s/iter; left time: 1014.9052s
iters: 340, epoch: 10 | loss_all: 0.8473309 
	speed: 0.0133s/iter; left time: 1026.5877s
iters: 350, epoch: 10 | loss_all: 0.8669951 
	speed: 0.0130s/iter; left time: 1008.9195s
iters: 360, epoch: 10 | loss_all: 0.8131160 
	speed: 0.0131s/iter; left time: 1013.0802s
iters: 370, epoch: 10 | loss_all: 0.9162929 
	speed: 0.0129s/iter; left time: 998.9636s
iters: 380, epoch: 10 | loss_all: 0.8589371 
	speed: 0.0130s/iter; left time: 1001.8168s
iters: 390, epoch: 10 | loss_all: 0.8856418 
	speed: 0.0134s/iter; left time: 1032.8437s
iters: 400, epoch: 10 | loss_all: 0.8454085 
	speed: 0.0130s/iter; left time: 1005.0445s
Epoch: 10 cost time: 5.601231098175049
Epoch: 10, Steps: 407 | Train Loss: 0.85586 Vali Loss: 0.81134 Test Loss: 0.83135 
EarlyStopping counter: 2 out of 3
Updating learning rate to 1.953125e-07
iters: 10, epoch: 11 | loss_all: 0.8979169 
	speed: 0.2197s/iter; left time: 16987.3096s
iters: 20, epoch: 11 | loss_all: 0.8641351 
	speed: 0.0145s/iter; left time: 1118.2408s
iters: 30, epoch: 11 | loss_all: 0.9010509 
	speed: 0.0137s/iter; left time: 1055.6664s
iters: 40, epoch: 11 | loss_all: 0.8570142 
	speed: 0.0139s/iter; left time: 1070.6792s
iters: 50, epoch: 11 | loss_all: 0.8684230 
	speed: 0.0134s/iter; left time: 1034.9339s
iters: 60, epoch: 11 | loss_all: 0.8619649 
	speed: 0.0133s/iter; left time: 1026.4397s
iters: 70, epoch: 11 | loss_all: 0.8319818 
	speed: 0.0151s/iter; left time: 1167.8386s
iters: 80, epoch: 11 | loss_all: 0.8825730 
	speed: 0.0170s/iter; left time: 1316.1758s
iters: 90, epoch: 11 | loss_all: 0.8270182 
	speed: 0.0129s/iter; left time: 993.8856s
iters: 100, epoch: 11 | loss_all: 0.8841967 
	speed: 0.0131s/iter; left time: 1008.9534s
iters: 110, epoch: 11 | loss_all: 0.8818649 
	speed: 0.0124s/iter; left time: 958.8978s
iters: 120, epoch: 11 | loss_all: 0.8597365 
	speed: 0.0128s/iter; left time: 989.9633s
iters: 130, epoch: 11 | loss_all: 0.8552483 
	speed: 0.0131s/iter; left time: 1011.5543s
iters: 140, epoch: 11 | loss_all: 0.8185918 
	speed: 0.0147s/iter; left time: 1134.4506s
iters: 150, epoch: 11 | loss_all: 0.8889219 
	speed: 0.0174s/iter; left time: 1345.4651s
iters: 160, epoch: 11 | loss_all: 0.8741109 
	speed: 0.0155s/iter; left time: 1198.2606s
iters: 170, epoch: 11 | loss_all: 0.9066444 
	speed: 0.0131s/iter; left time: 1010.2005s
iters: 180, epoch: 11 | loss_all: 0.8534031 
	speed: 0.0130s/iter; left time: 1001.9614s
iters: 190, epoch: 11 | loss_all: 0.8796924 
	speed: 0.0133s/iter; left time: 1027.1939s
iters: 200, epoch: 11 | loss_all: 0.8446587 
	speed: 0.0142s/iter; left time: 1096.6078s
iters: 210, epoch: 11 | loss_all: 0.8453137 
	speed: 0.0132s/iter; left time: 1018.2893s
iters: 220, epoch: 11 | loss_all: 0.8481610 
	speed: 0.0129s/iter; left time: 993.0548s
iters: 230, epoch: 11 | loss_all: 0.8426827 
	speed: 0.0131s/iter; left time: 1006.4370s
iters: 240, epoch: 11 | loss_all: 0.8209293 
	speed: 0.0130s/iter; left time: 998.8847s
iters: 250, epoch: 11 | loss_all: 0.7895912 
	speed: 0.0133s/iter; left time: 1023.7798s
iters: 260, epoch: 11 | loss_all: 0.8643259 
	speed: 0.0127s/iter; left time: 981.6248s
iters: 270, epoch: 11 | loss_all: 0.8468620 
	speed: 0.0132s/iter; left time: 1014.2892s
iters: 280, epoch: 11 | loss_all: 0.8896793 
	speed: 0.0131s/iter; left time: 1006.4732s
iters: 290, epoch: 11 | loss_all: 0.8737862 
	speed: 0.0131s/iter; left time: 1008.3705s
iters: 300, epoch: 11 | loss_all: 0.8215810 
	speed: 0.0130s/iter; left time: 1005.1982s
iters: 310, epoch: 11 | loss_all: 0.8489463 
	speed: 0.0129s/iter; left time: 991.0492s
iters: 320, epoch: 11 | loss_all: 0.8928086 
	speed: 0.0128s/iter; left time: 988.3574s
iters: 330, epoch: 11 | loss_all: 0.9060436 
	speed: 0.0130s/iter; left time: 997.4615s
iters: 340, epoch: 11 | loss_all: 0.8587870 
	speed: 0.0130s/iter; left time: 1004.0356s
iters: 350, epoch: 11 | loss_all: 0.8484434 
	speed: 0.0135s/iter; left time: 1038.7075s
iters: 360, epoch: 11 | loss_all: 0.8392700 
	speed: 0.0130s/iter; left time: 1003.8207s
iters: 370, epoch: 11 | loss_all: 0.8388127 
	speed: 0.0134s/iter; left time: 1030.2834s
iters: 380, epoch: 11 | loss_all: 0.8447881 
	speed: 0.0130s/iter; left time: 999.6392s
iters: 390, epoch: 11 | loss_all: 0.8734050 
	speed: 0.0134s/iter; left time: 1034.8383s
iters: 400, epoch: 11 | loss_all: 0.8541799 
	speed: 0.0129s/iter; left time: 993.9631s
Epoch: 11 cost time: 5.737796068191528
Epoch: 11, Steps: 407 | Train Loss: 0.85569 Vali Loss: 0.80974 Test Loss: 0.83134 
Validation loss decreased (0.810344 --> 0.809740).  Saving model ...
Updating learning rate to 9.765625e-08
iters: 10, epoch: 12 | loss_all: 0.8653706 
	speed: 0.2222s/iter; left time: 17093.1121s
iters: 20, epoch: 12 | loss_all: 0.8468080 
	speed: 0.0124s/iter; left time: 950.8122s
iters: 30, epoch: 12 | loss_all: 0.8272748 
	speed: 0.0133s/iter; left time: 1023.0561s
iters: 40, epoch: 12 | loss_all: 0.8362015 
	speed: 0.0146s/iter; left time: 1120.3702s
iters: 50, epoch: 12 | loss_all: 0.8600348 
	speed: 0.0130s/iter; left time: 996.7951s
iters: 60, epoch: 12 | loss_all: 0.8690979 
	speed: 0.0128s/iter; left time: 984.0683s
iters: 70, epoch: 12 | loss_all: 0.8211371 
	speed: 0.0131s/iter; left time: 1008.2609s
iters: 80, epoch: 12 | loss_all: 0.8791513 
	speed: 0.0130s/iter; left time: 999.9256s
iters: 90, epoch: 12 | loss_all: 0.8445035 
	speed: 0.0128s/iter; left time: 982.0795s
iters: 100, epoch: 12 | loss_all: 0.8502937 
	speed: 0.0127s/iter; left time: 977.5448s
iters: 110, epoch: 12 | loss_all: 0.8823810 
	speed: 0.0128s/iter; left time: 986.1130s
iters: 120, epoch: 12 | loss_all: 0.8284495 
	speed: 0.0128s/iter; left time: 983.2470s
iters: 130, epoch: 12 | loss_all: 0.8333306 
	speed: 0.0127s/iter; left time: 974.5650s
iters: 140, epoch: 12 | loss_all: 0.8853886 
	speed: 0.0130s/iter; left time: 994.3942s
iters: 150, epoch: 12 | loss_all: 0.8717811 
	speed: 0.0139s/iter; left time: 1070.6872s
iters: 160, epoch: 12 | loss_all: 0.8617076 
	speed: 0.0130s/iter; left time: 995.5005s
iters: 170, epoch: 12 | loss_all: 0.8759750 
	speed: 0.0131s/iter; left time: 1007.7469s
iters: 180, epoch: 12 | loss_all: 0.8512732 
	speed: 0.0132s/iter; left time: 1011.4342s
iters: 190, epoch: 12 | loss_all: 0.8468865 
	speed: 0.0131s/iter; left time: 1005.2066s
iters: 200, epoch: 12 | loss_all: 0.8585048 
	speed: 0.0131s/iter; left time: 1002.6921s
iters: 210, epoch: 12 | loss_all: 0.8225402 
	speed: 0.0130s/iter; left time: 997.3432s
iters: 220, epoch: 12 | loss_all: 0.8806450 
	speed: 0.0129s/iter; left time: 992.4877s
iters: 230, epoch: 12 | loss_all: 0.8647730 
	speed: 0.0130s/iter; left time: 998.1310s
iters: 240, epoch: 12 | loss_all: 0.8767963 
	speed: 0.0129s/iter; left time: 991.4062s
iters: 250, epoch: 12 | loss_all: 0.8502231 
	speed: 0.0130s/iter; left time: 996.6605s
iters: 260, epoch: 12 | loss_all: 0.8709099 
	speed: 0.0129s/iter; left time: 989.8042s
iters: 270, epoch: 12 | loss_all: 0.8460432 
	speed: 0.0130s/iter; left time: 998.7088s
iters: 280, epoch: 12 | loss_all: 0.8392594 
	speed: 0.0129s/iter; left time: 988.9941s
iters: 290, epoch: 12 | loss_all: 0.8610287 
	speed: 0.0130s/iter; left time: 996.4274s
iters: 300, epoch: 12 | loss_all: 0.8972152 
	speed: 0.0129s/iter; left time: 991.3429s
iters: 310, epoch: 12 | loss_all: 0.8828614 
	speed: 0.0130s/iter; left time: 992.5452s
iters: 320, epoch: 12 | loss_all: 0.8337888 
	speed: 0.0129s/iter; left time: 986.0087s
iters: 330, epoch: 12 | loss_all: 0.8507645 
	speed: 0.0130s/iter; left time: 997.6677s
iters: 340, epoch: 12 | loss_all: 0.8679903 
	speed: 0.0129s/iter; left time: 990.5442s
iters: 350, epoch: 12 | loss_all: 0.8311647 
	speed: 0.0129s/iter; left time: 990.2415s
iters: 360, epoch: 12 | loss_all: 0.8430873 
	speed: 0.0129s/iter; left time: 991.4265s
iters: 370, epoch: 12 | loss_all: 0.8454540 
	speed: 0.0130s/iter; left time: 996.8656s
iters: 380, epoch: 12 | loss_all: 0.8108909 
	speed: 0.0130s/iter; left time: 998.4545s
iters: 390, epoch: 12 | loss_all: 0.8765460 
	speed: 0.0134s/iter; left time: 1023.8974s
iters: 400, epoch: 12 | loss_all: 0.8641045 
	speed: 0.0151s/iter; left time: 1154.5766s
Epoch: 12 cost time: 5.618944883346558
Epoch: 12, Steps: 407 | Train Loss: 0.85573 Vali Loss: 0.81259 Test Loss: 0.83138 
EarlyStopping counter: 1 out of 3
Updating learning rate to 4.8828125e-08
iters: 10, epoch: 13 | loss_all: 0.8357036 
	speed: 0.2271s/iter; left time: 17371.1000s
iters: 20, epoch: 13 | loss_all: 0.8711976 
	speed: 0.0160s/iter; left time: 1222.2583s
iters: 30, epoch: 13 | loss_all: 0.8370525 
	speed: 0.0144s/iter; left time: 1100.9774s
iters: 40, epoch: 13 | loss_all: 0.8307851 
	speed: 0.0149s/iter; left time: 1141.2791s
iters: 50, epoch: 13 | loss_all: 0.8757350 
	speed: 0.0135s/iter; left time: 1030.3792s
iters: 60, epoch: 13 | loss_all: 0.8461173 
	speed: 0.0131s/iter; left time: 1003.0872s
iters: 70, epoch: 13 | loss_all: 0.8421134 
	speed: 0.0131s/iter; left time: 998.8934s
iters: 80, epoch: 13 | loss_all: 0.8650189 
	speed: 0.0131s/iter; left time: 1003.1766s
iters: 90, epoch: 13 | loss_all: 0.8434386 
	speed: 0.0131s/iter; left time: 1000.9407s
iters: 100, epoch: 13 | loss_all: 0.8368294 
	speed: 0.0131s/iter; left time: 997.2825s
iters: 110, epoch: 13 | loss_all: 0.8517004 
	speed: 0.0132s/iter; left time: 1006.7359s
iters: 120, epoch: 13 | loss_all: 0.8615208 
	speed: 0.0132s/iter; left time: 1011.2652s
iters: 130, epoch: 13 | loss_all: 0.8558105 
	speed: 0.0130s/iter; left time: 994.9059s
iters: 140, epoch: 13 | loss_all: 0.8975871 
	speed: 0.0131s/iter; left time: 1003.7148s
iters: 150, epoch: 13 | loss_all: 0.8388204 
	speed: 0.0131s/iter; left time: 998.0829s
iters: 160, epoch: 13 | loss_all: 0.8796298 
	speed: 0.0131s/iter; left time: 999.2666s
iters: 170, epoch: 13 | loss_all: 0.8301889 
	speed: 0.0131s/iter; left time: 1000.9433s
iters: 180, epoch: 13 | loss_all: 0.8460251 
	speed: 0.0133s/iter; left time: 1013.8508s
iters: 190, epoch: 13 | loss_all: 0.8727197 
	speed: 0.0131s/iter; left time: 1001.4381s
iters: 200, epoch: 13 | loss_all: 0.8553547 
	speed: 0.0132s/iter; left time: 1005.6574s
iters: 210, epoch: 13 | loss_all: 0.8305858 
	speed: 0.0132s/iter; left time: 1005.5184s
iters: 220, epoch: 13 | loss_all: 0.8834829 
	speed: 0.0131s/iter; left time: 998.0922s
iters: 230, epoch: 13 | loss_all: 0.8352420 
	speed: 0.0131s/iter; left time: 1002.4375s
iters: 240, epoch: 13 | loss_all: 0.8760391 
	speed: 0.0137s/iter; left time: 1047.5634s
iters: 250, epoch: 13 | loss_all: 0.8614736 
	speed: 0.0134s/iter; left time: 1024.2421s
iters: 260, epoch: 13 | loss_all: 0.8592963 
	speed: 0.0130s/iter; left time: 991.0510s
iters: 270, epoch: 13 | loss_all: 0.8769954 
	speed: 0.0130s/iter; left time: 990.6992s
iters: 280, epoch: 13 | loss_all: 0.8568165 
	speed: 0.0130s/iter; left time: 994.8244s
iters: 290, epoch: 13 | loss_all: 0.8177662 
	speed: 0.0131s/iter; left time: 1001.8726s
iters: 300, epoch: 13 | loss_all: 0.8627371 
	speed: 0.0130s/iter; left time: 991.7541s
iters: 310, epoch: 13 | loss_all: 0.8667552 
	speed: 0.0129s/iter; left time: 982.7901s
iters: 320, epoch: 13 | loss_all: 0.8469139 
	speed: 0.0129s/iter; left time: 983.8801s
iters: 330, epoch: 13 | loss_all: 0.8731647 
	speed: 0.0133s/iter; left time: 1010.1293s
iters: 340, epoch: 13 | loss_all: 0.8857268 
	speed: 0.0131s/iter; left time: 994.5046s
iters: 350, epoch: 13 | loss_all: 0.8683544 
	speed: 0.0130s/iter; left time: 992.8413s
iters: 360, epoch: 13 | loss_all: 0.8390468 
	speed: 0.0131s/iter; left time: 999.4110s
iters: 370, epoch: 13 | loss_all: 0.8415526 
	speed: 0.0130s/iter; left time: 989.5796s
iters: 380, epoch: 13 | loss_all: 0.8620632 
	speed: 0.0129s/iter; left time: 984.0620s
iters: 390, epoch: 13 | loss_all: 0.8587753 
	speed: 0.0134s/iter; left time: 1019.3345s
iters: 400, epoch: 13 | loss_all: 0.8304803 
	speed: 0.0130s/iter; left time: 988.3187s
Epoch: 13 cost time: 5.699028015136719
Epoch: 13, Steps: 407 | Train Loss: 0.85590 Vali Loss: 0.80990 Test Loss: 0.83135 
EarlyStopping counter: 2 out of 3
Updating learning rate to 2.44140625e-08
iters: 10, epoch: 14 | loss_all: 0.8730738 
	speed: 0.2305s/iter; left time: 17539.3504s
iters: 20, epoch: 14 | loss_all: 0.8540069 
	speed: 0.0189s/iter; left time: 1439.0580s
iters: 30, epoch: 14 | loss_all: 0.8734443 
	speed: 0.0190s/iter; left time: 1447.5502s
iters: 40, epoch: 14 | loss_all: 0.8726330 
	speed: 0.0166s/iter; left time: 1260.2801s
iters: 50, epoch: 14 | loss_all: 0.8752279 
	speed: 0.0214s/iter; left time: 1625.5785s
iters: 60, epoch: 14 | loss_all: 0.8306367 
	speed: 0.0174s/iter; left time: 1326.1876s
iters: 70, epoch: 14 | loss_all: 0.8413125 
	speed: 0.0195s/iter; left time: 1481.0391s
iters: 80, epoch: 14 | loss_all: 0.8298836 
	speed: 0.0186s/iter; left time: 1414.0773s
iters: 90, epoch: 14 | loss_all: 0.8732463 
	speed: 0.0207s/iter; left time: 1575.4157s
iters: 100, epoch: 14 | loss_all: 0.8717746 
	speed: 0.0214s/iter; left time: 1626.0793s
iters: 110, epoch: 14 | loss_all: 0.8941576 
	speed: 0.0149s/iter; left time: 1132.3487s
iters: 120, epoch: 14 | loss_all: 0.8575974 
	speed: 0.0132s/iter; left time: 1000.9517s
iters: 130, epoch: 14 | loss_all: 0.8609189 
	speed: 0.0131s/iter; left time: 995.3021s
iters: 140, epoch: 14 | loss_all: 0.8197807 
	speed: 0.0129s/iter; left time: 982.6589s
iters: 150, epoch: 14 | loss_all: 0.8388432 
	speed: 0.0143s/iter; left time: 1087.4116s
iters: 160, epoch: 14 | loss_all: 0.8572936 
	speed: 0.0130s/iter; left time: 986.8855s
iters: 170, epoch: 14 | loss_all: 0.8753095 
	speed: 0.0131s/iter; left time: 997.4469s
iters: 180, epoch: 14 | loss_all: 0.8675416 
	speed: 0.0129s/iter; left time: 981.8717s
iters: 190, epoch: 14 | loss_all: 0.8312942 
	speed: 0.0130s/iter; left time: 990.5702s
iters: 200, epoch: 14 | loss_all: 0.8918002 
	speed: 0.0138s/iter; left time: 1047.9888s
iters: 210, epoch: 14 | loss_all: 0.8450910 
	speed: 0.0129s/iter; left time: 982.6275s
iters: 220, epoch: 14 | loss_all: 0.8374119 
	speed: 0.0128s/iter; left time: 971.2565s
iters: 230, epoch: 14 | loss_all: 0.8361012 
	speed: 0.0133s/iter; left time: 1011.8572s
iters: 240, epoch: 14 | loss_all: 0.8275498 
	speed: 0.0125s/iter; left time: 949.2668s
iters: 250, epoch: 14 | loss_all: 0.8805087 
	speed: 0.0128s/iter; left time: 968.6406s
iters: 260, epoch: 14 | loss_all: 0.8816302 
	speed: 0.0125s/iter; left time: 949.0744s
iters: 270, epoch: 14 | loss_all: 0.8500336 
	speed: 0.0132s/iter; left time: 1000.0137s
iters: 280, epoch: 14 | loss_all: 0.8736618 
	speed: 0.0127s/iter; left time: 965.0105s
iters: 290, epoch: 14 | loss_all: 0.8789397 
	speed: 0.0127s/iter; left time: 959.6591s
iters: 300, epoch: 14 | loss_all: 0.8470495 
	speed: 0.0127s/iter; left time: 963.2685s
iters: 310, epoch: 14 | loss_all: 0.8112355 
	speed: 0.0130s/iter; left time: 988.1623s
iters: 320, epoch: 14 | loss_all: 0.8676189 
	speed: 0.0130s/iter; left time: 989.0149s
iters: 330, epoch: 14 | loss_all: 0.8683410 
	speed: 0.0132s/iter; left time: 1001.4701s
iters: 340, epoch: 14 | loss_all: 0.8364209 
	speed: 0.0126s/iter; left time: 957.1637s
iters: 350, epoch: 14 | loss_all: 0.8720486 
	speed: 0.0131s/iter; left time: 995.9352s
iters: 360, epoch: 14 | loss_all: 0.8347539 
	speed: 0.0132s/iter; left time: 1001.6534s
iters: 370, epoch: 14 | loss_all: 0.9126762 
	speed: 0.0128s/iter; left time: 969.3909s
iters: 380, epoch: 14 | loss_all: 0.8386540 
	speed: 0.0127s/iter; left time: 965.3521s
iters: 390, epoch: 14 | loss_all: 0.8137135 
	speed: 0.0129s/iter; left time: 980.2448s
iters: 400, epoch: 14 | loss_all: 0.8504058 
	speed: 0.0128s/iter; left time: 967.0520s
Epoch: 14 cost time: 6.2042295932769775
Epoch: 14, Steps: 407 | Train Loss: 0.85576 Vali Loss: 0.81090 Test Loss: 0.83135 
EarlyStopping counter: 3 out of 3
Early stopping
>>>>>>>testing : 1/SNoramlRamp_NSW1_30min_48_3_PatchTST_3dConv_self_Pcgrad_NSW1_30min_ftM_sl48_ll12_pl3_dm256_nh8_el2_dl1_df512_expand2_dc4_fc3_ebtimeF_dtTrue_Exp_0<<<<<<<<<<<<<<<<<<<<<<<<<<<<<<<<<
Number of train samples:  52114 14889 7446
test 14887
accuracy:0.6598324663079147, precision:0.5332210294041104, recall:0.6598324663079147, f1:0.5634497543213848
Using GPU
Args in experiment:
Use GPU: cuda:0
>>>>>>>start training : MNormalRamp_NSW1_30min_48_3_PatchTST_3dConv_self_Pcgrad_NSW1_30min_ftM_sl48_ll12_pl3_dm256_nh8_el2_dl1_df512_expand2_dc4_fc3_ebtimeF_dtTrue_Exp_0>>>>>>>>>>>>>>>>>>>>>>>>>>
Number of train samples:  52114 14889 7446
train 52064
Number of train samples:  52114 14889 7446
val 7444
Number of train samples:  52114 14889 7446
test 14887
iters: 10, epoch: 1 | loss_all: 2.2430420 
Con_forecasting_loss = 1.074696
Dis_forecasting_loss = 1.168346
Dis_forecasting_acc = 19.675926
	speed: 0.0943s/iter; left time: 7671.7101s
iters: 20, epoch: 1 | loss_all: 2.2606573 
Con_forecasting_loss = 1.101484
Dis_forecasting_loss = 1.159173
Dis_forecasting_acc = 20.225695
	speed: 0.0289s/iter; left time: 2354.1367s
iters: 30, epoch: 1 | loss_all: 2.2158906 
Con_forecasting_loss = 1.077209
Dis_forecasting_loss = 1.138682
Dis_forecasting_acc = 24.421297
	speed: 0.0284s/iter; left time: 2311.2248s
iters: 40, epoch: 1 | loss_all: 2.0609314 
Con_forecasting_loss = 0.928125
Dis_forecasting_loss = 1.132806
Dis_forecasting_acc = 21.846066
	speed: 0.0303s/iter; left time: 2463.4729s
iters: 50, epoch: 1 | loss_all: 2.0469818 
Con_forecasting_loss = 0.935288
Dis_forecasting_loss = 1.111694
Dis_forecasting_acc = 26.331020
	speed: 0.0277s/iter; left time: 2249.5005s
iters: 60, epoch: 1 | loss_all: 2.0847816 
Con_forecasting_loss = 0.991167
Dis_forecasting_loss = 1.093615
Dis_forecasting_acc = 31.741899
	speed: 0.0293s/iter; left time: 2383.7896s
iters: 70, epoch: 1 | loss_all: 1.9081714 
Con_forecasting_loss = 0.835670
Dis_forecasting_loss = 1.072501
Dis_forecasting_acc = 39.785881
	speed: 0.0297s/iter; left time: 2415.8423s
iters: 80, epoch: 1 | loss_all: 1.9159156 
Con_forecasting_loss = 0.847298
Dis_forecasting_loss = 1.068618
Dis_forecasting_acc = 45.833336
	speed: 0.0300s/iter; left time: 2438.4314s
iters: 90, epoch: 1 | loss_all: 1.8874272 
Con_forecasting_loss = 0.852686
Dis_forecasting_loss = 1.034741
Dis_forecasting_acc = 57.870369
	speed: 0.0304s/iter; left time: 2472.6814s
iters: 100, epoch: 1 | loss_all: 1.7790501 
Con_forecasting_loss = 0.779297
Dis_forecasting_loss = 0.999753
Dis_forecasting_acc = 63.975697
	speed: 0.0304s/iter; left time: 2469.7973s
iters: 110, epoch: 1 | loss_all: 1.7552607 
Con_forecasting_loss = 0.762995
Dis_forecasting_loss = 0.992266
Dis_forecasting_acc = 66.782410
	speed: 0.0303s/iter; left time: 2465.3653s
iters: 120, epoch: 1 | loss_all: 1.7006588 
Con_forecasting_loss = 0.699872
Dis_forecasting_loss = 1.000787
Dis_forecasting_acc = 60.532410
	speed: 0.0328s/iter; left time: 2666.8235s
iters: 130, epoch: 1 | loss_all: 1.6887324 
Con_forecasting_loss = 0.704722
Dis_forecasting_loss = 0.984010
Dis_forecasting_acc = 63.802082
	speed: 0.0294s/iter; left time: 2390.2599s
iters: 140, epoch: 1 | loss_all: 1.6220597 
Con_forecasting_loss = 0.647197
Dis_forecasting_loss = 0.974863
Dis_forecasting_acc = 65.046295
	speed: 0.0304s/iter; left time: 2469.2583s
iters: 150, epoch: 1 | loss_all: 1.6366305 
Con_forecasting_loss = 0.707323
Dis_forecasting_loss = 0.929308
Dis_forecasting_acc = 67.766205
	speed: 0.0261s/iter; left time: 2119.4416s
iters: 160, epoch: 1 | loss_all: 1.6129143 
Con_forecasting_loss = 0.641526
Dis_forecasting_loss = 0.971388
Dis_forecasting_acc = 65.711807
	speed: 0.0259s/iter; left time: 2102.0583s
iters: 170, epoch: 1 | loss_all: 1.5813754 
Con_forecasting_loss = 0.618878
Dis_forecasting_loss = 0.962497
Dis_forecasting_acc = 62.355320
	speed: 0.0258s/iter; left time: 2097.7053s
iters: 180, epoch: 1 | loss_all: 1.6143899 
Con_forecasting_loss = 0.616840
Dis_forecasting_loss = 0.997550
Dis_forecasting_acc = 60.850697
	speed: 0.0259s/iter; left time: 2101.2522s
iters: 190, epoch: 1 | loss_all: 1.5088569 
Con_forecasting_loss = 0.536767
Dis_forecasting_loss = 0.972090
Dis_forecasting_acc = 62.065971
	speed: 0.0300s/iter; left time: 2433.1600s
iters: 200, epoch: 1 | loss_all: 1.5493171 
Con_forecasting_loss = 0.606423
Dis_forecasting_loss = 0.942894
Dis_forecasting_acc = 63.281250
	speed: 0.0302s/iter; left time: 2449.3976s
iters: 210, epoch: 1 | loss_all: 1.5023315 
Con_forecasting_loss = 0.543609
Dis_forecasting_loss = 0.958722
Dis_forecasting_acc = 63.252319
	speed: 0.0307s/iter; left time: 2489.7524s
iters: 220, epoch: 1 | loss_all: 1.6728580 
Con_forecasting_loss = 0.689417
Dis_forecasting_loss = 0.983441
Dis_forecasting_acc = 60.734951
	speed: 0.0300s/iter; left time: 2435.3386s
iters: 230, epoch: 1 | loss_all: 1.5803266 
Con_forecasting_loss = 0.641835
Dis_forecasting_loss = 0.938491
Dis_forecasting_acc = 64.004631
	speed: 0.0286s/iter; left time: 2318.2085s
iters: 240, epoch: 1 | loss_all: 1.5100999 
Con_forecasting_loss = 0.548392
Dis_forecasting_loss = 0.961708
Dis_forecasting_acc = 60.763889
	speed: 0.0257s/iter; left time: 2082.3409s
iters: 250, epoch: 1 | loss_all: 1.5247937 
Con_forecasting_loss = 0.560117
Dis_forecasting_loss = 0.964676
Dis_forecasting_acc = 62.702549
	speed: 0.0259s/iter; left time: 2100.5693s
iters: 260, epoch: 1 | loss_all: 1.5033338 
Con_forecasting_loss = 0.540809
Dis_forecasting_loss = 0.962525
Dis_forecasting_acc = 61.168980
	speed: 0.0257s/iter; left time: 2088.4168s
iters: 270, epoch: 1 | loss_all: 1.4674374 
Con_forecasting_loss = 0.507044
Dis_forecasting_loss = 0.960393
Dis_forecasting_acc = 61.776619
	speed: 0.0258s/iter; left time: 2091.1595s
iters: 280, epoch: 1 | loss_all: 1.5282285 
Con_forecasting_loss = 0.559581
Dis_forecasting_loss = 0.968647
Dis_forecasting_acc = 61.140049
	speed: 0.0258s/iter; left time: 2095.7989s
iters: 290, epoch: 1 | loss_all: 1.4470060 
Con_forecasting_loss = 0.521943
Dis_forecasting_loss = 0.925063
Dis_forecasting_acc = 65.625000
	speed: 0.0258s/iter; left time: 2093.6782s
iters: 300, epoch: 1 | loss_all: 1.4848194 
Con_forecasting_loss = 0.525145
Dis_forecasting_loss = 0.959675
Dis_forecasting_acc = 61.458332
	speed: 0.0260s/iter; left time: 2106.6653s
iters: 310, epoch: 1 | loss_all: 1.4363518 
Con_forecasting_loss = 0.507448
Dis_forecasting_loss = 0.928904
Dis_forecasting_acc = 63.223381
	speed: 0.0258s/iter; left time: 2088.5200s
iters: 320, epoch: 1 | loss_all: 1.4577680 
Con_forecasting_loss = 0.527297
Dis_forecasting_loss = 0.930471
Dis_forecasting_acc = 64.265045
	speed: 0.0255s/iter; left time: 2066.1166s
iters: 330, epoch: 1 | loss_all: 1.4482329 
Con_forecasting_loss = 0.514228
Dis_forecasting_loss = 0.934005
Dis_forecasting_acc = 62.991898
	speed: 0.0257s/iter; left time: 2080.5613s
iters: 340, epoch: 1 | loss_all: 1.5114691 
Con_forecasting_loss = 0.535687
Dis_forecasting_loss = 0.975782
Dis_forecasting_acc = 59.693291
	speed: 0.0257s/iter; left time: 2080.6680s
iters: 350, epoch: 1 | loss_all: 1.4229877 
Con_forecasting_loss = 0.472149
Dis_forecasting_loss = 0.950838
Dis_forecasting_acc = 62.586807
	speed: 0.0258s/iter; left time: 2087.3642s
iters: 360, epoch: 1 | loss_all: 1.4979861 
Con_forecasting_loss = 0.576756
Dis_forecasting_loss = 0.921231
Dis_forecasting_acc = 64.265045
	speed: 0.0258s/iter; left time: 2087.4525s
iters: 370, epoch: 1 | loss_all: 1.4617248 
Con_forecasting_loss = 0.534390
Dis_forecasting_loss = 0.927335
Dis_forecasting_acc = 63.310188
	speed: 0.0262s/iter; left time: 2125.9591s
iters: 380, epoch: 1 | loss_all: 1.4720608 
Con_forecasting_loss = 0.498003
Dis_forecasting_loss = 0.974058
Dis_forecasting_acc = 58.651619
	speed: 0.0320s/iter; left time: 2592.3276s
iters: 390, epoch: 1 | loss_all: 1.4773172 
Con_forecasting_loss = 0.522237
Dis_forecasting_loss = 0.955080
Dis_forecasting_acc = 60.271992
	speed: 0.0310s/iter; left time: 2512.6211s
iters: 400, epoch: 1 | loss_all: 1.3986154 
Con_forecasting_loss = 0.473524
Dis_forecasting_loss = 0.925091
Dis_forecasting_acc = 63.368057
	speed: 0.0304s/iter; left time: 2465.5910s
Epoch: 1 cost time: 12.169289112091064
Epoch: 1, Steps: 407 | Train Loss: 1.67183 Vali Loss: 0.68693 Test Loss: 0.69334 
Validation loss decreased (inf --> 0.686926).  Saving model ...
Updating learning rate to 0.0001
iters: 10, epoch: 2 | loss_all: 1.4450619 
Con_forecasting_loss = 0.514713
Dis_forecasting_loss = 0.930349
Dis_forecasting_acc = 63.194447
	speed: 0.2864s/iter; left time: 23196.1314s
iters: 20, epoch: 2 | loss_all: 1.4751316 
Con_forecasting_loss = 0.538675
Dis_forecasting_loss = 0.936456
Dis_forecasting_acc = 62.355320
	speed: 0.0281s/iter; left time: 2275.7277s
iters: 30, epoch: 2 | loss_all: 1.4204452 
Con_forecasting_loss = 0.495361
Dis_forecasting_loss = 0.925084
Dis_forecasting_acc = 62.905090
	speed: 0.0286s/iter; left time: 2314.2617s
iters: 40, epoch: 2 | loss_all: 1.3940334 
Con_forecasting_loss = 0.462025
Dis_forecasting_loss = 0.932009
Dis_forecasting_acc = 62.557869
	speed: 0.0288s/iter; left time: 2330.8140s
iters: 50, epoch: 2 | loss_all: 1.4684786 
Con_forecasting_loss = 0.502725
Dis_forecasting_loss = 0.965753
Dis_forecasting_acc = 58.246529
	speed: 0.0282s/iter; left time: 2284.9256s
iters: 60, epoch: 2 | loss_all: 1.4136522 
Con_forecasting_loss = 0.475943
Dis_forecasting_loss = 0.937709
Dis_forecasting_acc = 62.123840
	speed: 0.0282s/iter; left time: 2284.8478s
iters: 70, epoch: 2 | loss_all: 1.4489096 
Con_forecasting_loss = 0.493019
Dis_forecasting_loss = 0.955891
Dis_forecasting_acc = 59.780090
	speed: 0.0283s/iter; left time: 2288.3162s
iters: 80, epoch: 2 | loss_all: 1.4344251 
Con_forecasting_loss = 0.491772
Dis_forecasting_loss = 0.942653
Dis_forecasting_acc = 60.937500
	speed: 0.0320s/iter; left time: 2592.8955s
iters: 90, epoch: 2 | loss_all: 1.4476111 
Con_forecasting_loss = 0.486403
Dis_forecasting_loss = 0.961208
Dis_forecasting_acc = 58.680557
	speed: 0.0396s/iter; left time: 3200.4163s
iters: 100, epoch: 2 | loss_all: 1.3961809 
Con_forecasting_loss = 0.479995
Dis_forecasting_loss = 0.916186
Dis_forecasting_acc = 63.773148
	speed: 0.0385s/iter; left time: 3111.8866s
iters: 110, epoch: 2 | loss_all: 1.3411729 
Con_forecasting_loss = 0.453616
Dis_forecasting_loss = 0.887557
Dis_forecasting_acc = 66.550926
	speed: 0.0364s/iter; left time: 2946.6544s
iters: 120, epoch: 2 | loss_all: 1.4343174 
Con_forecasting_loss = 0.483151
Dis_forecasting_loss = 0.951166
Dis_forecasting_acc = 60.011570
	speed: 0.0268s/iter; left time: 2170.5267s
iters: 130, epoch: 2 | loss_all: 1.4046464 
Con_forecasting_loss = 0.497989
Dis_forecasting_loss = 0.906658
Dis_forecasting_acc = 65.248840
	speed: 0.0282s/iter; left time: 2279.9894s
iters: 140, epoch: 2 | loss_all: 1.4325553 
Con_forecasting_loss = 0.504650
Dis_forecasting_loss = 0.927906
Dis_forecasting_acc = 62.413197
	speed: 0.0281s/iter; left time: 2275.5455s
iters: 150, epoch: 2 | loss_all: 1.3885206 
Con_forecasting_loss = 0.424103
Dis_forecasting_loss = 0.964418
Dis_forecasting_acc = 59.432869
	speed: 0.0282s/iter; left time: 2276.2683s
iters: 160, epoch: 2 | loss_all: 1.3579090 
Con_forecasting_loss = 0.440823
Dis_forecasting_loss = 0.917086
Dis_forecasting_acc = 62.818291
	speed: 0.0336s/iter; left time: 2716.4384s
iters: 170, epoch: 2 | loss_all: 1.4711219 
Con_forecasting_loss = 0.498894
Dis_forecasting_loss = 0.972227
Dis_forecasting_acc = 58.362270
	speed: 0.0458s/iter; left time: 3699.7771s
iters: 180, epoch: 2 | loss_all: 1.4235829 
Con_forecasting_loss = 0.479617
Dis_forecasting_loss = 0.943966
Dis_forecasting_acc = 59.953701
	speed: 0.0437s/iter; left time: 3531.6106s
iters: 190, epoch: 2 | loss_all: 1.4030241 
Con_forecasting_loss = 0.479839
Dis_forecasting_loss = 0.923185
Dis_forecasting_acc = 63.570602
	speed: 0.0380s/iter; left time: 3067.2220s
iters: 200, epoch: 2 | loss_all: 1.4393779 
Con_forecasting_loss = 0.486396
Dis_forecasting_loss = 0.952982
Dis_forecasting_acc = 59.490742
	speed: 0.0375s/iter; left time: 3030.3413s
iters: 210, epoch: 2 | loss_all: 1.4414692 
Con_forecasting_loss = 0.481184
Dis_forecasting_loss = 0.960285
Dis_forecasting_acc = 58.449070
	speed: 0.0365s/iter; left time: 2949.9085s
iters: 220, epoch: 2 | loss_all: 1.4586105 
Con_forecasting_loss = 0.494624
Dis_forecasting_loss = 0.963987
Dis_forecasting_acc = 58.188660
	speed: 0.0385s/iter; left time: 3113.2442s
iters: 230, epoch: 2 | loss_all: 1.4369067 
Con_forecasting_loss = 0.502180
Dis_forecasting_loss = 0.934727
Dis_forecasting_acc = 61.140049
	speed: 0.0345s/iter; left time: 2786.3313s
iters: 240, epoch: 2 | loss_all: 1.4013100 
Con_forecasting_loss = 0.458818
Dis_forecasting_loss = 0.942492
Dis_forecasting_acc = 60.561340
	speed: 0.0390s/iter; left time: 3145.5312s
iters: 250, epoch: 2 | loss_all: 1.3656482 
Con_forecasting_loss = 0.472085
Dis_forecasting_loss = 0.893563
Dis_forecasting_acc = 66.174767
	speed: 0.0348s/iter; left time: 2808.2938s
iters: 260, epoch: 2 | loss_all: 1.4493551 
Con_forecasting_loss = 0.454257
Dis_forecasting_loss = 0.995098
Dis_forecasting_acc = 56.192131
	speed: 0.0305s/iter; left time: 2464.5280s
iters: 270, epoch: 2 | loss_all: 1.4227210 
Con_forecasting_loss = 0.489981
Dis_forecasting_loss = 0.932741
Dis_forecasting_acc = 61.140049
	speed: 0.0390s/iter; left time: 3150.4251s
iters: 280, epoch: 2 | loss_all: 1.3887796 
Con_forecasting_loss = 0.450641
Dis_forecasting_loss = 0.938139
Dis_forecasting_acc = 60.763889
	speed: 0.0352s/iter; left time: 2841.9545s
iters: 290, epoch: 2 | loss_all: 1.4766997 
Con_forecasting_loss = 0.548366
Dis_forecasting_loss = 0.928334
Dis_forecasting_acc = 61.024307
	speed: 0.0282s/iter; left time: 2272.7035s
iters: 300, epoch: 2 | loss_all: 1.3522935 
Con_forecasting_loss = 0.462951
Dis_forecasting_loss = 0.889342
Dis_forecasting_acc = 65.509262
	speed: 0.0274s/iter; left time: 2211.5537s
iters: 310, epoch: 2 | loss_all: 1.4573547 
Con_forecasting_loss = 0.517225
Dis_forecasting_loss = 0.940130
Dis_forecasting_acc = 60.677082
	speed: 0.0258s/iter; left time: 2080.9288s
iters: 320, epoch: 2 | loss_all: 1.4095850 
Con_forecasting_loss = 0.490701
Dis_forecasting_loss = 0.918884
Dis_forecasting_acc = 62.500000
	speed: 0.0291s/iter; left time: 2344.0619s
iters: 330, epoch: 2 | loss_all: 1.3759422 
Con_forecasting_loss = 0.444426
Dis_forecasting_loss = 0.931516
Dis_forecasting_acc = 61.950230
	speed: 0.0280s/iter; left time: 2257.4225s
iters: 340, epoch: 2 | loss_all: 1.3815526 
Con_forecasting_loss = 0.459312
Dis_forecasting_loss = 0.922240
Dis_forecasting_acc = 61.950230
	speed: 0.0282s/iter; left time: 2275.6894s
iters: 350, epoch: 2 | loss_all: 1.3518566 
Con_forecasting_loss = 0.433460
Dis_forecasting_loss = 0.918396
Dis_forecasting_acc = 62.760418
	speed: 0.0280s/iter; left time: 2261.9637s
iters: 360, epoch: 2 | loss_all: 1.3825721 
Con_forecasting_loss = 0.458852
Dis_forecasting_loss = 0.923721
Dis_forecasting_acc = 61.082180
	speed: 0.0281s/iter; left time: 2269.7287s
iters: 370, epoch: 2 | loss_all: 1.3842543 
Con_forecasting_loss = 0.458175
Dis_forecasting_loss = 0.926080
Dis_forecasting_acc = 61.574070
	speed: 0.0280s/iter; left time: 2256.2934s
iters: 380, epoch: 2 | loss_all: 1.3731612 
Con_forecasting_loss = 0.466623
Dis_forecasting_loss = 0.906538
Dis_forecasting_acc = 64.322922
	speed: 0.0341s/iter; left time: 2745.1364s
iters: 390, epoch: 2 | loss_all: 1.4050809 
Con_forecasting_loss = 0.450558
Dis_forecasting_loss = 0.954523
Dis_forecasting_acc = 59.172451
	speed: 0.0405s/iter; left time: 3262.6995s
iters: 400, epoch: 2 | loss_all: 1.4079497 
Con_forecasting_loss = 0.457293
Dis_forecasting_loss = 0.950657
Dis_forecasting_acc = 59.375000
	speed: 0.0406s/iter; left time: 3273.6816s
Epoch: 2 cost time: 13.590171575546265
Epoch: 2, Steps: 407 | Train Loss: 1.40946 Vali Loss: 0.67765 Test Loss: 0.68156 
Validation loss decreased (0.686926 --> 0.677651).  Saving model ...
Updating learning rate to 5e-05
iters: 10, epoch: 3 | loss_all: 1.3576446 
Con_forecasting_loss = 0.440490
Dis_forecasting_loss = 0.917154
Dis_forecasting_acc = 62.644680
	speed: 0.2702s/iter; left time: 21768.9961s
iters: 20, epoch: 3 | loss_all: 1.3654184 
Con_forecasting_loss = 0.463172
Dis_forecasting_loss = 0.902247
Dis_forecasting_acc = 63.194447
	speed: 0.0315s/iter; left time: 2534.0346s
iters: 30, epoch: 3 | loss_all: 1.3598156 
Con_forecasting_loss = 0.442201
Dis_forecasting_loss = 0.917615
Dis_forecasting_acc = 61.921299
	speed: 0.0300s/iter; left time: 2416.0720s
iters: 40, epoch: 3 | loss_all: 1.3903011 
Con_forecasting_loss = 0.461390
Dis_forecasting_loss = 0.928911
Dis_forecasting_acc = 62.384258
	speed: 0.0306s/iter; left time: 2463.6512s
iters: 50, epoch: 3 | loss_all: 1.3458418 
Con_forecasting_loss = 0.437431
Dis_forecasting_loss = 0.908411
Dis_forecasting_acc = 62.789352
	speed: 0.0305s/iter; left time: 2456.0296s
iters: 60, epoch: 3 | loss_all: 1.3470325 
Con_forecasting_loss = 0.424025
Dis_forecasting_loss = 0.923007
Dis_forecasting_acc = 61.516201
	speed: 0.0304s/iter; left time: 2446.7125s
iters: 70, epoch: 3 | loss_all: 1.3957849 
Con_forecasting_loss = 0.485103
Dis_forecasting_loss = 0.910682
Dis_forecasting_acc = 63.165508
	speed: 0.0305s/iter; left time: 2459.3281s
iters: 80, epoch: 3 | loss_all: 1.3478626 
Con_forecasting_loss = 0.454292
Dis_forecasting_loss = 0.893570
Dis_forecasting_acc = 64.322922
	speed: 0.0304s/iter; left time: 2446.9955s
iters: 90, epoch: 3 | loss_all: 1.3569268 
Con_forecasting_loss = 0.421377
Dis_forecasting_loss = 0.935550
Dis_forecasting_acc = 60.474541
	speed: 0.0307s/iter; left time: 2470.2151s
iters: 100, epoch: 3 | loss_all: 1.3888741 
Con_forecasting_loss = 0.449855
Dis_forecasting_loss = 0.939019
Dis_forecasting_acc = 60.821758
	speed: 0.0430s/iter; left time: 3463.1599s
iters: 110, epoch: 3 | loss_all: 1.3778816 
Con_forecasting_loss = 0.446902
Dis_forecasting_loss = 0.930980
Dis_forecasting_acc = 61.545139
	speed: 0.0436s/iter; left time: 3512.5799s
iters: 120, epoch: 3 | loss_all: 1.3492877 
Con_forecasting_loss = 0.466177
Dis_forecasting_loss = 0.883111
Dis_forecasting_acc = 65.219910
	speed: 0.0381s/iter; left time: 3067.7230s
iters: 130, epoch: 3 | loss_all: 1.3627328 
Con_forecasting_loss = 0.444282
Dis_forecasting_loss = 0.918451
Dis_forecasting_acc = 62.239582
	speed: 0.0383s/iter; left time: 3085.4692s
iters: 140, epoch: 3 | loss_all: 1.4260677 
Con_forecasting_loss = 0.454036
Dis_forecasting_loss = 0.972031
Dis_forecasting_acc = 57.581020
	speed: 0.0345s/iter; left time: 2775.5387s
iters: 150, epoch: 3 | loss_all: 1.4468131 
Con_forecasting_loss = 0.483914
Dis_forecasting_loss = 0.962899
Dis_forecasting_acc = 58.767361
	speed: 0.0348s/iter; left time: 2798.3450s
iters: 160, epoch: 3 | loss_all: 1.3546941 
Con_forecasting_loss = 0.452247
Dis_forecasting_loss = 0.902448
Dis_forecasting_acc = 63.599541
	speed: 0.0397s/iter; left time: 3192.7320s
iters: 170, epoch: 3 | loss_all: 1.3911643 
Con_forecasting_loss = 0.454471
Dis_forecasting_loss = 0.936693
Dis_forecasting_acc = 60.590279
	speed: 0.0396s/iter; left time: 3185.9389s
iters: 180, epoch: 3 | loss_all: 1.3833930 
Con_forecasting_loss = 0.457011
Dis_forecasting_loss = 0.926382
Dis_forecasting_acc = 61.574070
	speed: 0.0416s/iter; left time: 3343.1417s
iters: 190, epoch: 3 | loss_all: 1.3794227 
Con_forecasting_loss = 0.450054
Dis_forecasting_loss = 0.929369
Dis_forecasting_acc = 61.545139
	speed: 0.0448s/iter; left time: 3603.9531s
iters: 200, epoch: 3 | loss_all: 1.3964163 
Con_forecasting_loss = 0.470295
Dis_forecasting_loss = 0.926121
Dis_forecasting_acc = 61.603008
	speed: 0.0389s/iter; left time: 3130.2315s
iters: 210, epoch: 3 | loss_all: 1.4119291 
Con_forecasting_loss = 0.470506
Dis_forecasting_loss = 0.941424
Dis_forecasting_acc = 60.040508
	speed: 0.0367s/iter; left time: 2952.3970s
iters: 220, epoch: 3 | loss_all: 1.3946277 
Con_forecasting_loss = 0.430892
Dis_forecasting_loss = 0.963736
Dis_forecasting_acc = 58.217590
	speed: 0.0374s/iter; left time: 3007.2957s
iters: 230, epoch: 3 | loss_all: 1.3443179 
Con_forecasting_loss = 0.423847
Dis_forecasting_loss = 0.920471
Dis_forecasting_acc = 62.673611
	speed: 0.0308s/iter; left time: 2478.2648s
iters: 240, epoch: 3 | loss_all: 1.3779978 
Con_forecasting_loss = 0.445581
Dis_forecasting_loss = 0.932417
Dis_forecasting_acc = 60.561340
	speed: 0.0282s/iter; left time: 2268.1479s
iters: 250, epoch: 3 | loss_all: 1.3974977 
Con_forecasting_loss = 0.463887
Dis_forecasting_loss = 0.933610
Dis_forecasting_acc = 60.792820
	speed: 0.0283s/iter; left time: 2272.3399s
iters: 260, epoch: 3 | loss_all: 1.3774302 
Con_forecasting_loss = 0.443932
Dis_forecasting_loss = 0.933498
Dis_forecasting_acc = 61.082180
	speed: 0.0285s/iter; left time: 2290.1265s
iters: 270, epoch: 3 | loss_all: 1.4281158 
Con_forecasting_loss = 0.506417
Dis_forecasting_loss = 0.921699
Dis_forecasting_acc = 62.065971
	speed: 0.0348s/iter; left time: 2792.4028s
iters: 280, epoch: 3 | loss_all: 1.4092035 
Con_forecasting_loss = 0.476922
Dis_forecasting_loss = 0.932281
Dis_forecasting_acc = 60.098381
	speed: 0.0371s/iter; left time: 2976.8838s
iters: 290, epoch: 3 | loss_all: 1.3388045 
Con_forecasting_loss = 0.424088
Dis_forecasting_loss = 0.914717
Dis_forecasting_acc = 62.471069
	speed: 0.0457s/iter; left time: 3669.5884s
iters: 300, epoch: 3 | loss_all: 1.3818159 
Con_forecasting_loss = 0.447923
Dis_forecasting_loss = 0.933892
Dis_forecasting_acc = 60.879631
	speed: 0.0399s/iter; left time: 3201.6820s
iters: 310, epoch: 3 | loss_all: 1.4530069 
Con_forecasting_loss = 0.457673
Dis_forecasting_loss = 0.995333
Dis_forecasting_acc = 55.671299
	speed: 0.0345s/iter; left time: 2767.5624s
iters: 320, epoch: 3 | loss_all: 1.3955847 
Con_forecasting_loss = 0.437375
Dis_forecasting_loss = 0.958210
Dis_forecasting_acc = 58.101852
	speed: 0.0322s/iter; left time: 2587.3419s
iters: 330, epoch: 3 | loss_all: 1.4253727 
Con_forecasting_loss = 0.490327
Dis_forecasting_loss = 0.935046
Dis_forecasting_acc = 60.474541
	speed: 0.0362s/iter; left time: 2904.2605s
iters: 340, epoch: 3 | loss_all: 1.3286452 
Con_forecasting_loss = 0.419135
Dis_forecasting_loss = 0.909510
Dis_forecasting_acc = 63.136570
	speed: 0.0304s/iter; left time: 2438.9187s
iters: 350, epoch: 3 | loss_all: 1.3621514 
Con_forecasting_loss = 0.451975
Dis_forecasting_loss = 0.910176
Dis_forecasting_acc = 62.384258
	speed: 0.0264s/iter; left time: 2114.7517s
iters: 360, epoch: 3 | loss_all: 1.4127834 
Con_forecasting_loss = 0.478111
Dis_forecasting_loss = 0.934673
Dis_forecasting_acc = 60.908569
	speed: 0.0326s/iter; left time: 2616.8920s
iters: 370, epoch: 3 | loss_all: 1.3535159 
Con_forecasting_loss = 0.449056
Dis_forecasting_loss = 0.904460
Dis_forecasting_acc = 63.396992
	speed: 0.0344s/iter; left time: 2763.4513s
iters: 380, epoch: 3 | loss_all: 1.4263550 
Con_forecasting_loss = 0.469673
Dis_forecasting_loss = 0.956682
Dis_forecasting_acc = 58.825230
	speed: 0.0325s/iter; left time: 2603.6740s
iters: 390, epoch: 3 | loss_all: 1.4257627 
Con_forecasting_loss = 0.474593
Dis_forecasting_loss = 0.951170
Dis_forecasting_acc = 58.767361
	speed: 0.0302s/iter; left time: 2419.2461s
iters: 400, epoch: 3 | loss_all: 1.3549790 
Con_forecasting_loss = 0.417672
Dis_forecasting_loss = 0.937307
Dis_forecasting_acc = 60.445602
	speed: 0.0304s/iter; left time: 2436.4853s
Epoch: 3 cost time: 14.287413358688354
Epoch: 3, Steps: 407 | Train Loss: 1.37625 Vali Loss: 0.66426 Test Loss: 0.66749 
Validation loss decreased (0.677651 --> 0.664264).  Saving model ...
Updating learning rate to 2.5e-05
iters: 10, epoch: 4 | loss_all: 1.3476734 
Con_forecasting_loss = 0.454102
Dis_forecasting_loss = 0.893571
Dis_forecasting_acc = 64.409721
	speed: 0.2472s/iter; left time: 19817.0941s
iters: 20, epoch: 4 | loss_all: 1.3984504 
Con_forecasting_loss = 0.422686
Dis_forecasting_loss = 0.975765
Dis_forecasting_acc = 57.523148
	speed: 0.0245s/iter; left time: 1967.3362s
iters: 30, epoch: 4 | loss_all: 1.3704793 
Con_forecasting_loss = 0.467394
Dis_forecasting_loss = 0.903085
Dis_forecasting_acc = 63.686340
	speed: 0.0256s/iter; left time: 2049.6351s
iters: 40, epoch: 4 | loss_all: 1.3368633 
Con_forecasting_loss = 0.430851
Dis_forecasting_loss = 0.906012
Dis_forecasting_acc = 62.818291
	speed: 0.0254s/iter; left time: 2038.9031s
iters: 50, epoch: 4 | loss_all: 1.3736682 
Con_forecasting_loss = 0.445527
Dis_forecasting_loss = 0.928141
Dis_forecasting_acc = 61.313660
	speed: 0.0255s/iter; left time: 2046.9496s
iters: 60, epoch: 4 | loss_all: 1.3170176 
Con_forecasting_loss = 0.404120
Dis_forecasting_loss = 0.912897
Dis_forecasting_acc = 62.326389
	speed: 0.0255s/iter; left time: 2043.0552s
iters: 70, epoch: 4 | loss_all: 1.3666866 
Con_forecasting_loss = 0.435375
Dis_forecasting_loss = 0.931311
Dis_forecasting_acc = 61.516201
	speed: 0.0254s/iter; left time: 2031.5906s
iters: 80, epoch: 4 | loss_all: 1.3735492 
Con_forecasting_loss = 0.470734
Dis_forecasting_loss = 0.902815
Dis_forecasting_acc = 63.657410
	speed: 0.0253s/iter; left time: 2028.2890s
iters: 90, epoch: 4 | loss_all: 1.3691032 
Con_forecasting_loss = 0.460526
Dis_forecasting_loss = 0.908578
Dis_forecasting_acc = 63.107639
	speed: 0.0253s/iter; left time: 2028.8283s
iters: 100, epoch: 4 | loss_all: 1.3892087 
Con_forecasting_loss = 0.456975
Dis_forecasting_loss = 0.932234
Dis_forecasting_acc = 60.329861
	speed: 0.0256s/iter; left time: 2048.6126s
iters: 110, epoch: 4 | loss_all: 1.3603078 
Con_forecasting_loss = 0.448859
Dis_forecasting_loss = 0.911449
Dis_forecasting_acc = 62.615742
	speed: 0.0257s/iter; left time: 2056.9664s
iters: 120, epoch: 4 | loss_all: 1.3864071 
Con_forecasting_loss = 0.439010
Dis_forecasting_loss = 0.947397
Dis_forecasting_acc = 60.011570
	speed: 0.0255s/iter; left time: 2038.3452s
iters: 130, epoch: 4 | loss_all: 1.3048557 
Con_forecasting_loss = 0.406123
Dis_forecasting_loss = 0.898733
Dis_forecasting_acc = 63.773148
	speed: 0.0257s/iter; left time: 2053.5249s
iters: 140, epoch: 4 | loss_all: 1.3824437 
Con_forecasting_loss = 0.434491
Dis_forecasting_loss = 0.947952
Dis_forecasting_acc = 58.912041
	speed: 0.0263s/iter; left time: 2106.8230s
iters: 150, epoch: 4 | loss_all: 1.3416097 
Con_forecasting_loss = 0.431207
Dis_forecasting_loss = 0.910403
Dis_forecasting_acc = 62.789352
	speed: 0.0304s/iter; left time: 2435.3325s
iters: 160, epoch: 4 | loss_all: 1.4243971 
Con_forecasting_loss = 0.441866
Dis_forecasting_loss = 0.982531
Dis_forecasting_acc = 56.655090
	speed: 0.0364s/iter; left time: 2916.4508s
iters: 170, epoch: 4 | loss_all: 1.3786978 
Con_forecasting_loss = 0.432842
Dis_forecasting_loss = 0.945856
Dis_forecasting_acc = 59.780090
	speed: 0.0421s/iter; left time: 3365.8305s
iters: 180, epoch: 4 | loss_all: 1.3706176 
Con_forecasting_loss = 0.455164
Dis_forecasting_loss = 0.915453
Dis_forecasting_acc = 62.731480
	speed: 0.0344s/iter; left time: 2752.7008s
iters: 190, epoch: 4 | loss_all: 1.3419755 
Con_forecasting_loss = 0.432419
Dis_forecasting_loss = 0.909556
Dis_forecasting_acc = 62.615742
	speed: 0.0303s/iter; left time: 2426.8130s
iters: 200, epoch: 4 | loss_all: 1.3829840 
Con_forecasting_loss = 0.444538
Dis_forecasting_loss = 0.938446
Dis_forecasting_acc = 61.082180
	speed: 0.0294s/iter; left time: 2354.4985s
iters: 210, epoch: 4 | loss_all: 1.3661542 
Con_forecasting_loss = 0.461456
Dis_forecasting_loss = 0.904698
Dis_forecasting_acc = 63.368057
	speed: 0.0291s/iter; left time: 2324.6608s
iters: 220, epoch: 4 | loss_all: 1.3265088 
Con_forecasting_loss = 0.428771
Dis_forecasting_loss = 0.897738
Dis_forecasting_acc = 63.859951
	speed: 0.0281s/iter; left time: 2244.4693s
iters: 230, epoch: 4 | loss_all: 1.3416111 
Con_forecasting_loss = 0.419571
Dis_forecasting_loss = 0.922041
Dis_forecasting_acc = 62.413197
	speed: 0.0258s/iter; left time: 2064.5772s
iters: 240, epoch: 4 | loss_all: 1.3656218 
Con_forecasting_loss = 0.428243
Dis_forecasting_loss = 0.937379
Dis_forecasting_acc = 60.011570
	speed: 0.0257s/iter; left time: 2057.7931s
iters: 250, epoch: 4 | loss_all: 1.4058844 
Con_forecasting_loss = 0.476191
Dis_forecasting_loss = 0.929693
Dis_forecasting_acc = 60.879631
	speed: 0.0295s/iter; left time: 2356.3196s
iters: 260, epoch: 4 | loss_all: 1.3923810 
Con_forecasting_loss = 0.447983
Dis_forecasting_loss = 0.944398
Dis_forecasting_acc = 60.040508
	speed: 0.0305s/iter; left time: 2438.4123s
iters: 270, epoch: 4 | loss_all: 1.3568347 
Con_forecasting_loss = 0.464642
Dis_forecasting_loss = 0.892193
Dis_forecasting_acc = 64.091438
	speed: 0.0303s/iter; left time: 2424.3554s
iters: 280, epoch: 4 | loss_all: 1.3739034 
Con_forecasting_loss = 0.459130
Dis_forecasting_loss = 0.914774
Dis_forecasting_acc = 62.557869
	speed: 0.0306s/iter; left time: 2448.2717s
iters: 290, epoch: 4 | loss_all: 1.3871818 
Con_forecasting_loss = 0.444989
Dis_forecasting_loss = 0.942193
Dis_forecasting_acc = 60.098381
	speed: 0.0305s/iter; left time: 2434.2113s
iters: 300, epoch: 4 | loss_all: 1.3600425 
Con_forecasting_loss = 0.443741
Dis_forecasting_loss = 0.916302
Dis_forecasting_acc = 62.384258
	speed: 0.0338s/iter; left time: 2698.3199s
iters: 310, epoch: 4 | loss_all: 1.3771006 
Con_forecasting_loss = 0.464577
Dis_forecasting_loss = 0.912524
Dis_forecasting_acc = 62.500000
	speed: 0.0302s/iter; left time: 2408.5458s
iters: 320, epoch: 4 | loss_all: 1.3678819 
Con_forecasting_loss = 0.455255
Dis_forecasting_loss = 0.912627
Dis_forecasting_acc = 62.702549
	speed: 0.0337s/iter; left time: 2694.2723s
iters: 330, epoch: 4 | loss_all: 1.3571925 
Con_forecasting_loss = 0.430183
Dis_forecasting_loss = 0.927009
Dis_forecasting_acc = 61.371529
	speed: 0.0372s/iter; left time: 2971.1699s
iters: 340, epoch: 4 | loss_all: 1.3493791 
Con_forecasting_loss = 0.413705
Dis_forecasting_loss = 0.935674
Dis_forecasting_acc = 60.185188
	speed: 0.0364s/iter; left time: 2908.7636s
iters: 350, epoch: 4 | loss_all: 1.3483028 
Con_forecasting_loss = 0.459263
Dis_forecasting_loss = 0.889040
Dis_forecasting_acc = 64.149307
	speed: 0.0365s/iter; left time: 2909.8495s
iters: 360, epoch: 4 | loss_all: 1.3599285 
Con_forecasting_loss = 0.434830
Dis_forecasting_loss = 0.925098
Dis_forecasting_acc = 61.400459
	speed: 0.0331s/iter; left time: 2641.8353s
iters: 370, epoch: 4 | loss_all: 1.3596327 
Con_forecasting_loss = 0.427894
Dis_forecasting_loss = 0.931739
Dis_forecasting_acc = 60.821758
	speed: 0.0378s/iter; left time: 3017.1340s
iters: 380, epoch: 4 | loss_all: 1.3052614 
Con_forecasting_loss = 0.436216
Dis_forecasting_loss = 0.869045
Dis_forecasting_acc = 66.550926
	speed: 0.0322s/iter; left time: 2568.2874s
iters: 390, epoch: 4 | loss_all: 1.2872536 
Con_forecasting_loss = 0.411264
Dis_forecasting_loss = 0.875989
Dis_forecasting_acc = 65.335648
	speed: 0.0296s/iter; left time: 2364.2133s
iters: 400, epoch: 4 | loss_all: 1.4077154 
Con_forecasting_loss = 0.445731
Dis_forecasting_loss = 0.961984
Dis_forecasting_acc = 57.696758
	speed: 0.0308s/iter; left time: 2453.8922s
Epoch: 4 cost time: 12.42347002029419
Epoch: 4, Steps: 407 | Train Loss: 1.36448 Vali Loss: 0.66222 Test Loss: 0.66547 
Validation loss decreased (0.664264 --> 0.662217).  Saving model ...
Updating learning rate to 1.25e-05
iters: 10, epoch: 5 | loss_all: 1.3570510 
Con_forecasting_loss = 0.426116
Dis_forecasting_loss = 0.930935
Dis_forecasting_acc = 60.908569
	speed: 0.2628s/iter; left time: 20957.8618s
iters: 20, epoch: 5 | loss_all: 1.3844317 
Con_forecasting_loss = 0.441865
Dis_forecasting_loss = 0.942567
Dis_forecasting_acc = 60.185188
	speed: 0.0345s/iter; left time: 2749.1494s
iters: 30, epoch: 5 | loss_all: 1.3448411 
Con_forecasting_loss = 0.436416
Dis_forecasting_loss = 0.908425
Dis_forecasting_acc = 63.368057
	speed: 0.0408s/iter; left time: 3256.6038s
iters: 40, epoch: 5 | loss_all: 1.3004293 
Con_forecasting_loss = 0.415405
Dis_forecasting_loss = 0.885024
Dis_forecasting_acc = 64.988426
	speed: 0.0436s/iter; left time: 3473.6394s
iters: 50, epoch: 5 | loss_all: 1.4096928 
Con_forecasting_loss = 0.443384
Dis_forecasting_loss = 0.966309
Dis_forecasting_acc = 58.304398
	speed: 0.0350s/iter; left time: 2790.8155s
iters: 60, epoch: 5 | loss_all: 1.3565112 
Con_forecasting_loss = 0.428477
Dis_forecasting_loss = 0.928034
Dis_forecasting_acc = 60.763889
	speed: 0.0302s/iter; left time: 2403.5053s
iters: 70, epoch: 5 | loss_all: 1.3418334 
Con_forecasting_loss = 0.419683
Dis_forecasting_loss = 0.922150
Dis_forecasting_acc = 61.805557
	speed: 0.0387s/iter; left time: 3085.6678s
iters: 80, epoch: 5 | loss_all: 1.3640461 
Con_forecasting_loss = 0.458411
Dis_forecasting_loss = 0.905635
Dis_forecasting_acc = 63.136570
	speed: 0.0345s/iter; left time: 2749.6918s
iters: 90, epoch: 5 | loss_all: 1.3156258 
Con_forecasting_loss = 0.459008
Dis_forecasting_loss = 0.856618
Dis_forecasting_acc = 67.476852
	speed: 0.0363s/iter; left time: 2892.3213s
iters: 100, epoch: 5 | loss_all: 1.3392289 
Con_forecasting_loss = 0.440548
Dis_forecasting_loss = 0.898681
Dis_forecasting_acc = 64.728012
	speed: 0.0359s/iter; left time: 2862.7698s
iters: 110, epoch: 5 | loss_all: 1.4101796 
Con_forecasting_loss = 0.450342
Dis_forecasting_loss = 0.959838
Dis_forecasting_acc = 57.638889
	speed: 0.0371s/iter; left time: 2954.9165s
iters: 120, epoch: 5 | loss_all: 1.3281530 
Con_forecasting_loss = 0.434693
Dis_forecasting_loss = 0.893460
Dis_forecasting_acc = 63.802082
	speed: 0.0370s/iter; left time: 2951.0342s
iters: 130, epoch: 5 | loss_all: 1.3770249 
Con_forecasting_loss = 0.446907
Dis_forecasting_loss = 0.930117
Dis_forecasting_acc = 61.111111
	speed: 0.0399s/iter; left time: 3174.0448s
iters: 140, epoch: 5 | loss_all: 1.3500371 
Con_forecasting_loss = 0.394070
Dis_forecasting_loss = 0.955967
Dis_forecasting_acc = 58.796299
	speed: 0.0395s/iter; left time: 3145.5318s
iters: 150, epoch: 5 | loss_all: 1.3533775 
Con_forecasting_loss = 0.447339
Dis_forecasting_loss = 0.906039
Dis_forecasting_acc = 62.991898
	speed: 0.0447s/iter; left time: 3555.2851s
iters: 160, epoch: 5 | loss_all: 1.4008986 
Con_forecasting_loss = 0.480595
Dis_forecasting_loss = 0.920303
Dis_forecasting_acc = 62.297451
	speed: 0.0305s/iter; left time: 2426.5665s
iters: 170, epoch: 5 | loss_all: 1.3237568 
Con_forecasting_loss = 0.440502
Dis_forecasting_loss = 0.883255
Dis_forecasting_acc = 65.393517
	speed: 0.0266s/iter; left time: 2118.7325s
iters: 180, epoch: 5 | loss_all: 1.3478073 
Con_forecasting_loss = 0.415606
Dis_forecasting_loss = 0.932201
Dis_forecasting_acc = 60.474541
	speed: 0.0283s/iter; left time: 2249.7056s
iters: 190, epoch: 5 | loss_all: 1.3587911 
Con_forecasting_loss = 0.432628
Dis_forecasting_loss = 0.926163
Dis_forecasting_acc = 61.082180
	speed: 0.0302s/iter; left time: 2402.2590s
iters: 200, epoch: 5 | loss_all: 1.3711038 
Con_forecasting_loss = 0.436084
Dis_forecasting_loss = 0.935020
Dis_forecasting_acc = 59.751160
	speed: 0.0295s/iter; left time: 2348.5045s
iters: 210, epoch: 5 | loss_all: 1.3693924 
Con_forecasting_loss = 0.443731
Dis_forecasting_loss = 0.925661
Dis_forecasting_acc = 61.342590
	speed: 0.0357s/iter; left time: 2838.4329s
iters: 220, epoch: 5 | loss_all: 1.3618993 
Con_forecasting_loss = 0.452673
Dis_forecasting_loss = 0.909226
Dis_forecasting_acc = 63.020832
	speed: 0.0342s/iter; left time: 2719.2541s
iters: 230, epoch: 5 | loss_all: 1.3946478 
Con_forecasting_loss = 0.474442
Dis_forecasting_loss = 0.920206
Dis_forecasting_acc = 61.776619
	speed: 0.0312s/iter; left time: 2479.8284s
iters: 240, epoch: 5 | loss_all: 1.3255408 
Con_forecasting_loss = 0.436144
Dis_forecasting_loss = 0.889397
Dis_forecasting_acc = 64.901619
	speed: 0.0295s/iter; left time: 2344.7925s
iters: 250, epoch: 5 | loss_all: 1.3838768 
Con_forecasting_loss = 0.433219
Dis_forecasting_loss = 0.950657
Dis_forecasting_acc = 59.432869
	speed: 0.0314s/iter; left time: 2493.5763s
iters: 260, epoch: 5 | loss_all: 1.3596652 
Con_forecasting_loss = 0.416283
Dis_forecasting_loss = 0.943383
Dis_forecasting_acc = 59.837959
	speed: 0.0330s/iter; left time: 2620.8175s
iters: 270, epoch: 5 | loss_all: 1.3841496 
Con_forecasting_loss = 0.457902
Dis_forecasting_loss = 0.926248
Dis_forecasting_acc = 61.284721
	speed: 0.0466s/iter; left time: 3703.6539s
iters: 280, epoch: 5 | loss_all: 1.3958126 
Con_forecasting_loss = 0.421647
Dis_forecasting_loss = 0.974166
Dis_forecasting_acc = 57.146992
	speed: 0.0342s/iter; left time: 2716.3011s
iters: 290, epoch: 5 | loss_all: 1.3369501 
Con_forecasting_loss = 0.398915
Dis_forecasting_loss = 0.938035
Dis_forecasting_acc = 60.185188
	speed: 0.0279s/iter; left time: 2216.3215s
iters: 300, epoch: 5 | loss_all: 1.3531498 
Con_forecasting_loss = 0.437459
Dis_forecasting_loss = 0.915691
Dis_forecasting_acc = 61.950230
	speed: 0.0272s/iter; left time: 2162.4980s
iters: 310, epoch: 5 | loss_all: 1.3841904 
Con_forecasting_loss = 0.464109
Dis_forecasting_loss = 0.920082
Dis_forecasting_acc = 61.805557
	speed: 0.0273s/iter; left time: 2169.2092s
iters: 320, epoch: 5 | loss_all: 1.3045362 
Con_forecasting_loss = 0.436778
Dis_forecasting_loss = 0.867758
Dis_forecasting_acc = 66.174767
	speed: 0.0266s/iter; left time: 2114.3669s
iters: 330, epoch: 5 | loss_all: 1.3407981 
Con_forecasting_loss = 0.438184
Dis_forecasting_loss = 0.902614
Dis_forecasting_acc = 63.020832
	speed: 0.0281s/iter; left time: 2230.9648s
iters: 340, epoch: 5 | loss_all: 1.3001623 
Con_forecasting_loss = 0.424657
Dis_forecasting_loss = 0.875505
Dis_forecasting_acc = 65.827545
	speed: 0.0273s/iter; left time: 2166.4642s
iters: 350, epoch: 5 | loss_all: 1.3796115 
Con_forecasting_loss = 0.450472
Dis_forecasting_loss = 0.929139
Dis_forecasting_acc = 60.590279
	speed: 0.0276s/iter; left time: 2195.2638s
iters: 360, epoch: 5 | loss_all: 1.3477170 
Con_forecasting_loss = 0.425096
Dis_forecasting_loss = 0.922621
Dis_forecasting_acc = 61.689819
	speed: 0.0303s/iter; left time: 2409.7107s
iters: 370, epoch: 5 | loss_all: 1.3800148 
Con_forecasting_loss = 0.434658
Dis_forecasting_loss = 0.945356
Dis_forecasting_acc = 59.635418
	speed: 0.0348s/iter; left time: 2763.9177s
iters: 380, epoch: 5 | loss_all: 1.3435585 
Con_forecasting_loss = 0.423085
Dis_forecasting_loss = 0.920474
Dis_forecasting_acc = 61.458332
	speed: 0.0346s/iter; left time: 2744.6597s
iters: 390, epoch: 5 | loss_all: 1.3696606 
Con_forecasting_loss = 0.433153
Dis_forecasting_loss = 0.936508
Dis_forecasting_acc = 60.185188
	speed: 0.0306s/iter; left time: 2426.3016s
iters: 400, epoch: 5 | loss_all: 1.3691630 
Con_forecasting_loss = 0.422737
Dis_forecasting_loss = 0.946426
Dis_forecasting_acc = 60.474541
	speed: 0.0289s/iter; left time: 2294.5783s
Epoch: 5 cost time: 13.766303539276123
Epoch: 5, Steps: 407 | Train Loss: 1.35945 Vali Loss: 0.65972 Test Loss: 0.66319 
Validation loss decreased (0.662217 --> 0.659720).  Saving model ...
Updating learning rate to 6.25e-06
iters: 10, epoch: 6 | loss_all: 1.3792263 
Con_forecasting_loss = 0.446649
Dis_forecasting_loss = 0.932577
Dis_forecasting_acc = 60.792820
	speed: 0.2636s/iter; left time: 20921.3836s
iters: 20, epoch: 6 | loss_all: 1.3342836 
Con_forecasting_loss = 0.419868
Dis_forecasting_loss = 0.914415
Dis_forecasting_acc = 62.297451
	speed: 0.0256s/iter; left time: 2027.7525s
iters: 30, epoch: 6 | loss_all: 1.3582119 
Con_forecasting_loss = 0.428301
Dis_forecasting_loss = 0.929911
Dis_forecasting_acc = 60.995369
	speed: 0.0255s/iter; left time: 2022.9857s
iters: 40, epoch: 6 | loss_all: 1.4132085 
Con_forecasting_loss = 0.465504
Dis_forecasting_loss = 0.947704
Dis_forecasting_acc = 59.693291
	speed: 0.0256s/iter; left time: 2031.3303s
iters: 50, epoch: 6 | loss_all: 1.4137487 
Con_forecasting_loss = 0.453824
Dis_forecasting_loss = 0.959925
Dis_forecasting_acc = 58.362270
	speed: 0.0259s/iter; left time: 2051.1628s
iters: 60, epoch: 6 | loss_all: 1.3684661 
Con_forecasting_loss = 0.454153
Dis_forecasting_loss = 0.914313
Dis_forecasting_acc = 62.268520
	speed: 0.0259s/iter; left time: 2055.0242s
iters: 70, epoch: 6 | loss_all: 1.2887864 
Con_forecasting_loss = 0.413943
Dis_forecasting_loss = 0.874844
Dis_forecasting_acc = 65.538200
	speed: 0.0258s/iter; left time: 2046.9287s
iters: 80, epoch: 6 | loss_all: 1.3839904 
Con_forecasting_loss = 0.456696
Dis_forecasting_loss = 0.927295
Dis_forecasting_acc = 61.053242
	speed: 0.0257s/iter; left time: 2036.3702s
iters: 90, epoch: 6 | loss_all: 1.3724312 
Con_forecasting_loss = 0.437026
Dis_forecasting_loss = 0.935405
Dis_forecasting_acc = 60.069447
	speed: 0.0258s/iter; left time: 2046.6619s
iters: 100, epoch: 6 | loss_all: 1.3849343 
Con_forecasting_loss = 0.459062
Dis_forecasting_loss = 0.925872
Dis_forecasting_acc = 61.747688
	speed: 0.0260s/iter; left time: 2058.4081s
iters: 110, epoch: 6 | loss_all: 1.3639174 
Con_forecasting_loss = 0.426395
Dis_forecasting_loss = 0.937522
Dis_forecasting_acc = 59.895832
	speed: 0.0257s/iter; left time: 2033.0071s
iters: 120, epoch: 6 | loss_all: 1.3656546 
Con_forecasting_loss = 0.450199
Dis_forecasting_loss = 0.915455
Dis_forecasting_acc = 62.065971
	speed: 0.0257s/iter; left time: 2040.0531s
iters: 130, epoch: 6 | loss_all: 1.3969886 
Con_forecasting_loss = 0.434961
Dis_forecasting_loss = 0.962027
Dis_forecasting_acc = 58.420139
	speed: 0.0257s/iter; left time: 2037.7384s
iters: 140, epoch: 6 | loss_all: 1.3321476 
Con_forecasting_loss = 0.427164
Dis_forecasting_loss = 0.904984
Dis_forecasting_acc = 63.136570
	speed: 0.0255s/iter; left time: 2021.0516s
iters: 150, epoch: 6 | loss_all: 1.3909713 
Con_forecasting_loss = 0.424867
Dis_forecasting_loss = 0.966105
Dis_forecasting_acc = 58.130791
	speed: 0.0260s/iter; left time: 2057.1871s
iters: 160, epoch: 6 | loss_all: 1.3842481 
Con_forecasting_loss = 0.466569
Dis_forecasting_loss = 0.917679
Dis_forecasting_acc = 61.689819
	speed: 0.0258s/iter; left time: 2044.4412s
iters: 170, epoch: 6 | loss_all: 1.3525989 
Con_forecasting_loss = 0.436842
Dis_forecasting_loss = 0.915757
Dis_forecasting_acc = 61.834492
	speed: 0.0256s/iter; left time: 2027.7087s
iters: 180, epoch: 6 | loss_all: 1.3470843 
Con_forecasting_loss = 0.448107
Dis_forecasting_loss = 0.898978
Dis_forecasting_acc = 63.831020
	speed: 0.0259s/iter; left time: 2054.7164s
iters: 190, epoch: 6 | loss_all: 1.3656363 
Con_forecasting_loss = 0.448215
Dis_forecasting_loss = 0.917421
Dis_forecasting_acc = 61.805557
	speed: 0.0267s/iter; left time: 2117.5308s
iters: 200, epoch: 6 | loss_all: 1.3526030 
Con_forecasting_loss = 0.438427
Dis_forecasting_loss = 0.914176
Dis_forecasting_acc = 62.326389
	speed: 0.0304s/iter; left time: 2405.9340s
iters: 210, epoch: 6 | loss_all: 1.3831614 
Con_forecasting_loss = 0.457153
Dis_forecasting_loss = 0.926008
Dis_forecasting_acc = 61.024307
	speed: 0.0306s/iter; left time: 2424.1117s
iters: 220, epoch: 6 | loss_all: 1.2923876 
Con_forecasting_loss = 0.440230
Dis_forecasting_loss = 0.852158
Dis_forecasting_acc = 67.708328
	speed: 0.0303s/iter; left time: 2395.5233s
iters: 230, epoch: 6 | loss_all: 1.3495328 
Con_forecasting_loss = 0.424248
Dis_forecasting_loss = 0.925284
Dis_forecasting_acc = 61.429398
	speed: 0.0303s/iter; left time: 2398.9055s
iters: 240, epoch: 6 | loss_all: 1.3151460 
Con_forecasting_loss = 0.436894
Dis_forecasting_loss = 0.878252
Dis_forecasting_acc = 65.885422
	speed: 0.0305s/iter; left time: 2412.3776s
iters: 250, epoch: 6 | loss_all: 1.3862340 
Con_forecasting_loss = 0.459299
Dis_forecasting_loss = 0.926935
Dis_forecasting_acc = 61.226852
	speed: 0.0303s/iter; left time: 2397.5617s
iters: 260, epoch: 6 | loss_all: 1.3119688 
Con_forecasting_loss = 0.431686
Dis_forecasting_loss = 0.880283
Dis_forecasting_acc = 65.190971
	speed: 0.0304s/iter; left time: 2403.6542s
iters: 270, epoch: 6 | loss_all: 1.3424567 
Con_forecasting_loss = 0.428904
Dis_forecasting_loss = 0.913553
Dis_forecasting_acc = 62.355320
	speed: 0.0305s/iter; left time: 2410.8841s
iters: 280, epoch: 6 | loss_all: 1.3134241 
Con_forecasting_loss = 0.429580
Dis_forecasting_loss = 0.883845
Dis_forecasting_acc = 64.901619
	speed: 0.0303s/iter; left time: 2393.4622s
iters: 290, epoch: 6 | loss_all: 1.4046690 
Con_forecasting_loss = 0.462632
Dis_forecasting_loss = 0.942037
Dis_forecasting_acc = 59.953701
	speed: 0.0301s/iter; left time: 2379.8812s
iters: 300, epoch: 6 | loss_all: 1.3799103 
Con_forecasting_loss = 0.435815
Dis_forecasting_loss = 0.944096
Dis_forecasting_acc = 59.664352
	speed: 0.0278s/iter; left time: 2201.4986s
iters: 310, epoch: 6 | loss_all: 1.3328651 
Con_forecasting_loss = 0.432095
Dis_forecasting_loss = 0.900770
Dis_forecasting_acc = 64.062500
	speed: 0.0275s/iter; left time: 2174.5629s
iters: 320, epoch: 6 | loss_all: 1.3706841 
Con_forecasting_loss = 0.411804
Dis_forecasting_loss = 0.958880
Dis_forecasting_acc = 58.593750
	speed: 0.0283s/iter; left time: 2235.3527s
iters: 330, epoch: 6 | loss_all: 1.3334920 
Con_forecasting_loss = 0.406465
Dis_forecasting_loss = 0.927027
Dis_forecasting_acc = 61.342590
	speed: 0.0279s/iter; left time: 2206.0959s
iters: 340, epoch: 6 | loss_all: 1.3456874 
Con_forecasting_loss = 0.430986
Dis_forecasting_loss = 0.914701
Dis_forecasting_acc = 61.805557
	speed: 0.0279s/iter; left time: 2207.8328s
iters: 350, epoch: 6 | loss_all: 1.3659911 
Con_forecasting_loss = 0.454239
Dis_forecasting_loss = 0.911752
Dis_forecasting_acc = 61.660881
	speed: 0.0281s/iter; left time: 2218.9246s
iters: 360, epoch: 6 | loss_all: 1.3553042 
Con_forecasting_loss = 0.441539
Dis_forecasting_loss = 0.913765
Dis_forecasting_acc = 62.210648
	speed: 0.0277s/iter; left time: 2191.2743s
iters: 370, epoch: 6 | loss_all: 1.3506998 
Con_forecasting_loss = 0.435470
Dis_forecasting_loss = 0.915229
Dis_forecasting_acc = 61.689819
	speed: 0.0277s/iter; left time: 2186.9476s
iters: 380, epoch: 6 | loss_all: 1.3737475 
Con_forecasting_loss = 0.462994
Dis_forecasting_loss = 0.910754
Dis_forecasting_acc = 62.673611
	speed: 0.0277s/iter; left time: 2190.0002s
iters: 390, epoch: 6 | loss_all: 1.3649236 
Con_forecasting_loss = 0.451235
Dis_forecasting_loss = 0.913689
Dis_forecasting_acc = 62.500000
	speed: 0.0331s/iter; left time: 2617.7498s
iters: 400, epoch: 6 | loss_all: 1.3537674 
Con_forecasting_loss = 0.429178
Dis_forecasting_loss = 0.924589
Dis_forecasting_acc = 61.429398
	speed: 0.0400s/iter; left time: 3159.1303s
Epoch: 6 cost time: 11.689215898513794
Epoch: 6, Steps: 407 | Train Loss: 1.35727 Vali Loss: 0.66165 Test Loss: 0.66394 
EarlyStopping counter: 1 out of 3
Updating learning rate to 3.125e-06
iters: 10, epoch: 7 | loss_all: 1.3909907 
Con_forecasting_loss = 0.426723
Dis_forecasting_loss = 0.964267
Dis_forecasting_acc = 57.986111
	speed: 0.2562s/iter; left time: 20223.5248s
iters: 20, epoch: 7 | loss_all: 1.3589617 
Con_forecasting_loss = 0.455610
Dis_forecasting_loss = 0.903352
Dis_forecasting_acc = 63.049770
	speed: 0.0300s/iter; left time: 2369.2706s
iters: 30, epoch: 7 | loss_all: 1.3523464 
Con_forecasting_loss = 0.438197
Dis_forecasting_loss = 0.914149
Dis_forecasting_acc = 62.731480
	speed: 0.0303s/iter; left time: 2389.9245s
iters: 40, epoch: 7 | loss_all: 1.3539021 
Con_forecasting_loss = 0.404004
Dis_forecasting_loss = 0.949898
Dis_forecasting_acc = 59.722221
	speed: 0.0305s/iter; left time: 2409.7677s
iters: 50, epoch: 7 | loss_all: 1.3359895 
Con_forecasting_loss = 0.427590
Dis_forecasting_loss = 0.908399
Dis_forecasting_acc = 62.760418
	speed: 0.0324s/iter; left time: 2556.5453s
iters: 60, epoch: 7 | loss_all: 1.3174770 
Con_forecasting_loss = 0.441202
Dis_forecasting_loss = 0.876275
Dis_forecasting_acc = 65.219910
	speed: 0.0306s/iter; left time: 2410.9779s
iters: 70, epoch: 7 | loss_all: 1.3715402 
Con_forecasting_loss = 0.423346
Dis_forecasting_loss = 0.948194
Dis_forecasting_acc = 59.519680
	speed: 0.0305s/iter; left time: 2404.7307s
iters: 80, epoch: 7 | loss_all: 1.4033194 
Con_forecasting_loss = 0.430726
Dis_forecasting_loss = 0.972594
Dis_forecasting_acc = 57.378471
	speed: 0.0303s/iter; left time: 2387.1072s
iters: 90, epoch: 7 | loss_all: 1.3485653 
Con_forecasting_loss = 0.434105
Dis_forecasting_loss = 0.914460
Dis_forecasting_acc = 62.065971
	speed: 0.0305s/iter; left time: 2401.7179s
iters: 100, epoch: 7 | loss_all: 1.3468676 
Con_forecasting_loss = 0.440673
Dis_forecasting_loss = 0.906195
Dis_forecasting_acc = 62.326389
	speed: 0.0304s/iter; left time: 2396.1772s
iters: 110, epoch: 7 | loss_all: 1.3416934 
Con_forecasting_loss = 0.426561
Dis_forecasting_loss = 0.915133
Dis_forecasting_acc = 61.950230
	speed: 0.0305s/iter; left time: 2408.3202s
iters: 120, epoch: 7 | loss_all: 1.3724974 
Con_forecasting_loss = 0.437469
Dis_forecasting_loss = 0.935028
Dis_forecasting_acc = 60.590279
	speed: 0.0304s/iter; left time: 2397.4454s
iters: 130, epoch: 7 | loss_all: 1.3911719 
Con_forecasting_loss = 0.434805
Dis_forecasting_loss = 0.956366
Dis_forecasting_acc = 59.432869
	speed: 0.0303s/iter; left time: 2384.7126s
iters: 140, epoch: 7 | loss_all: 1.3284895 
Con_forecasting_loss = 0.421043
Dis_forecasting_loss = 0.907446
Dis_forecasting_acc = 62.644680
	speed: 0.0306s/iter; left time: 2412.8968s
iters: 150, epoch: 7 | loss_all: 1.3562614 
Con_forecasting_loss = 0.426060
Dis_forecasting_loss = 0.930202
Dis_forecasting_acc = 60.416668
	speed: 0.0303s/iter; left time: 2389.7783s
iters: 160, epoch: 7 | loss_all: 1.3433433 
Con_forecasting_loss = 0.438350
Dis_forecasting_loss = 0.904994
Dis_forecasting_acc = 63.136570
	speed: 0.0313s/iter; left time: 2466.4723s
iters: 170, epoch: 7 | loss_all: 1.3680110 
Con_forecasting_loss = 0.445690
Dis_forecasting_loss = 0.922321
Dis_forecasting_acc = 61.718750
	speed: 0.0304s/iter; left time: 2395.0421s
iters: 180, epoch: 7 | loss_all: 1.3694797 
Con_forecasting_loss = 0.463384
Dis_forecasting_loss = 0.906096
Dis_forecasting_acc = 62.586807
	speed: 0.0300s/iter; left time: 2364.8778s
iters: 190, epoch: 7 | loss_all: 1.3568997 
Con_forecasting_loss = 0.395140
Dis_forecasting_loss = 0.961760
Dis_forecasting_acc = 58.130791
	speed: 0.0305s/iter; left time: 2403.5537s
iters: 200, epoch: 7 | loss_all: 1.3779659 
Con_forecasting_loss = 0.452888
Dis_forecasting_loss = 0.925078
Dis_forecasting_acc = 61.082180
	speed: 0.0302s/iter; left time: 2380.3323s
iters: 210, epoch: 7 | loss_all: 1.3778956 
Con_forecasting_loss = 0.427621
Dis_forecasting_loss = 0.950274
Dis_forecasting_acc = 59.143520
	speed: 0.0287s/iter; left time: 2257.0805s
iters: 220, epoch: 7 | loss_all: 1.3422666 
Con_forecasting_loss = 0.439351
Dis_forecasting_loss = 0.902916
Dis_forecasting_acc = 62.991898
	speed: 0.0310s/iter; left time: 2440.9611s
iters: 230, epoch: 7 | loss_all: 1.3487835 
Con_forecasting_loss = 0.417166
Dis_forecasting_loss = 0.931617
Dis_forecasting_acc = 61.024307
	speed: 0.0306s/iter; left time: 2412.1613s
iters: 240, epoch: 7 | loss_all: 1.3475516 
Con_forecasting_loss = 0.400439
Dis_forecasting_loss = 0.947113
Dis_forecasting_acc = 59.924770
	speed: 0.0303s/iter; left time: 2383.8811s
iters: 250, epoch: 7 | loss_all: 1.3630826 
Con_forecasting_loss = 0.442450
Dis_forecasting_loss = 0.920632
Dis_forecasting_acc = 61.660881
	speed: 0.0304s/iter; left time: 2389.0147s
iters: 260, epoch: 7 | loss_all: 1.3445584 
Con_forecasting_loss = 0.410310
Dis_forecasting_loss = 0.934248
Dis_forecasting_acc = 60.474541
	speed: 0.0418s/iter; left time: 3288.4266s
iters: 270, epoch: 7 | loss_all: 1.4243325 
Con_forecasting_loss = 0.437386
Dis_forecasting_loss = 0.986947
Dis_forecasting_acc = 56.163197
	speed: 0.0466s/iter; left time: 3670.7015s
iters: 280, epoch: 7 | loss_all: 1.3999559 
Con_forecasting_loss = 0.454595
Dis_forecasting_loss = 0.945360
Dis_forecasting_acc = 59.577549
	speed: 0.0348s/iter; left time: 2736.4839s
iters: 290, epoch: 7 | loss_all: 1.3532406 
Con_forecasting_loss = 0.433904
Dis_forecasting_loss = 0.919336
Dis_forecasting_acc = 61.747688
	speed: 0.0315s/iter; left time: 2478.0008s
iters: 300, epoch: 7 | loss_all: 1.3607781 
Con_forecasting_loss = 0.443185
Dis_forecasting_loss = 0.917593
Dis_forecasting_acc = 62.239582
	speed: 0.0347s/iter; left time: 2726.7321s
iters: 310, epoch: 7 | loss_all: 1.3424001 
Con_forecasting_loss = 0.435862
Dis_forecasting_loss = 0.906538
Dis_forecasting_acc = 62.905090
	speed: 0.0465s/iter; left time: 3657.4553s
iters: 320, epoch: 7 | loss_all: 1.3028206 
Con_forecasting_loss = 0.425298
Dis_forecasting_loss = 0.877523
Dis_forecasting_acc = 64.959488
	speed: 0.0320s/iter; left time: 2514.9457s
iters: 330, epoch: 7 | loss_all: 1.3553989 
Con_forecasting_loss = 0.432621
Dis_forecasting_loss = 0.922778
Dis_forecasting_acc = 61.313660
	speed: 0.0305s/iter; left time: 2400.3278s
iters: 340, epoch: 7 | loss_all: 1.3324912 
Con_forecasting_loss = 0.443930
Dis_forecasting_loss = 0.888561
Dis_forecasting_acc = 64.467590
	speed: 0.0303s/iter; left time: 2384.7816s
iters: 350, epoch: 7 | loss_all: 1.3714554 
Con_forecasting_loss = 0.442885
Dis_forecasting_loss = 0.928570
Dis_forecasting_acc = 61.342590
	speed: 0.0328s/iter; left time: 2579.6333s
iters: 360, epoch: 7 | loss_all: 1.3808510 
Con_forecasting_loss = 0.449638
Dis_forecasting_loss = 0.931213
Dis_forecasting_acc = 60.648148
	speed: 0.0257s/iter; left time: 2020.7605s
iters: 370, epoch: 7 | loss_all: 1.3560324 
Con_forecasting_loss = 0.426756
Dis_forecasting_loss = 0.929276
Dis_forecasting_acc = 61.111111
	speed: 0.0258s/iter; left time: 2031.2454s
iters: 380, epoch: 7 | loss_all: 1.3664023 
Con_forecasting_loss = 0.472577
Dis_forecasting_loss = 0.893826
Dis_forecasting_acc = 64.351852
	speed: 0.0273s/iter; left time: 2144.9913s
iters: 390, epoch: 7 | loss_all: 1.3923330 
Con_forecasting_loss = 0.423642
Dis_forecasting_loss = 0.968691
Dis_forecasting_acc = 57.870369
	speed: 0.0261s/iter; left time: 2053.5238s
iters: 400, epoch: 7 | loss_all: 1.3356359 
Con_forecasting_loss = 0.406711
Dis_forecasting_loss = 0.928925
Dis_forecasting_acc = 60.908569
	speed: 0.0258s/iter; left time: 2027.3870s
Epoch: 7 cost time: 12.942980289459229
Epoch: 7, Steps: 407 | Train Loss: 1.35610 Vali Loss: 0.66123 Test Loss: 0.66409 
EarlyStopping counter: 2 out of 3
Updating learning rate to 1.5625e-06
iters: 10, epoch: 8 | loss_all: 1.3538249 
Con_forecasting_loss = 0.441236
Dis_forecasting_loss = 0.912589
Dis_forecasting_acc = 61.979168
	speed: 0.2710s/iter; left time: 21282.4648s
iters: 20, epoch: 8 | loss_all: 1.3589468 
Con_forecasting_loss = 0.428913
Dis_forecasting_loss = 0.930034
Dis_forecasting_acc = 61.197918
	speed: 0.0451s/iter; left time: 3540.4093s
iters: 30, epoch: 8 | loss_all: 1.3877177 
Con_forecasting_loss = 0.421472
Dis_forecasting_loss = 0.966246
Dis_forecasting_acc = 57.870369
	speed: 0.0457s/iter; left time: 3591.8721s
iters: 40, epoch: 8 | loss_all: 1.3725461 
Con_forecasting_loss = 0.442400
Dis_forecasting_loss = 0.930146
Dis_forecasting_acc = 61.082180
	speed: 0.0457s/iter; left time: 3587.2517s
iters: 50, epoch: 8 | loss_all: 1.3275652 
Con_forecasting_loss = 0.448475
Dis_forecasting_loss = 0.879090
Dis_forecasting_acc = 65.162041
	speed: 0.0456s/iter; left time: 3580.8504s
iters: 60, epoch: 8 | loss_all: 1.3793060 
Con_forecasting_loss = 0.434088
Dis_forecasting_loss = 0.945218
Dis_forecasting_acc = 59.317131
	speed: 0.0464s/iter; left time: 3645.4664s
iters: 70, epoch: 8 | loss_all: 1.3443389 
Con_forecasting_loss = 0.453908
Dis_forecasting_loss = 0.890431
Dis_forecasting_acc = 64.236107
	speed: 0.0430s/iter; left time: 3373.1716s
iters: 80, epoch: 8 | loss_all: 1.3342324 
Con_forecasting_loss = 0.433703
Dis_forecasting_loss = 0.900529
Dis_forecasting_acc = 63.396992
	speed: 0.0440s/iter; left time: 3450.9611s
iters: 90, epoch: 8 | loss_all: 1.3129201 
Con_forecasting_loss = 0.425448
Dis_forecasting_loss = 0.887473
Dis_forecasting_acc = 64.467590
	speed: 0.0435s/iter; left time: 3415.9718s
iters: 100, epoch: 8 | loss_all: 1.3409024 
Con_forecasting_loss = 0.442122
Dis_forecasting_loss = 0.898780
Dis_forecasting_acc = 63.339119
	speed: 0.0456s/iter; left time: 3581.1603s
iters: 110, epoch: 8 | loss_all: 1.3951603 
Con_forecasting_loss = 0.436032
Dis_forecasting_loss = 0.959128
Dis_forecasting_acc = 58.593750
	speed: 0.0465s/iter; left time: 3650.4250s
iters: 120, epoch: 8 | loss_all: 1.3164943 
Con_forecasting_loss = 0.423813
Dis_forecasting_loss = 0.892682
Dis_forecasting_acc = 64.062500
	speed: 0.0454s/iter; left time: 3561.2036s
iters: 130, epoch: 8 | loss_all: 1.3604895 
Con_forecasting_loss = 0.448682
Dis_forecasting_loss = 0.911808
Dis_forecasting_acc = 62.181709
	speed: 0.0432s/iter; left time: 3389.3686s
iters: 140, epoch: 8 | loss_all: 1.3183458 
Con_forecasting_loss = 0.425950
Dis_forecasting_loss = 0.892396
Dis_forecasting_acc = 64.062500
	speed: 0.0397s/iter; left time: 3113.6412s
iters: 150, epoch: 8 | loss_all: 1.3741286 
Con_forecasting_loss = 0.463482
Dis_forecasting_loss = 0.910646
Dis_forecasting_acc = 62.557869
	speed: 0.0310s/iter; left time: 2426.6259s
iters: 160, epoch: 8 | loss_all: 1.3654697 
Con_forecasting_loss = 0.460178
Dis_forecasting_loss = 0.905292
Dis_forecasting_acc = 63.194447
	speed: 0.0305s/iter; left time: 2387.4035s
iters: 170, epoch: 8 | loss_all: 1.3401518 
Con_forecasting_loss = 0.409853
Dis_forecasting_loss = 0.930299
Dis_forecasting_acc = 60.966438
	speed: 0.0302s/iter; left time: 2370.7024s
iters: 180, epoch: 8 | loss_all: 1.3780289 
Con_forecasting_loss = 0.445773
Dis_forecasting_loss = 0.932256
Dis_forecasting_acc = 60.300930
	speed: 0.0305s/iter; left time: 2388.7433s
iters: 190, epoch: 8 | loss_all: 1.3653255 
Con_forecasting_loss = 0.423757
Dis_forecasting_loss = 0.941569
Dis_forecasting_acc = 60.127319
	speed: 0.0286s/iter; left time: 2244.1220s
iters: 200, epoch: 8 | loss_all: 1.3280574 
Con_forecasting_loss = 0.397476
Dis_forecasting_loss = 0.930582
Dis_forecasting_acc = 60.387730
	speed: 0.0285s/iter; left time: 2230.3445s
iters: 210, epoch: 8 | loss_all: 1.3783237 
Con_forecasting_loss = 0.451465
Dis_forecasting_loss = 0.926859
Dis_forecasting_acc = 61.718750
	speed: 0.0283s/iter; left time: 2216.4360s
iters: 220, epoch: 8 | loss_all: 1.4056705 
Con_forecasting_loss = 0.436795
Dis_forecasting_loss = 0.968876
Dis_forecasting_acc = 57.262730
	speed: 0.0284s/iter; left time: 2226.8020s
iters: 230, epoch: 8 | loss_all: 1.3313724 
Con_forecasting_loss = 0.437283
Dis_forecasting_loss = 0.894089
Dis_forecasting_acc = 63.802082
	speed: 0.0290s/iter; left time: 2270.8429s
iters: 240, epoch: 8 | loss_all: 1.3138375 
Con_forecasting_loss = 0.409296
Dis_forecasting_loss = 0.904541
Dis_forecasting_acc = 63.223381
	speed: 0.0317s/iter; left time: 2481.3358s
iters: 250, epoch: 8 | loss_all: 1.3103051 
Con_forecasting_loss = 0.446087
Dis_forecasting_loss = 0.864218
Dis_forecasting_acc = 66.695602
	speed: 0.0330s/iter; left time: 2585.2069s
iters: 260, epoch: 8 | loss_all: 1.3513525 
Con_forecasting_loss = 0.422870
Dis_forecasting_loss = 0.928483
Dis_forecasting_acc = 61.024307
	speed: 0.0319s/iter; left time: 2496.0813s
iters: 270, epoch: 8 | loss_all: 1.4107391 
Con_forecasting_loss = 0.440317
Dis_forecasting_loss = 0.970422
Dis_forecasting_acc = 57.928242
	speed: 0.0325s/iter; left time: 2546.4704s
iters: 280, epoch: 8 | loss_all: 1.3895987 
Con_forecasting_loss = 0.440197
Dis_forecasting_loss = 0.949402
Dis_forecasting_acc = 59.403938
	speed: 0.0337s/iter; left time: 2634.4121s
iters: 290, epoch: 8 | loss_all: 1.3407927 
Con_forecasting_loss = 0.438677
Dis_forecasting_loss = 0.902115
Dis_forecasting_acc = 63.686340
	speed: 0.0321s/iter; left time: 2509.3524s
iters: 300, epoch: 8 | loss_all: 1.3528914 
Con_forecasting_loss = 0.466206
Dis_forecasting_loss = 0.886686
Dis_forecasting_acc = 64.207176
	speed: 0.0323s/iter; left time: 2527.0822s
iters: 310, epoch: 8 | loss_all: 1.4020765 
Con_forecasting_loss = 0.440893
Dis_forecasting_loss = 0.961184
Dis_forecasting_acc = 58.362270
	speed: 0.0315s/iter; left time: 2463.3587s
iters: 320, epoch: 8 | loss_all: 1.3426460 
Con_forecasting_loss = 0.425764
Dis_forecasting_loss = 0.916882
Dis_forecasting_acc = 62.152779
	speed: 0.0312s/iter; left time: 2439.6151s
iters: 330, epoch: 8 | loss_all: 1.3556715 
Con_forecasting_loss = 0.451690
Dis_forecasting_loss = 0.903982
Dis_forecasting_acc = 63.310188
	speed: 0.0325s/iter; left time: 2540.4120s
iters: 340, epoch: 8 | loss_all: 1.3013628 
Con_forecasting_loss = 0.416176
Dis_forecasting_loss = 0.885186
Dis_forecasting_acc = 65.017357
	speed: 0.0325s/iter; left time: 2542.7481s
iters: 350, epoch: 8 | loss_all: 1.3715397 
Con_forecasting_loss = 0.424771
Dis_forecasting_loss = 0.946769
Dis_forecasting_acc = 59.403938
	speed: 0.0351s/iter; left time: 2743.0971s
iters: 360, epoch: 8 | loss_all: 1.3507271 
Con_forecasting_loss = 0.447518
Dis_forecasting_loss = 0.903209
Dis_forecasting_acc = 62.355320
	speed: 0.0357s/iter; left time: 2793.0175s
iters: 370, epoch: 8 | loss_all: 1.3142446 
Con_forecasting_loss = 0.403701
Dis_forecasting_loss = 0.910544
Dis_forecasting_acc = 63.194447
	speed: 0.0438s/iter; left time: 3422.1923s
iters: 380, epoch: 8 | loss_all: 1.2752903 
Con_forecasting_loss = 0.384929
Dis_forecasting_loss = 0.890361
Dis_forecasting_acc = 64.236107
	speed: 0.0424s/iter; left time: 3314.6477s
iters: 390, epoch: 8 | loss_all: 1.3173877 
Con_forecasting_loss = 0.388011
Dis_forecasting_loss = 0.929377
Dis_forecasting_acc = 60.329861
	speed: 0.0437s/iter; left time: 3416.7661s
iters: 400, epoch: 8 | loss_all: 1.4015049 
Con_forecasting_loss = 0.451315
Dis_forecasting_loss = 0.950190
Dis_forecasting_acc = 59.085648
	speed: 0.0482s/iter; left time: 3763.0423s
Epoch: 8 cost time: 15.354042530059814
Epoch: 8, Steps: 407 | Train Loss: 1.35493 Vali Loss: 0.66115 Test Loss: 0.66450 
EarlyStopping counter: 3 out of 3
Early stopping
>>>>>>>testing : 1/MNormalRamp_NSW1_30min_48_3_PatchTST_3dConv_self_Pcgrad_NSW1_30min_ftM_sl48_ll12_pl3_dm256_nh8_el2_dl1_df512_expand2_dc4_fc3_ebtimeF_dtTrue_Exp_0<<<<<<<<<<<<<<<<<<<<<<<<<<<<<<<<<
Number of train samples:  52114 14889 7446
test 14887
test con shape: (14887, 9, 3) (14887, 9, 3)
mse:977.6452026367188, mae:26.492450714111328
mae:26.492450714111328, mse:977.6452026367188, rmse:31.267318725585938, mape:inf, mspe:inf
accuracy:0.6393149379647667, precision:0.4087235899048935, recall:0.6393149379647667, f1:0.4986516994865303
(14887, 9, 3) (14887, 9, 3) (14887, 9, 3, 3) (14887, 9, 3)
  F
